 RobotAnnihilation

 Timestamp is 5cb785ea (Wed Apr 17 16:00:42 2019)

 Preferred load address is 0000000140000000

 Start         Length     Name                   Class
 0001:00000000 000006f0H .text$di                CODE
 0001:000006f0 0002e090H .text$mn                CODE
 0001:0002e780 00000020H .text$mn$00             CODE
 0001:0002e7a0 00001780H .text$x                 CODE
 0001:0002ff20 000000fcH .text$yd                CODE
 0002:00000000 00000618H .idata$5                DATA
 0002:00000618 00000010H .00cfg                  DATA
 0002:00000628 00000008H .CRT$XCA                DATA
 0002:00000630 00000008H .CRT$XCAA               DATA
 0002:00000638 00000008H .CRT$XCL                DATA
 0002:00000640 00000030H .CRT$XCU                DATA
 0002:00000670 00000008H .CRT$XCZ                DATA
 0002:00000678 00000008H .CRT$XIA                DATA
 0002:00000680 00000008H .CRT$XIAA               DATA
 0002:00000688 00000008H .CRT$XIAC               DATA
 0002:00000690 00000008H .CRT$XIC                DATA
 0002:00000698 00000008H .CRT$XIZ                DATA
 0002:000006a0 00000008H .CRT$XLA                DATA
 0002:000006a8 00000008H .CRT$XLZ                DATA
 0002:000006b0 00000008H .CRT$XPA                DATA
 0002:000006b8 00000008H .CRT$XPZ                DATA
 0002:000006c0 00000008H .CRT$XTA                DATA
 0002:000006c8 00000008H .CRT$XTZ                DATA
 0002:000006d0 00000000H .gfids$y                DATA
 0002:000006d0 000044b0H .rdata                  DATA
 0002:00004b80 00000030H .rdata$T                DATA
 0002:00004bb0 00001bf0H .rdata$r                DATA
 0002:000067a0 00000000H .rdata$zETW0            DATA
 0002:000067a0 00000000H .rdata$zETW9            DATA
 0002:000067a0 00000438H .rdata$zzzdbg           DATA
 0002:00006bd8 00000008H .rtc$IAA                DATA
 0002:00006be0 00000008H .rtc$IZZ                DATA
 0002:00006be8 00000008H .rtc$TAA                DATA
 0002:00006bf0 00000008H .rtc$TZZ                DATA
 0002:00006bf8 00000004H .tls                    DATA
 0002:00006bfc 00000004H .tls$                   DATA
 0002:00006c00 00000010H .tls$ZZZ                DATA
 0002:00006c10 00004d48H .xdata                  DATA
 0002:0000b958 00000270H .xdata$x                DATA
 0002:0000bbc8 00000000H minATL$__a              DATA
 0002:0000bbc8 00000000H minATL$__m              DATA
 0002:0000bbc8 00000000H minATL$__z              DATA
 0002:0000bbc8 00000000H .edata                  DATA
 0002:0000bbc8 000001ccH .idata$2                DATA
 0002:0000bd94 00000014H .idata$3                DATA
 0002:0000bda8 00000618H .idata$4                DATA
 0002:0000c3c0 0000136eH .idata$6                DATA
 0003:00000000 000002e0H .data                   DATA
 0003:000002e0 00001460H .data$r                 DATA
 0003:00001740 00000df0H .bss                    DATA
 0004:00000000 00001d7cH .pdata                  DATA
 0005:00000000 000004b0H .rsrc$01                DATA
 0005:000004b0 00010ca0H .rsrc$02                DATA

  Address         Publics by Value              Rva+Base               Lib:Object

 0000:00000000       __hybrid_code_map_count    0000000000000000     <absolute>
 0000:00000000       __hybrid_code_map          0000000000000000     <absolute>
 0000:00000000       __guard_iat_count          0000000000000000     <absolute>
 0000:00000000       __guard_longjmp_count      0000000000000000     <absolute>
 0000:00000000       __guard_longjmp_table      0000000000000000     <absolute>
 0000:00000000       __volatile_metadata        0000000000000000     <absolute>
 0000:00000000       __guard_iat_table          0000000000000000     <absolute>
 0000:00000000       __guard_fids_count         0000000000000000     <absolute>
 0000:00000000       ___safe_se_handler_count   0000000000000000     <absolute>
 0000:00000000       __enclave_config           0000000000000000     <absolute>
 0000:00000000       ___safe_se_handler_table   0000000000000000     <absolute>
 0000:00000000       __guard_fids_table         0000000000000000     <absolute>
 0000:00000000       __hybrid_auxiliary_iat     0000000000000000     <absolute>
 0000:00000000       __dynamic_value_reloc_table 0000000000000000     <absolute>
 0000:00000100       __guard_flags              0000000000000100     <absolute>
 0000:00000000       __ImageBase                0000000140000000     <linker-defined>
 0001:000006f0       ??0exception@std@@QEAA@AEBV01@@Z 00000001400016f0 f i Animation.obj
 0001:00000730       ??1exception@std@@UEAA@XZ  0000000140001730 f i Animation.obj
 0001:00000730       ??1bad_cast@std@@UEAA@XZ   0000000140001730 f i Animation.obj
 0001:00000750       ?what@exception@std@@UEBAPEBDXZ 0000000140001750 f i Animation.obj
 0001:00000770       ??_Gexception@std@@UEAAPEAXI@Z 0000000140001770 f i Animation.obj
 0001:00000770       ??_Gbad_cast@std@@UEAAPEAXI@Z 0000000140001770 f i Animation.obj
 0001:00000770       ??_Eexception@std@@UEAAPEAXI@Z 0000000140001770 f i * CIL library *:* CIL module *
 0001:00000770       ??_Ebad_cast@std@@UEAAPEAXI@Z 0000000140001770 f i * CIL library *:* CIL module *
 0001:000007c0       ??0bad_cast@std@@QEAA@XZ   00000001400017c0 f i Animation.obj
 0001:000007f0       ??1locale@std@@QEAA@XZ     00000001400017f0 f i Animation.obj
 0001:00000830       ?XMVectorSin@DirectX@@YQ?AT__m128@@T2@@Z 0000000140001830 f i Animation.obj
 0001:00000910       ?XMVectorATan@DirectX@@YQ?AT__m128@@T2@@Z 0000000140001910 f i Animation.obj
 0001:00000a30       ?XMVectorATan2@DirectX@@YQ?AT__m128@@T2@0@Z 0000000140001a30 f i Animation.obj
 0001:00000bd0       ?XMMatrixMultiply@DirectX@@YQ?AUXMMATRIX@1@U21@AEBU21@@Z 0000000140001bd0 f i Animation.obj
 0001:00000d20       ?XMMatrixInverse@DirectX@@YQ?AUXMMATRIX@1@PEAT__m128@@U21@@Z 0000000140001d20 f i Animation.obj
 0001:00001020       ?XMQuaternionSlerpV@DirectX@@YQ?AT__m128@@T2@00@Z 0000000140002020 f i Animation.obj
 0001:00001140       ?XMQuaternionRotationMatrix@DirectX@@YQ?AT__m128@@UXMMATRIX@1@@Z 0000000140002140 f i Animation.obj
 0001:000012c0       ??1anim_clip@@QEAA@XZ      00000001400022c0 f i Animation.obj
 0001:00001380       ?RecursiveJointCalc@Animation@@QEAA?AV?$array@Ufloat4@@$03@std@@IAEAV?$vector@V?$array@Ufloat4@@$03@std@@V?$allocator@V?$array@Ufloat4@@$03@std@@@2@@3@AEAV?$vector@HV?$allocator@H@std@@@3@@Z 0000000140002380 f   Animation.obj
 0001:00001550       ?Flatten@Animation@@QEAA?AV?$vector@V?$array@Ufloat4@@$03@std@@V?$allocator@V?$array@Ufloat4@@$03@std@@@2@@std@@V23@V?$vector@HV?$allocator@H@std@@@3@@Z 0000000140002550 f   Animation.obj
 0001:00001700       ??0Animation@@QEAA@PEBDPEAUID3D11Device@@@Z 0000000140002700 f   Animation.obj
 0001:00001940       ?ReadAnimFile@Animation@@QEAAXPEBDPEAUID3D11Device@@@Z 0000000140002940 f   Animation.obj
 0001:00002280       ??_D?$basic_fstream@DU?$char_traits@D@std@@@std@@QEAAXXZ 0000000140003280 f i Animation.obj
 0001:000022f0       ?LerpJoints@Animation@@QEAA?AV?$vector@V?$array@Ufloat4@@$03@std@@V?$allocator@V?$array@Ufloat4@@$03@std@@@2@@std@@V23@0M@Z 00000001400032f0 f   Animation.obj
 0001:00002920       ?SetJoints@Animation@@QEAAXM@Z 0000000140003920 f   Animation.obj
 0001:00002f50       ?SetFrameTime@Animation@@QEAAXM@Z 0000000140003f50 f   Animation.obj
 0001:00002f90       ??1?$vector@HV?$allocator@H@std@@@std@@QEAA@XZ 0000000140003f90 f i Animation.obj
 0001:00002f90       ??1?$vector@IV?$allocator@I@std@@@std@@QEAA@XZ 0000000140003f90 f i graphicsclass.obj
 0001:00002ff0       ??0?$vector@HV?$allocator@H@std@@@std@@QEAA@AEBV01@@Z 0000000140003ff0 f i Animation.obj
 0001:00002ff0       ??0?$vector@IV?$allocator@I@std@@@std@@QEAA@AEBV01@@Z 0000000140003ff0 f i Model.obj
 0001:000030e0       ??1?$vector@Ukeyframe@@V?$allocator@Ukeyframe@@@std@@@std@@QEAA@XZ 00000001400040e0 f i Animation.obj
 0001:000030f0       ??1?$vector@V?$array@Ufloat4@@$03@std@@V?$allocator@V?$array@Ufloat4@@$03@std@@@2@@std@@QEAA@XZ 00000001400040f0 f i Animation.obj
 0001:000030f0       ?_Tidy@?$vector@V?$array@Ufloat4@@$03@std@@V?$allocator@V?$array@Ufloat4@@$03@std@@@2@@std@@AEAAXXZ 00000001400040f0 f i Animation.obj
 0001:00003150       ??0?$vector@V?$array@Ufloat4@@$03@std@@V?$allocator@V?$array@Ufloat4@@$03@std@@@2@@std@@QEAA@AEBV01@@Z 0000000140004150 f i Animation.obj
 0001:000031c0       ?_Tidy_deallocate@?$basic_string@DU?$char_traits@D@std@@V?$allocator@D@2@@std@@QEAAXXZ 00000001400041c0 f i Animation.obj
 0001:000031c0       ??1?$basic_string@DU?$char_traits@D@std@@V?$allocator@D@2@@std@@QEAA@XZ 00000001400041c0 f i Animation.obj
 0001:00003220       ??0?$basic_fstream@DU?$char_traits@D@std@@@std@@QEAA@PEBDHH@Z 0000000140004220 f i Animation.obj
 0001:00003320       ?imbue@?$basic_filebuf@DU?$char_traits@D@std@@@std@@MEAAXAEBVlocale@2@@Z 0000000140004320 f i Animation.obj
 0001:00003370       ?sync@?$basic_filebuf@DU?$char_traits@D@std@@@std@@MEAAHXZ 0000000140004370 f i Animation.obj
 0001:000033c0       ?setbuf@?$basic_filebuf@DU?$char_traits@D@std@@@std@@MEAAPEAV?$basic_streambuf@DU?$char_traits@D@std@@@2@PEAD_J@Z 00000001400043c0 f i Animation.obj
 0001:00003420       ?seekpos@?$basic_filebuf@DU?$char_traits@D@std@@@std@@MEAA?AV?$fpos@U_Mbstatet@@@2@V32@H@Z 0000000140004420 f i Animation.obj
 0001:00003500       ?seekoff@?$basic_filebuf@DU?$char_traits@D@std@@@std@@MEAA?AV?$fpos@U_Mbstatet@@@2@_JHH@Z 0000000140004500 f i Animation.obj
 0001:000035e0       ?xsputn@?$basic_filebuf@DU?$char_traits@D@std@@@std@@MEAA_JPEBD_J@Z 00000001400045e0 f i Animation.obj
 0001:000036c0       ?xsgetn@?$basic_filebuf@DU?$char_traits@D@std@@@std@@MEAA_JPEAD_J@Z 00000001400046c0 f i Animation.obj
 0001:000037b0       ?uflow@?$basic_filebuf@DU?$char_traits@D@std@@@std@@MEAAHXZ 00000001400047b0 f i Animation.obj
 0001:00003a90       ?underflow@?$basic_filebuf@DU?$char_traits@D@std@@@std@@MEAAHXZ 0000000140004a90 f i Animation.obj
 0001:00003b00       ?pbackfail@?$basic_filebuf@DU?$char_traits@D@std@@@std@@MEAAHH@Z 0000000140004b00 f i Animation.obj
 0001:00003c00       ?overflow@?$basic_filebuf@DU?$char_traits@D@std@@@std@@MEAAHH@Z 0000000140004c00 f i Animation.obj
 0001:00003da0       ?_Unlock@?$basic_filebuf@DU?$char_traits@D@std@@@std@@UEAAXXZ 0000000140004da0 f i Animation.obj
 0001:00003dc0       ?_Lock@?$basic_filebuf@DU?$char_traits@D@std@@@std@@UEAAXXZ 0000000140004dc0 f i Animation.obj
 0001:00003de0       ??1?$basic_filebuf@DU?$char_traits@D@std@@@std@@UEAA@XZ 0000000140004de0 f i Animation.obj
 0001:00003e60       ??_E?$basic_fstream@DU?$char_traits@D@std@@@std@@UEAAPEAXI@Z 0000000140004e60 f i * CIL library *:* CIL module *
 0001:00003e60       ??_G?$basic_fstream@DU?$char_traits@D@std@@@std@@UEAAPEAXI@Z 0000000140004e60 f i Animation.obj
 0001:00003ea0       ??_G?$basic_filebuf@DU?$char_traits@D@std@@@std@@UEAAPEAXI@Z 0000000140004ea0 f i Animation.obj
 0001:00003ea0       ??_E?$basic_filebuf@DU?$char_traits@D@std@@@std@@UEAAPEAXI@Z 0000000140004ea0 f i * CIL library *:* CIL module *
 0001:00003ee0       ?_Tidy@?$vector@Ukeyframe@@V?$allocator@Ukeyframe@@@std@@@std@@AEAAXXZ 0000000140004ee0 f i Animation.obj
 0001:00003f50       ?_Buy@?$vector@V?$array@Ufloat4@@$03@std@@V?$allocator@V?$array@Ufloat4@@$03@std@@@2@@std@@AEAA_N_K@Z 0000000140004f50 f i Animation.obj
 0001:00004000       ?_Reset_back@?$basic_filebuf@DU?$char_traits@D@std@@@std@@AEAAXXZ 0000000140005000 f i Animation.obj
 0001:00004030       ?_Endwrite@?$basic_filebuf@DU?$char_traits@D@std@@@std@@IEAA_NXZ 0000000140005030 f i Animation.obj
 0001:00004100       ?_Init@?$basic_filebuf@DU?$char_traits@D@std@@@std@@IEAAXPEAU_iobuf@@W4_Initfl@12@@Z 0000000140005100 f i Animation.obj
 0001:000041c0       ?close@?$basic_filebuf@DU?$char_traits@D@std@@@std@@QEAAPEAV12@XZ 00000001400051c0 f i Animation.obj
 0001:00004240       ?open@?$basic_filebuf@DU?$char_traits@D@std@@@std@@QEAAPEAV12@PEBDHH@Z 0000000140005240 f i Animation.obj
 0001:00004320       ?_Xlength@?$vector@PEAVSound@@V?$allocator@PEAVSound@@@std@@@std@@CAXXZ 0000000140005320 f i EnemyManager.obj
 0001:00004320       ?_Xlength@?$vector@Umaterial_t@@V?$allocator@Umaterial_t@@@std@@@std@@CAXXZ 0000000140005320 f i Model.obj
 0001:00004320       ?_Xlength@?$vector@IV?$allocator@I@std@@@std@@CAXXZ 0000000140005320 f i Model.obj
 0001:00004320       ?_Xlength@?$vector@PEAVUIElement@@V?$allocator@PEAVUIElement@@@std@@@std@@CAXXZ 0000000140005320 f i UIManager.obj
 0001:00004320       ?_Xlength@?$vector@PEAVPickup@@V?$allocator@PEAVPickup@@@std@@@std@@CAXXZ 0000000140005320 f i GameManager.obj
 0001:00004320       ?_Xlength@?$vector@PEAVAnimation@@V?$allocator@PEAVAnimation@@@std@@@std@@CAXXZ 0000000140005320 f i GameObject.obj
 0001:00004320       ?_Xlength@?$vector@PEAVGun@@V?$allocator@PEAVGun@@@std@@@std@@CAXXZ 0000000140005320 f i GameManager.obj
 0001:00004320       ?_Xlength@?$vector@V?$array@D$0BAE@@std@@V?$allocator@V?$array@D$0BAE@@std@@@2@@std@@CAXXZ 0000000140005320 f i Model.obj
 0001:00004320       ?_Xlength@?$vector@Ukeyframe@@V?$allocator@Ukeyframe@@@std@@@std@@CAXXZ 0000000140005320 f i Animation.obj
 0001:00004320       ?_Xlength@?$vector@PEAVEnemy@@V?$allocator@PEAVEnemy@@@std@@@std@@CAXXZ 0000000140005320 f i EnemyManager.obj
 0001:00004320       ?_Xlength@?$vector@PEAVGameObject@@V?$allocator@PEAVGameObject@@@std@@@std@@CAXXZ 0000000140005320 f i EnemyManager.obj
 0001:00004320       ?_Xlength@?$vector@PEAVBullet@@V?$allocator@PEAVBullet@@@std@@@std@@CAXXZ 0000000140005320 f i GameManager.obj
 0001:00004320       ?_Xlength@?$vector@V?$array@Ufloat4@@$03@std@@V?$allocator@V?$array@Ufloat4@@$03@std@@@2@@std@@CAXXZ 0000000140005320 f i Animation.obj
 0001:00004320       ?_Xlength@?$vector@USphere@@V?$allocator@USphere@@@std@@@std@@CAXXZ 0000000140005320 f i GameObject.obj
 0001:00004320       ?_Xlength@?$vector@UVertex@@V?$allocator@UVertex@@@std@@@std@@CAXXZ 0000000140005320 f i Model.obj
 0001:00004320       ?_Xlength@?$vector@HV?$allocator@H@std@@@std@@CAXXZ 0000000140005320 f i Animation.obj
 0001:00004340       ??$_Emplace_reallocate@H@?$vector@HV?$allocator@H@std@@@std@@QEAAPEAHQEAH$$QEAH@Z 0000000140005340 f i GameObject.obj
 0001:00004340       ??$_Emplace_reallocate@AEBH@?$vector@HV?$allocator@H@std@@@std@@QEAAPEAHQEAHAEBH@Z 0000000140005340 f i Animation.obj
 0001:000044e0       ??$_Resize@V<lambda_753cb66179afa6340adadd7109f91d2f>@@@?$vector@Ukeyframe@@V?$allocator@Ukeyframe@@@std@@@std@@AEAAX_KV<lambda_753cb66179afa6340adadd7109f91d2f>@@@Z 00000001400054e0 f i Animation.obj
 0001:00004770       ??$_Resize@V<lambda_3bf83ccb702bae8a49d568d66998a612>@@@?$vector@V?$array@Ufloat4@@$03@std@@V?$allocator@V?$array@Ufloat4@@$03@std@@@2@@std@@AEAAX_KV<lambda_3bf83ccb702bae8a49d568d66998a612>@@@Z 0000000140005770 f i Animation.obj
 0001:000048f0       ??$_Emplace_reallocate@V?$array@Ufloat4@@$03@std@@@?$vector@V?$array@Ufloat4@@$03@std@@V?$allocator@V?$array@Ufloat4@@$03@std@@@2@@std@@QEAAPEAV?$array@Ufloat4@@$03@1@QEAV21@$$QEAV21@@Z 00000001400058f0 f i Animation.obj
 0001:000048f0       ??$_Emplace_reallocate@AEBV?$array@Ufloat4@@$03@std@@@?$vector@V?$array@Ufloat4@@$03@std@@V?$allocator@V?$array@Ufloat4@@$03@std@@@2@@std@@QEAAPEAV?$array@Ufloat4@@$03@1@QEAV21@AEBV21@@Z 00000001400058f0 f i Animation.obj
 0001:00004a70       ??$use_facet@V?$codecvt@DDU_Mbstatet@@@std@@@std@@YAAEBV?$codecvt@DDU_Mbstatet@@@0@AEBVlocale@0@@Z 0000000140005a70 f i Animation.obj
 0001:00004b90       ??$_Reallocate_grow_by@V<lambda_319d5e083f45f90dcdce5dce53cbb275>@@D@?$basic_string@DU?$char_traits@D@std@@V?$allocator@D@2@@std@@QEAAAEAV01@_KV<lambda_319d5e083f45f90dcdce5dce53cbb275>@@D@Z 0000000140005b90 f i Animation.obj
 0001:00004cf0       ??$_Destroy_range@V?$allocator@Ukeyframe@@@std@@@std@@YAXPEAUkeyframe@@0AEAV?$allocator@Ukeyframe@@@0@@Z 0000000140005cf0 f i Animation.obj
 0001:00004d80       ??0bad_cast@std@@QEAA@AEBV01@@Z 0000000140005d80 f i Animation.obj
 0001:00004dc0       ??1?$unique_ptr@V_Facet_base@std@@U?$default_delete@V_Facet_base@std@@@2@@std@@QEAA@XZ 0000000140005dc0 f i Animation.obj
 0001:00004df0       ?_Change_array@?$vector@V?$array@Ufloat4@@$03@std@@V?$allocator@V?$array@Ufloat4@@$03@std@@@2@@std@@AEAAXQEAV?$array@Ufloat4@@$03@2@_K1@Z 0000000140005df0 f i Animation.obj
 0001:00004e80       ?_Xlen@?$basic_string@DU?$char_traits@D@std@@V?$allocator@D@2@@std@@SAXXZ 0000000140005e80 f i Animation.obj
 0001:00004ea0       ??$_Assign_range@PEAV?$array@Ufloat4@@$03@std@@@?$vector@V?$array@Ufloat4@@$03@std@@V?$allocator@V?$array@Ufloat4@@$03@std@@@2@@std@@AEAAXPEAV?$array@Ufloat4@@$03@1@0Uforward_iterator_tag@1@@Z 0000000140005ea0 f i Animation.obj
 0001:00004ff0       ??1?$_Uninitialized_backout_al@PEAUkeyframe@@V?$allocator@Ukeyframe@@@std@@@std@@QEAA@XZ 0000000140005ff0 f i Animation.obj
 0001:00004ffc       ??_E?$basic_fstream@DU?$char_traits@D@std@@@std@@$4PPPPPPPM@A@EAAPEAXI@Z 0000000140005ffc f i Animation.obj
 0001:00005010       ??Gfloat3@@QEBAAEAU0@AEBU0@@Z 0000000140006010 f i BombEnemy.obj
 0001:00005010       ??Dfloat3@@QEBAAEAU0@AEBM@Z 0000000140006010 f i BombEnemy.obj
 0001:00005020       ?DitanceFloat3@@YAMUfloat3@@0@Z 0000000140006020 f i BombEnemy.obj
 0001:00005060       ?GetHealth@Player@@QEAAHXZ 0000000140006060 f i BombEnemy.obj
 0001:00005070       ?SetHealth@Player@@QEAAXH@Z 0000000140006070 f i BombEnemy.obj
 0001:00005080       _initialize_denormal_control 0000000140006080 f i MSVCRT:denormal_control.obj
 0001:00005080       _initialize_invalid_parameter_handler 0000000140006080 f i MSVCRT:invalid_parameter_handler.obj
 0001:00005080       ?Update@UIElement@@UEAAXM@Z 0000000140006080 f i UIElement.obj
 0001:00005080       ?Update@TextElement@@UEAAXM@Z 0000000140006080 f i UIElement.obj
 0001:00005080       ?Render@UIElement@@UEAAXXZ 0000000140006080 f i UIElement.obj
 0001:00005080       ?Update@Enemy@@UEAAXMPEAVPlayer@@AEAV?$vector@PEAVBullet@@V?$allocator@PEAVBullet@@@std@@@std@@PEAUID3D11Device@@PEAUHWND__@@@Z 0000000140006080 f i BombEnemy.obj
 0001:00005080       ?Update@ImageElement@@UEAAXM@Z 0000000140006080 f i UIElement.obj
 0001:00005080       _guard_check_icall_nop     0000000140006080 f i MSVCRT:guard_support.obj
 0001:00005090       ??0BombEnemy@@QEAA@XZ      0000000140006090 f   BombEnemy.obj
 0001:00005150       ??1Enemy@@QEAA@XZ          0000000140006150 f i BombEnemy.obj
 0001:00005160       ?Initialize@BombEnemy@@UEAA_NPEAUID3D11Device@@PEBDUfloat3@@@Z 0000000140006160 f   BombEnemy.obj
 0001:00005250       ?Update@BombEnemy@@QEAAXMPEAVPlayer@@AEAV?$vector@PEAVBullet@@V?$allocator@PEAVBullet@@@std@@@std@@PEAUID3D11Device@@AEAV?$vector@PEAVEnemy@@V?$allocator@PEAVEnemy@@@std@@@4@PEAUHWND__@@@Z 0000000140006250 f   BombEnemy.obj
 0001:00005470       ?Attack@BombEnemy@@QEAAXPEAVPlayer@@AEAV?$vector@PEAVEnemy@@V?$allocator@PEAVEnemy@@@std@@@std@@PEAUHWND__@@@Z 0000000140006470 f   BombEnemy.obj
 0001:000056a0       ??A?$vector@PEAVBullet@@V?$allocator@PEAVBullet@@@std@@@std@@QEAAAEAPEAVBullet@@_K@Z 00000001400066a0 f i graphicsclass.obj
 0001:000056a0       ??A?$vector@PEAVSound@@V?$allocator@PEAVSound@@@std@@@std@@QEAAAEAPEAVSound@@_K@Z 00000001400066a0 f i EnemyManager.obj
 0001:000056a0       ??A?$vector@PEAVEnemy@@V?$allocator@PEAVEnemy@@@std@@@std@@QEAAAEAPEAVEnemy@@_K@Z 00000001400066a0 f i BombEnemy.obj
 0001:000056a0       ??A?$vector@PEAVPickup@@V?$allocator@PEAVPickup@@@std@@@std@@QEAAAEAPEAVPickup@@_K@Z 00000001400066a0 f i graphicsclass.obj
 0001:000056a0       ??A?$vector@PEAVGameObject@@V?$allocator@PEAVGameObject@@@std@@@std@@QEAAAEAPEAVGameObject@@_K@Z 00000001400066a0 f i EnemyManager.obj
 0001:000056b0       ?size@?$vector@PEAVSound@@V?$allocator@PEAVSound@@@std@@@std@@QEBA_KXZ 00000001400066b0 f i EnemyManager.obj
 0001:000056b0       ?size@?$vector@PEAVPickup@@V?$allocator@PEAVPickup@@@std@@@std@@QEBA_KXZ 00000001400066b0 f i graphicsclass.obj
 0001:000056b0       ?size@?$vector@PEAVEnemy@@V?$allocator@PEAVEnemy@@@std@@@std@@QEBA_KXZ 00000001400066b0 f i BombEnemy.obj
 0001:000056b0       ?size@?$vector@PEAVGameObject@@V?$allocator@PEAVGameObject@@@std@@@std@@QEBA_KXZ 00000001400066b0 f i EnemyManager.obj
 0001:000056c0       ??0Bullet@@QEAA@M@Z        00000001400066c0 f   Bullet.obj
 0001:00005750       ?Initialize@Bullet@@QEAA_NPEAUID3D11Device@@PEBDUfloat3@@2V?$basic_string@DU?$char_traits@D@std@@V?$allocator@D@2@@std@@M@Z 0000000140006750 f   Bullet.obj
 0001:000059a0       ?Update@Bullet@@UEAAXM@Z   00000001400069a0 f   Bullet.obj
 0001:00005a00       ?SetDestroy@Bullet@@QEAAXXZ 0000000140006a00 f   Bullet.obj
 0001:00005a10       ??0?$basic_string@DU?$char_traits@D@std@@V?$allocator@D@2@@std@@QEAA@AEBV01@@Z 0000000140006a10 f i Bullet.obj
 0001:00005ae0       ?assign@?$basic_string@DU?$char_traits@D@std@@V?$allocator@D@2@@std@@QEAAAEAV12@QEBD_K@Z 0000000140006ae0 f i Bullet.obj
 0001:00005c40       ?XMVectorSinCos@DirectX@@YQXPEAT__m128@@0T2@@Z 0000000140006c40 f i DebugCamera.obj
 0001:00005da0       ?XMMatrixRotationRollPitchYawFromVector@DirectX@@YQ?AUXMMATRIX@1@T__m128@@@Z 0000000140006da0 f i DebugCamera.obj
 0001:00005e50       ?XMMatrixLookToLH@DirectX@@YQ?AUXMMATRIX@1@T__m128@@00@Z 0000000140006e50 f i DebugCamera.obj
 0001:00006060       ?XMQuaternionRotationRollPitchYawFromVector@DirectX@@YQ?AT__m128@@T2@@Z 0000000140007060 f i DebugCamera.obj
 0001:000061a0       ?XMScalarSinCos@DirectX@@YAXPEAM0M@Z 00000001400071a0 f i DebugCamera.obj
 0001:000062e0       ?Update@DebugCamera@@QEAAXXZ 00000001400072e0 f   DebugCamera.obj
 0001:00006590       __acrt_initialize          0000000140007590 f i MSVCRT:ucrt_stubs.obj
 0001:00006590       __acrt_uninitialize        0000000140007590 f i MSVCRT:ucrt_stubs.obj
 0001:00006590       __vcrt_initialize          0000000140007590 f i MSVCRT:ucrt_stubs.obj
 0001:00006590       _should_initialize_environment 0000000140007590 f i MSVCRT:env_mode.obj
 0001:00006590       ?Initialize@Enemy@@UEAA_NPEAUID3D11Device@@PEBDUfloat3@@@Z 0000000140007590 f i Enemy.obj
 0001:00006590       __vcrt_uninitialize        0000000140007590 f i MSVCRT:ucrt_stubs.obj
 0001:00006590       __scrt_stub_for_acrt_initialize 0000000140007590 f i MSVCRT:ucrt_stubs.obj
 0001:00006590       __scrt_stub_for_acrt_uninitialize 0000000140007590 f i MSVCRT:ucrt_stubs.obj
 0001:000065a0       ??0Enemy@@QEAA@XZ          00000001400075a0 f   Enemy.obj
 0001:00006610       ?SetDestroy@Enemy@@QEAAXXZ 0000000140007610 f   Enemy.obj
 0001:00006620       ?SubHealth@Enemy@@QEAAXMW4DamageType@1@PEAUHWND__@@@Z 0000000140007620 f   Enemy.obj
 0001:00006660       ?SphereToAABB@@YA_NUSphere@@UAABB@@@Z 0000000140007660 f i EnemyManager.obj
 0001:00006760       ?GetAABB@Player@@QEAA?AUAABB@@XZ 0000000140007760 f i EnemyManager.obj
 0001:00006780       ?Initialize@EnemyManager@@QEAAXPEAUID3D11Device@@@Z 0000000140007780 f   EnemyManager.obj
 0001:00006c80       ?Shutdown@EnemyManager@@QEAAXXZ 0000000140007c80 f   EnemyManager.obj
 0001:00006d30       ?Update@EnemyManager@@QEAAXMPEAVPlayer@@V?$vector@PEAVGameObject@@V?$allocator@PEAVGameObject@@@std@@@std@@AEAV?$vector@PEAVBullet@@V?$allocator@PEAVBullet@@@std@@@4@PEAUID3D11Device@@PEAUHWND__@@@Z 0000000140007d30 f   EnemyManager.obj
 0001:00007ad0       ?__autoclassinit2@Sound@@QEAAX_K@Z 0000000140008ad0 f i EnemyManager.obj
 0001:00007af0       ?_Getal@?$_Vector_alloc@U?$_Vec_base_types@PEBUSpriteInfo@Impl@SpriteBatch@DirectX@@V?$allocator@PEBUSpriteInfo@Impl@SpriteBatch@DirectX@@@std@@@std@@@std@@QEAAAEAV?$allocator@PEBUSpriteInfo@Impl@SpriteBatch@DirectX@@@2@XZ 0000000140008af0 f   DirectXTK:SpriteBatch.obj
 0001:00007af0       ?GetEnemies@EnemyManager@@QEAAAEAV?$vector@PEAVEnemy@@V?$allocator@PEAVEnemy@@@std@@@std@@XZ 0000000140008af0 f   EnemyManager.obj
 0001:00007af0       ?_Getal@?$_Vector_alloc@U?$_Vec_base_types@FV?$allocator@F@std@@@std@@@std@@QEAAAEAV?$allocator@F@2@XZ 0000000140008af0 f   DirectXTK:SpriteBatch.obj
 0001:00007b00       ?CalculateSeperation@EnemyManager@@QEAA?AUfloat3@@AEAVEnemy@@@Z 0000000140008b00 f   EnemyManager.obj
 0001:00007d20       ?CalculateObstacleSeperation@EnemyManager@@QEAA?AUfloat3@@AEAVEnemy@@V?$vector@PEAVGameObject@@V?$allocator@PEAVGameObject@@@std@@@std@@@Z 0000000140008d20 f   EnemyManager.obj
 0001:00007fe0       ?StartNewRound@EnemyManager@@QEAAXXZ 0000000140008fe0 f   EnemyManager.obj
 0001:00008030       ??1?$vector@PEBUSpriteInfo@Impl@SpriteBatch@DirectX@@V?$allocator@PEBUSpriteInfo@Impl@SpriteBatch@DirectX@@@std@@@std@@QEAA@XZ 0000000140009030 f i DirectXTK:SpriteBatch.obj
 0001:00008030       ?_Tidy@?$vector@PEAVSound@@V?$allocator@PEAVSound@@@std@@@std@@AEAAXXZ 0000000140009030 f i EnemyManager.obj
 0001:00008030       ??1?$vector@PEAVAnimation@@V?$allocator@PEAVAnimation@@@std@@@std@@QEAA@XZ 0000000140009030 f i GameObject.obj
 0001:00008030       ??1?$vector@PEAVGun@@V?$allocator@PEAVGun@@@std@@@std@@QEAA@XZ 0000000140009030 f i MyWindow.obj
 0001:00008030       ??1?$vector@PEAVBullet@@V?$allocator@PEAVBullet@@@std@@@std@@QEAA@XZ 0000000140009030 f i graphicsclass.obj
 0001:00008030       ??1?$vector@PEAVSound@@V?$allocator@PEAVSound@@@std@@@std@@QEAA@XZ 0000000140009030 f i EnemyManager.obj
 0001:00008030       ??1?$vector@PEAVPickup@@V?$allocator@PEAVPickup@@@std@@@std@@QEAA@XZ 0000000140009030 f i graphicsclass.obj
 0001:00008030       ??1?$vector@PEAVGameObject@@V?$allocator@PEAVGameObject@@@std@@@std@@QEAA@XZ 0000000140009030 f i EnemyManager.obj
 0001:00008030       ??1?$vector@PEAVEnemy@@V?$allocator@PEAVEnemy@@@std@@@std@@QEAA@XZ 0000000140009030 f i EnemyManager.obj
 0001:00008090       ??0?$vector@PEAVGameObject@@V?$allocator@PEAVGameObject@@@std@@@std@@QEAA@AEBV01@@Z 0000000140009090 f i EnemyManager.obj
 0001:00008090       ??0?$vector@PEAVPickup@@V?$allocator@PEAVPickup@@@std@@@std@@QEAA@AEBV01@@Z 0000000140009090 f i GameManager.obj
 0001:00008090       ??0?$vector@PEAVSound@@V?$allocator@PEAVSound@@@std@@@std@@QEAA@AEBV01@@Z 0000000140009090 f i GameManager.obj
 0001:00008090       ??0?$vector@PEAVBullet@@V?$allocator@PEAVBullet@@@std@@@std@@QEAA@AEBV01@@Z 0000000140009090 f i GameManager.obj
 0001:00008090       ??0?$vector@PEAVGun@@V?$allocator@PEAVGun@@@std@@@std@@QEAA@AEBV01@@Z 0000000140009090 f i MyWindow.obj
 0001:00008090       ??0?$vector@PEAVEnemy@@V?$allocator@PEAVEnemy@@@std@@@std@@QEAA@AEBV01@@Z 0000000140009090 f i GameManager.obj
 0001:00008180       ??$_Emplace_reallocate@AEBQEAVGun@@@?$vector@PEAVGun@@V?$allocator@PEAVGun@@@std@@@std@@QEAAPEAPEAVGun@@QEAPEAV2@AEBQEAV2@@Z 0000000140009180 f i GameManager.obj
 0001:00008180       ??$_Emplace_reallocate@PEAVEnemy@@@?$vector@PEAVEnemy@@V?$allocator@PEAVEnemy@@@std@@@std@@QEAAPEAPEAVEnemy@@QEAPEAV2@$$QEAPEAV2@@Z 0000000140009180 f i EnemyManager.obj
 0001:00008180       ??$_Emplace_reallocate@AEBQEAVUIElement@@@?$vector@PEAVUIElement@@V?$allocator@PEAVUIElement@@@std@@@std@@QEAAPEAPEAVUIElement@@QEAPEAV2@AEBQEAV2@@Z 0000000140009180 f i UIManager.obj
 0001:00008180       ??$_Emplace_reallocate@PEAVBullet@@@?$vector@PEAVBullet@@V?$allocator@PEAVBullet@@@std@@@std@@QEAAPEAPEAVBullet@@QEAPEAV2@$$QEAPEAV2@@Z 0000000140009180 f i GameManager.obj
 0001:00008180       ??$_Emplace_reallocate@AEBQEAVPickup@@@?$vector@PEAVPickup@@V?$allocator@PEAVPickup@@@std@@@std@@QEAAPEAPEAVPickup@@QEAPEAV2@AEBQEAV2@@Z 0000000140009180 f i GameManager.obj
 0001:00008180       ??$_Emplace_reallocate@PEAVGameObject@@@?$vector@PEAVGameObject@@V?$allocator@PEAVGameObject@@@std@@@std@@QEAAPEAPEAVGameObject@@QEAPEAV2@$$QEAPEAV2@@Z 0000000140009180 f i GameManager.obj
 0001:00008320       ??$_Emplace_reallocate@AEBQEAVSound@@@?$vector@PEAVSound@@V?$allocator@PEAVSound@@@std@@@std@@QEAAPEAPEAVSound@@QEAPEAV2@AEBQEAV2@@Z 0000000140009320 f i GameManager.obj
 0001:00008320       ??$_Emplace_reallocate@PEAVSound@@@?$vector@PEAVSound@@V?$allocator@PEAVSound@@@std@@@std@@QEAAPEAPEAVSound@@QEAPEAV2@$$QEAPEAV2@@Z 0000000140009320 f i EnemyManager.obj
 0001:00008470       ?_Change_array@?$vector@PEAVSound@@V?$allocator@PEAVSound@@@std@@@std@@AEAAXQEAPEAVSound@@_K1@Z 0000000140009470 f i EnemyManager.obj
 0001:00008500       ?Construct@Frustum@@QEAAXMUXMMATRIX@DirectX@@0@Z 0000000140009500 f   Frustum.obj
 0001:00008900       ?GetGraphicsEngine@Graphics@@QEAAPEAVDX@@XZ 0000000140009900 f   GameManager.obj
 0001:00008900       ?GetMouseInput@InputManager@@QEAAPEAUIDirectInputDevice8W@@XZ 0000000140009900 f   InputManager.obj
 0001:00008900       ?GetPhysicsComponent@GameObject@@QEAAPEAVPhysicsComponent@@XZ 0000000140009900 f   GameObject.obj
 0001:00008910       ?SetCurrMouseState@InputManager@@QEAAXXZ 0000000140009910 f   InputManager.obj
 0001:00008930       ??0GameObject@@QEAA@XZ     0000000140009930 f   GameObject.obj
 0001:00008a80       ??1GameObject@@QEAA@XZ     0000000140009a80 f   GameObject.obj
 0001:00008c30       ?GetParent@GameObject@@QEAAHHV?$vector@HV?$allocator@H@std@@@std@@@Z 0000000140009c30 f   GameObject.obj
 0001:00008d90       ?Update@GameObject@@UEAAXM@Z 0000000140009d90 f   GameObject.obj
 0001:00008e30       ?AddAninimation@GameObject@@QEAAXPEBDPEAUID3D11Device@@H@Z 0000000140009e30 f   GameObject.obj
 0001:00009140       ?Initialize@GameObject@@UEAA_NPEBDPEAUID3D11Device@@@Z 000000014000a140 f   GameObject.obj
 0001:00009150       ?Render@GameObject@@UEAAXPEAUID3D11DeviceContext@@@Z 000000014000a150 f   GameObject.obj
 0001:00009150       ?Render@Player@@UEAAXPEAUID3D11DeviceContext@@@Z 000000014000a150 f   Player.obj
 0001:00009160       ?Shutdown@GameObject@@UEAAXXZ 000000014000a160 f   GameObject.obj
 0001:00009330       ?GetCollider@GameObject@@QEAAPEAUSphere@@H@Z 000000014000a330 f   GameObject.obj
 0001:00009370       ?size@?$vector@USphere@@V?$allocator@USphere@@@std@@@std@@QEBA_KXZ 000000014000a370 f i GameObject.obj
 0001:00009380       ??1?$vector@USphere@@V?$allocator@USphere@@@std@@@std@@QEAA@XZ 000000014000a380 f i GameObject.obj
 0001:00009380       ?_Tidy@?$vector@USphere@@V?$allocator@USphere@@@std@@@std@@AEAAXXZ 000000014000a380 f i GameObject.obj
 0001:000093e0       ??0?$vector@Ukeyframe@@V?$allocator@Ukeyframe@@@std@@@std@@QEAA@AEBV01@@Z 000000014000a3e0 f i GameObject.obj
 0001:00009520       ??$_Emplace_reallocate@AEBUSphere@@@?$vector@USphere@@V?$allocator@USphere@@@std@@@std@@QEAAPEAUSphere@@QEAU2@AEBU2@@Z 000000014000a520 f i GameObject.obj
 0001:000096b0       ??$_Resize@V<lambda_5faba587ae6cafb8bb5bc4a9224fce8d>@@@?$vector@PEAVAnimation@@V?$allocator@PEAVAnimation@@@std@@@std@@AEAAX_KV<lambda_5faba587ae6cafb8bb5bc4a9224fce8d>@@@Z 000000014000a6b0 f i GameObject.obj
 0001:00009860       ?Initialize@DX@@QEAA_NHH_NPEAUHWND__@@0MM@Z 000000014000a860 f   dxstuff.obj
 0001:00009ea0       ?GetDevice@DX@@QEAAPEAUID3D11Device@@XZ 000000014000aea0 f   dxstuff.obj
 0001:00009eb0       ?GetType@Pickup@@QEAA?AW4PickupType@1@XZ 000000014000aeb0 f i graphicsclass.obj
 0001:00009ec0       ??1?$function@$$A6AXXZ@std@@QEAA@XZ 000000014000aec0 f i graphicsclass.obj
 0001:00009ec0       ??1?$_Func_class@X$$V@std@@QEAA@XZ 000000014000aec0 f i graphicsclass.obj
 0001:00009f00       ?Initialize@Graphics@@QEAA_NHHPEAUHWND__@@PEAVInputManager@@@Z 000000014000af00 f   graphicsclass.obj
 0001:0000a780       ?Shutdown@Graphics@@QEAAXXZ 000000014000b780 f   graphicsclass.obj
 0001:0000aa20       ?Render@Graphics@@QEAA_NPEAVInputManager@@PEAVPlayer@@V?$vector@PEAVBullet@@V?$allocator@PEAVBullet@@@std@@@std@@V?$vector@PEAVEnemy@@V?$allocator@PEAVEnemy@@@std@@@5@V?$vector@PEAVGameObject@@V?$allocator@PEAVGameObject@@@std@@@5@V?$vector@PEAVPickup@@V?$allocator@PEAVPickup@@@std@@@5@@Z 000000014000ba20 f   graphicsclass.obj
 0001:0000d750       ?Update@Graphics@@QEAAXPEAVInputManager@@MPEAVPlayer@@@Z 000000014000e750 f   graphicsclass.obj
 0001:0000d8f0       ?to_string@std@@YA?AV?$basic_string@DU?$char_traits@D@std@@V?$allocator@D@2@@1@H@Z 000000014000e8f0 f i GameManager.obj
 0001:0000d9d0       ?to_string@std@@YA?AV?$basic_string@DU?$char_traits@D@std@@V?$allocator@D@2@@1@I@Z 000000014000e9d0 f i GameManager.obj
 0001:0000da70       ?normalize@float3@@QEAAAEAU1@XZ 000000014000ea70 f i GameManager.obj
 0001:0000db10       ?DotProduct@@YAMUfloat3@@0@Z 000000014000eb10 f i GameManager.obj
 0001:0000db40       ?MovingSphereToSphere@@YA_NAEBUSphere@@AEBUfloat3@@0AEAM@Z 000000014000eb40 f i GameManager.obj
 0001:0000dcc0       ?lineCircle@@YA_NUSegment@@USphere@@@Z 000000014000ecc0 f i GameManager.obj
 0001:0000dd40       ?SqDistPointAABB@@YAMUfloat3@@UAABB@@@Z 000000014000ed40 f i GameManager.obj
 0001:0000de30       ?GetSounds@GameObject@@QEAA?AV?$vector@PEAVSound@@V?$allocator@PEAVSound@@@std@@@std@@XZ 000000014000ee30 f i GameManager.obj
 0001:0000de50       ?AddSound@GameObject@@QEAAXPEAVSound@@@Z 000000014000ee50 f i GameManager.obj
 0001:0000de90       ?GetColliders@GameObject@@QEAA?AV?$vector@USphere@@V?$allocator@USphere@@@std@@@std@@XZ 000000014000ee90 f i GameManager.obj
 0001:0000deb0       ?GetLifeTime@GameObject@@QEAAMXZ 000000014000eeb0 f i GameManager.obj
 0001:0000dec0       ?GetDamageAmount@Gun@@QEAAMXZ 000000014000eec0 f i GameManager.obj
 0001:0000ded0       ?SetCurrentGun@Player@@QEAAXH@Z 000000014000eed0 f i GameManager.obj
 0001:0000df00       ?GetCurrentGun@Player@@QEAAPEAVGun@@XZ 000000014000ef00 f i GameManager.obj
 0001:0000df10       ?isAttacking@Player@@QEAA_NXZ 000000014000ef10 f i GameManager.obj
 0001:0000df20       ?AddCurrency@Player@@QEAAXI@Z 000000014000ef20 f i GameManager.obj
 0001:0000df30       ?SetTimeDamage@Player@@QEAAXM@Z 000000014000ef30 f i GameManager.obj
 0001:0000df40       ?GetTimeDamage@Player@@QEAAMXZ 000000014000ef40 f i GameManager.obj
 0001:0000df50       ?GetHealth@Enemy@@QEAAMXZ  000000014000ef50 f i GameManager.obj
 0001:0000df60       ?GetCurrency@Enemy@@QEAAMXZ 000000014000ef60 f i GameManager.obj
 0001:0000df70       ?GetEnabled@UIElement@@QEAA_NXZ 000000014000ef70 f i GameManager.obj
 0001:0000df80       ?SetEnabled@UIElement@@QEAAX_N@Z 000000014000ef80 f i GameManager.obj
 0001:0000df90       ?SetPos@UIElement@@QEAAXJJ@Z 000000014000ef90 f i GameManager.obj
 0001:0000dff0       ?SetSize@UIElement@@QEAAXJJ@Z 000000014000eff0 f i GameManager.obj
 0001:0000e050       ?GetSize@UIElement@@QEAA?AUfloat2@@XZ 000000014000f050 f i GameManager.obj
 0001:0000e080       ?SetText@TextElement@@QEAAXV?$basic_string@DU?$char_traits@D@std@@V?$allocator@D@2@@std@@@Z 000000014000f080 f i GameManager.obj
 0001:0000e150       ?GetUIManager@GameManager@@QEAAPEAVUIManager@@XZ 000000014000f150 f i GameManager.obj
 0001:0000e160       ?GetEnemies@GameManager@@QEAAIXZ 000000014000f160 f i GameManager.obj
 0001:0000e180       ?GetHealth@GameManager@@QEAAIXZ 000000014000f180 f i GameManager.obj
 0001:0000e190       ?GetPlayer@GameManager@@QEAAPEAVPlayer@@XZ 000000014000f190 f i GameManager.obj
 0001:0000e1a0       ??0GameManager@@QEAA@XZ    000000014000f1a0 f   GameManager.obj
 0001:0000e3c0       ?UpdateScoreText@GameManager@@QEAAXXZ 000000014000f3c0 f   GameManager.obj
 0001:0000e6d0       ?UpdateHealthText@GameManager@@QEAAXXZ 000000014000f6d0 f   GameManager.obj
 0001:0000e9c0       ?UpdateWeaponText@GameManager@@QEAAXXZ 000000014000f9c0 f   GameManager.obj
 0001:0000ea50       ?UpdateTimerText@GameManager@@QEAAXM@Z 000000014000fa50 f   GameManager.obj
 0001:0000ebd0       ?UpdateCurrencyText@GameManager@@QEAAXXZ 000000014000fbd0 f   GameManager.obj
 0001:0000ed60       ?UpdateDamageTimerText@GameManager@@QEAAXXZ 000000014000fd60 f   GameManager.obj
 0001:0000eef0       ?GetGraphicsManager@GameManager@@QEAAPEAVGraphics@@XZ 000000014000fef0 f   GameManager.obj
 0001:0000ef00       ?ShootBullets@GameManager@@QEAAXXZ 000000014000ff00 f   GameManager.obj
 0001:0000f320       ?SpawnHealthPickup@GameManager@@QEAAXUfloat3@@@Z 0000000140010320 f   GameManager.obj
 0001:0000f460       ?SpawnDamagePickup@GameManager@@QEAAXUfloat3@@@Z 0000000140010460 f   GameManager.obj
 0001:0000f5a0       ??_GPlayer@@QEAAPEAXI@Z    00000001400105a0 f i GameManager.obj
 0001:0000f630       ??_GEnemyManager@@QEAAPEAXI@Z 0000000140010630 f i GameManager.obj
 0001:0000f700       ?Update@GameManager@@QEAAXMM@Z 0000000140010700 f   GameManager.obj
 0001:00011900       ?Render@GameManager@@QEAA_NXZ 0000000140012900 f   GameManager.obj
 0001:00011b30       ?Initialize@GameManager@@QEAA_NHHPEAUHWND__@@@Z 0000000140012b30 f   GameManager.obj
 0001:00012720       ?ShutDown@GameManager@@QEAAXXZ 0000000140013720 f   GameManager.obj
 0001:000128d0       ??H?$_Vector_iterator@V?$_Vector_val@U?$_Simple_types@PEAVPickup@@@std@@@std@@@std@@QEBA?AV01@_J@Z 00000001400138d0 f i GameManager.obj
 0001:000128e0       ?begin@?$vector@PEAVPickup@@V?$allocator@PEAVPickup@@@std@@@std@@QEAA?AV?$_Vector_iterator@V?$_Vector_val@U?$_Simple_types@PEAVPickup@@@std@@@std@@@2@XZ 00000001400138e0 f i GameManager.obj
 0001:000128e0       ?begin@?$vector@PEAVBullet@@V?$allocator@PEAVBullet@@@std@@@std@@QEAA?AV?$_Vector_iterator@V?$_Vector_val@U?$_Simple_types@PEAVBullet@@@std@@@std@@@2@XZ 00000001400138e0 f i GameManager.obj
 0001:000128f0       ?erase@?$vector@PEAVPickup@@V?$allocator@PEAVPickup@@@std@@@std@@QEAA?AV?$_Vector_iterator@V?$_Vector_val@U?$_Simple_types@PEAVPickup@@@std@@@std@@@2@V?$_Vector_const_iterator@V?$_Vector_val@U?$_Simple_types@PEAVPickup@@@std@@@std@@@2@@Z 00000001400138f0 f i GameManager.obj
 0001:000128f0       ?erase@?$vector@PEAVBullet@@V?$allocator@PEAVBullet@@@std@@@std@@QEAA?AV?$_Vector_iterator@V?$_Vector_val@U?$_Simple_types@PEAVBullet@@@std@@@std@@@2@V?$_Vector_const_iterator@V?$_Vector_val@U?$_Simple_types@PEAVBullet@@@std@@@std@@@2@@Z 00000001400138f0 f i GameManager.obj
 0001:00012940       ??0?$vector@USphere@@V?$allocator@USphere@@@std@@@std@@QEAA@AEBV01@@Z 0000000140013940 f i GameManager.obj
 0001:00012a20       ??$emplace_back@AEBQEAVSound@@@?$vector@PEAVSound@@V?$allocator@PEAVSound@@@std@@@std@@QEAAXAEBQEAVSound@@@Z 0000000140013a20 f i GameManager.obj
 0001:00012a40       ??$?HDU?$char_traits@D@std@@V?$allocator@D@1@@std@@YA?AV?$basic_string@DU?$char_traits@D@std@@V?$allocator@D@2@@0@QEBD$$QEAV10@@Z 0000000140013a40 f i GameManager.obj
 0001:00012c60       ?_Equal@?$basic_string@DU?$char_traits@D@std@@V?$allocator@D@2@@std@@QEBA_NQEBD@Z 0000000140013c60 f i GameManager.obj
 0001:00012cb0       ?_Reset_move@?$_Func_class@X$$V@std@@IEAAX$$QEAV12@@Z 0000000140013cb0 f i GameManager.obj
 0001:00012d30       ??$_Reallocate_grow_by@V<lambda_f3a66ab6a0570788f31503db83886f49>@@_KPEBD_K@?$basic_string@DU?$char_traits@D@std@@V?$allocator@D@2@@std@@QEAAAEAV01@_KV<lambda_f3a66ab6a0570788f31503db83886f49>@@_KPEBD2@Z 0000000140013d30 f i GameManager.obj
 0001:00012f00       ?XMVectorACos@DirectX@@YQ?AT__m128@@T2@@Z 0000000140013f00 f i Camera.obj
 0001:00012fc0       ?Update@Camera@@QEAAXUXMFLOAT3@DirectX@@@Z 0000000140013fc0 f   Camera.obj
 0001:00013240       ?GetInput@Camera@@QEAAXPEAVInputManager@@MAEAUXMMATRIX@DirectX@@PEAVPlayer@@@Z 0000000140014240 f   Camera.obj
 0001:000134c0       ?SetCharacterPosition@Camera@@QEAAXNAEAT__m128@@AEAUXMMATRIX@DirectX@@@Z 00000001400144c0 f   Camera.obj
 0001:00013770       ?ReadMeshFile@Model@@AEAAXPEBDPEAUID3D11Device@@@Z 0000000140014770 f   Model.obj
 0001:00013e10       ?Initialize@Model@@QEAA_NPEBDPEAUID3D11Device@@@Z 0000000140014e10 f   Model.obj
 0001:00013f00       ?Render@Model@@QEAAXPEAUID3D11DeviceContext@@@Z 0000000140014f00 f   Model.obj
 0001:00013fa0       ?Shutdown@Model@@QEAAXXZ   0000000140014fa0 f   Model.obj
 0001:00014010       ??1?$vector@Umaterial_t@@V?$allocator@Umaterial_t@@@std@@@std@@QEAA@XZ 0000000140015010 f i Model.obj
 0001:00014090       ??1?$vector@V?$array@D$0BAE@@std@@V?$allocator@V?$array@D$0BAE@@std@@@2@@std@@QEAA@XZ 0000000140015090 f i Model.obj
 0001:00014110       ?_Tidy@?$vector@UVertex@@V?$allocator@UVertex@@@std@@@std@@AEAAXXZ 0000000140015110 f i Model.obj
 0001:00014190       ??$_Resize@V<lambda_3dc4585328ffa41edbf28992c66dc9db>@@@?$vector@Umaterial_t@@V?$allocator@Umaterial_t@@@std@@@std@@AEAAX_KV<lambda_3dc4585328ffa41edbf28992c66dc9db>@@@Z 0000000140015190 f i Model.obj
 0001:00014480       ??$_Resize@V<lambda_90a86d33119e9cefaad228fe3fc3f04c>@@@?$vector@V?$array@D$0BAE@@std@@V?$allocator@V?$array@D$0BAE@@std@@@2@@std@@AEAAX_KV<lambda_90a86d33119e9cefaad228fe3fc3f04c>@@@Z 0000000140015480 f i Model.obj
 0001:00014690       ??$_Resize@V<lambda_a3e9ab7309acaaa5a225906574bbc117>@@@?$vector@IV?$allocator@I@std@@@std@@AEAAX_KV<lambda_a3e9ab7309acaaa5a225906574bbc117>@@@Z 0000000140015690 f i Model.obj
 0001:00014840       ??$_Resize@V<lambda_189af720543607fa3630bc45f408d767>@@@?$vector@UVertex@@V?$allocator@UVertex@@@std@@@std@@AEAAX_KV<lambda_189af720543607fa3630bc45f408d767>@@@Z 0000000140015840 f i Model.obj
 0001:00014a30       ?UnlockAllGuns@GameManager@@QEAAXXZ 0000000140015a30 f i MyWindow.obj
 0001:00014e80       ?Run@MyWindow@@AEAA_NXZ    0000000140015e80 f   MyWindow.obj
 0001:00015440       ?SetPauseMenu@MyWindow@@AEAAX_N@Z 0000000140016440 f   MyWindow.obj
 0001:00015490       ?SetOptionsMenu@MyWindow@@AEAAX_N@Z 0000000140016490 f   MyWindow.obj
 0001:00015510       ?UpdateVolumeText@MyWindow@@AEAAXXZ 0000000140016510 f   MyWindow.obj
 0001:000156a0       ?Initialize@MyWindow@@QEAA_NXZ 00000001400166a0 f   MyWindow.obj
 0001:00017a10       ?Render@MyWindow@@QEAAXXZ  0000000140018a10 f   MyWindow.obj
 0001:00017de0       ??4?$basic_string@DU?$char_traits@D@std@@V?$allocator@D@2@@std@@QEAAAEAV01@$$QEAV01@@Z 0000000140018de0 f i MyWindow.obj
 0001:00017e30       ??$?HDU?$char_traits@D@std@@V?$allocator@D@1@@std@@YA?AV?$basic_string@DU?$char_traits@D@std@@V?$allocator@D@2@@0@QEBDAEBV10@@Z 0000000140018e30 f i MyWindow.obj
 0001:00017ff0       ??$_Reallocate_grow_by@V<lambda_65e615be2a453ca0576c979606f46740>@@PEBD_K@?$basic_string@DU?$char_traits@D@std@@V?$allocator@D@2@@std@@QEAAAEAV01@_KV<lambda_65e615be2a453ca0576c979606f46740>@@PEBD_K@Z 0000000140018ff0 f i MyWindow.obj
 0001:00018180       ??$_Reallocate_grow_by@V<lambda_9013ee9e23efe4882b67eff5b0ecf103>@@$$V@?$basic_string@DU?$char_traits@D@std@@V?$allocator@D@2@@std@@QEAAAEAV01@_KV<lambda_9013ee9e23efe4882b67eff5b0ecf103>@@@Z 0000000140019180 f i MyWindow.obj
 0001:00018720       ?GetPosition@PhysicsComponent@@QEAA?AUfloat3@@XZ 0000000140019720 f   PhysicsComponent.obj
 0001:00018740       ?GetForward@PhysicsComponent@@QEAA?AUfloat3@@XZ 0000000140019740 f   PhysicsComponent.obj
 0001:00018760       ?Update@PhysicsComponent@@QEAAXM@Z 0000000140019760 f   PhysicsComponent.obj
 0001:000188c0       ?Initialize@Player@@UEAA_NPEBDPEAUID3D11Device@@@Z 00000001400198c0 f   Player.obj
 0001:00018a00       ?Shutdown@Player@@UEAAXXZ  0000000140019a00 f   Player.obj
 0001:00018a10       ?CheckMovement@Player@@QEAAXXZ 0000000140019a10 f   Player.obj
 0001:00018bf0       ?Update@Player@@UEAAXM@Z   0000000140019bf0 f   Player.obj
 0001:00019240       ?LerpJoint@@YA?AV?$array@Ufloat4@@$03@std@@V12@0M@Z 000000014001a240 f   Player.obj
 0001:000194f0       ?SetSkeletonLines@Player@@QEAA?AV?$vector@V?$array@Ufloat4@@$03@std@@V?$allocator@V?$array@Ufloat4@@$03@std@@@2@@std@@Uanim_clip@@0MM@Z 000000014001a4f0 f   Player.obj
 0001:0001b480       ?GetForwardArrow@Player@@QEAA?AUSegment@@XZ 000000014001c480 f   Player.obj
 0001:0001b4a0       ?GetBackwardArrow@Player@@QEAA?AUSegment@@XZ 000000014001c4a0 f   Player.obj
 0001:0001b4c0       ?GetLeftArrow@Player@@QEAA?AUSegment@@XZ 000000014001c4c0 f   Player.obj
 0001:0001b4e0       ?GetRightArrow@Player@@QEAA?AUSegment@@XZ 000000014001c4e0 f   Player.obj
 0001:0001b500       ?SetForward@Player@@QEAAX_N@Z 000000014001c500 f   Player.obj
 0001:0001b510       ?SetBackward@Player@@QEAAX_N@Z 000000014001c510 f   Player.obj
 0001:0001b520       ?SetLeft@Player@@QEAAX_N@Z 000000014001c520 f   Player.obj
 0001:0001b530       ?SetRight@Player@@QEAAX_N@Z 000000014001c530 f   Player.obj
 0001:0001b540       ??0RangedEnemy@@QEAA@XZ    000000014001c540 f   RangedEnemy.obj
 0001:0001b5f0       ?Initialize@RangedEnemy@@UEAA_NPEAUID3D11Device@@PEBDUfloat3@@@Z 000000014001c5f0 f   RangedEnemy.obj
 0001:0001b740       ?Update@RangedEnemy@@UEAAXMPEAVPlayer@@AEAV?$vector@PEAVBullet@@V?$allocator@PEAVBullet@@@std@@@std@@PEAUID3D11Device@@PEAUHWND__@@@Z 000000014001c740 f   RangedEnemy.obj
 0001:0001ba10       ?Attack@RangedEnemy@@QEAAXPEAVPlayer@@AEAV?$vector@PEAVBullet@@V?$allocator@PEAVBullet@@@std@@@std@@PEAUID3D11Device@@PEAUHWND__@@@Z 000000014001ca10 f   RangedEnemy.obj
 0001:0001bfe0       ?errorFunc@@YAJPEAU_EXCEPTION_POINTERS@@@Z 000000014001cfe0 f   RobotAnnihilation.obj
 0001:0001c110       WinMain                    000000014001d110 f   RobotAnnihilation.obj
 0001:0001c3b0       ?Shutdown@ShaderManager@@QEAAXXZ 000000014001d3b0 f   ShaderManager.obj
 0001:0001c580       ??0Item@Shop@@QEAA@W4WEAPONTYPE@1@MMMMV?$basic_string@DU?$char_traits@D@std@@V?$allocator@D@2@@std@@@Z 000000014001d580 f i Shop.obj
 0001:0001c690       ??1?$map@V?$basic_string@DU?$char_traits@D@std@@V?$allocator@D@2@@std@@PEAVUIElement@@U?$less@V?$basic_string@DU?$char_traits@D@std@@V?$allocator@D@2@@std@@@2@V?$allocator@U?$pair@$$CBV?$basic_string@DU?$char_traits@D@std@@V?$allocator@D@2@@std@@PEAVUIElement@@@std@@@2@@std@@QEAA@XZ 000000014001d690 f i Shop.obj
 0001:0001c6c0       ?Initialize@Shop@@QEAA_NXZ 000000014001d6c0 f   Shop.obj
 0001:0001e270       ?ShowARStats@Shop@@QEAAXXZ 000000014001f270 f   Shop.obj
 0001:0001e400       ?ShowSMGStats@Shop@@QEAAXXZ 000000014001f400 f   Shop.obj
 0001:0001e590       ?ShowPistolStats@Shop@@QEAAXXZ 000000014001f590 f   Shop.obj
 0001:0001e720       ?ShowMeleStats@Shop@@QEAAXXZ 000000014001f720 f   Shop.obj
 0001:0001e8b0       ?Update@Shop@@QEAAXXZ      000000014001f8b0 f   Shop.obj
 0001:0001ea40       ?SetShopVisibility@Shop@@QEAAX_N@Z 000000014001fa40 f   Shop.obj
 0001:0001eac0       ??1Shop@@QEAA@XZ           000000014001fac0 f   Shop.obj
 0001:0001ede0       ??A?$map@V?$basic_string@DU?$char_traits@D@std@@V?$allocator@D@2@@std@@PEAUItem@Shop@@U?$less@V?$basic_string@DU?$char_traits@D@std@@V?$allocator@D@2@@std@@@2@V?$allocator@U?$pair@$$CBV?$basic_string@DU?$char_traits@D@std@@V?$allocator@D@2@@std@@PEAUItem@Shop@@@std@@@2@@std@@QEAAAEAPEAUItem@Shop@@$$QEAV?$basic_string@DU?$char_traits@D@std@@V?$allocator@D@2@@1@@Z 000000014001fde0 f i Shop.obj
 0001:0001ede0       ??A?$map@V?$basic_string@DU?$char_traits@D@std@@V?$allocator@D@2@@std@@PEAVUIElement@@U?$less@V?$basic_string@DU?$char_traits@D@std@@V?$allocator@D@2@@std@@@2@V?$allocator@U?$pair@$$CBV?$basic_string@DU?$char_traits@D@std@@V?$allocator@D@2@@std@@PEAVUIElement@@@std@@@2@@std@@QEAAAEAPEAVUIElement@@$$QEAV?$basic_string@DU?$char_traits@D@std@@V?$allocator@D@2@@1@@Z 000000014001fde0 f i Shop.obj
 0001:0001ef20       ?_Erase@?$_Tree@V?$_Tmap_traits@V?$basic_string@DU?$char_traits@D@std@@V?$allocator@D@2@@std@@PEAVUIElement@@U?$less@V?$basic_string@DU?$char_traits@D@std@@V?$allocator@D@2@@std@@@2@V?$allocator@U?$pair@$$CBV?$basic_string@DU?$char_traits@D@std@@V?$allocator@D@2@@std@@PEAVUIElement@@@std@@@2@$0A@@std@@@std@@IEAAXPEAU?$_Tree_node@U?$pair@$$CBV?$basic_string@DU?$char_traits@D@std@@V?$allocator@D@2@@std@@PEAVUIElement@@@std@@PEAX@2@@Z 000000014001ff20 f i Shop.obj
 0001:0001ef20       ?_Erase@?$_Tree@V?$_Tmap_traits@V?$basic_string@DU?$char_traits@D@std@@V?$allocator@D@2@@std@@PEAUItem@Shop@@U?$less@V?$basic_string@DU?$char_traits@D@std@@V?$allocator@D@2@@std@@@2@V?$allocator@U?$pair@$$CBV?$basic_string@DU?$char_traits@D@std@@V?$allocator@D@2@@std@@PEAUItem@Shop@@@std@@@2@$0A@@std@@@std@@IEAAXPEAU?$_Tree_node@U?$pair@$$CBV?$basic_string@DU?$char_traits@D@std@@V?$allocator@D@2@@std@@PEAUItem@Shop@@@std@@PEAX@2@@Z 000000014001ff20 f i Shop.obj
 0001:0001efc0       ?erase@?$_Tree@V?$_Tmap_traits@V?$basic_string@DU?$char_traits@D@std@@V?$allocator@D@2@@std@@PEAUItem@Shop@@U?$less@V?$basic_string@DU?$char_traits@D@std@@V?$allocator@D@2@@std@@@2@V?$allocator@U?$pair@$$CBV?$basic_string@DU?$char_traits@D@std@@V?$allocator@D@2@@std@@PEAUItem@Shop@@@std@@@2@$0A@@std@@@std@@QEAA?AV?$_Tree_iterator@V?$_Tree_val@U?$_Tree_simple_types@U?$pair@$$CBV?$basic_string@DU?$char_traits@D@std@@V?$allocator@D@2@@std@@PEAUItem@Shop@@@std@@@std@@@std@@@2@V?$_Tree_const_iterator@V?$_Tree_val@U?$_Tree_simple_types@U?$pair@$$CBV?$basic_string@DU?$char_traits@D@std@@V?$allocator@D@2@@std@@PEAUItem@Shop@@@std@@@std@@@std@@@2@0@Z 000000014001ffc0 f i Shop.obj
 0001:0001efc0       ?erase@?$_Tree@V?$_Tmap_traits@V?$basic_string@DU?$char_traits@D@std@@V?$allocator@D@2@@std@@PEAVUIElement@@U?$less@V?$basic_string@DU?$char_traits@D@std@@V?$allocator@D@2@@std@@@2@V?$allocator@U?$pair@$$CBV?$basic_string@DU?$char_traits@D@std@@V?$allocator@D@2@@std@@PEAVUIElement@@@std@@@2@$0A@@std@@@std@@QEAA?AV?$_Tree_iterator@V?$_Tree_val@U?$_Tree_simple_types@U?$pair@$$CBV?$basic_string@DU?$char_traits@D@std@@V?$allocator@D@2@@std@@PEAVUIElement@@@std@@@std@@@std@@@2@V?$_Tree_const_iterator@V?$_Tree_val@U?$_Tree_simple_types@U?$pair@$$CBV?$basic_string@DU?$char_traits@D@std@@V?$allocator@D@2@@std@@PEAVUIElement@@@std@@@std@@@std@@@2@0@Z 000000014001ffc0 f i Shop.obj
 0001:0001f160       ?_Extract@?$_Tree_val@U?$_Tree_simple_types@U?$pair@$$CBV?$basic_string@DU?$char_traits@D@std@@V?$allocator@D@2@@std@@PEAVUIElement@@@std@@@std@@@std@@QEAAPEAU?$_Tree_node@U?$pair@$$CBV?$basic_string@DU?$char_traits@D@std@@V?$allocator@D@2@@std@@PEAVUIElement@@@std@@PEAX@2@V?$_Tree_const_iterator@V?$_Tree_val@U?$_Tree_simple_types@U?$pair@$$CBV?$basic_string@DU?$char_traits@D@std@@V?$allocator@D@2@@std@@PEAVUIElement@@@std@@@std@@@std@@@2@@Z 0000000140020160 f i Shop.obj
 0001:0001f160       ?_Extract@?$_Tree_val@U?$_Tree_simple_types@U?$pair@$$CBV?$basic_string@DU?$char_traits@D@std@@V?$allocator@D@2@@std@@PEAUItem@Shop@@@std@@@std@@@std@@QEAAPEAU?$_Tree_node@U?$pair@$$CBV?$basic_string@DU?$char_traits@D@std@@V?$allocator@D@2@@std@@PEAUItem@Shop@@@std@@PEAX@2@V?$_Tree_const_iterator@V?$_Tree_val@U?$_Tree_simple_types@U?$pair@$$CBV?$basic_string@DU?$char_traits@D@std@@V?$allocator@D@2@@std@@PEAUItem@Shop@@@std@@@std@@@std@@@2@@Z 0000000140020160 f i Shop.obj
 0001:0001f5f0       ?_Buyheadnode@?$_Tree_comp_alloc@V?$_Tmap_traits@V?$basic_string@DU?$char_traits@D@std@@V?$allocator@D@2@@std@@PEAUItem@Shop@@U?$less@V?$basic_string@DU?$char_traits@D@std@@V?$allocator@D@2@@std@@@2@V?$allocator@U?$pair@$$CBV?$basic_string@DU?$char_traits@D@std@@V?$allocator@D@2@@std@@PEAUItem@Shop@@@std@@@2@$0A@@std@@@std@@QEAAPEAU?$_Tree_node@U?$pair@$$CBV?$basic_string@DU?$char_traits@D@std@@V?$allocator@D@2@@std@@PEAUItem@Shop@@@std@@PEAX@2@XZ 00000001400205f0 f i Shop.obj
 0001:0001f5f0       ?_Buyheadnode@?$_Tree_comp_alloc@V?$_Tmap_traits@V?$basic_string@DU?$char_traits@D@std@@V?$allocator@D@2@@std@@PEAVUIElement@@U?$less@V?$basic_string@DU?$char_traits@D@std@@V?$allocator@D@2@@std@@@2@V?$allocator@U?$pair@$$CBV?$basic_string@DU?$char_traits@D@std@@V?$allocator@D@2@@std@@PEAVUIElement@@@std@@@2@$0A@@std@@@std@@QEAAPEAU?$_Tree_node@U?$pair@$$CBV?$basic_string@DU?$char_traits@D@std@@V?$allocator@D@2@@std@@PEAVUIElement@@@std@@PEAX@2@XZ 00000001400205f0 f i Shop.obj
 0001:0001f790       ??$_Buynode@AEBUpiecewise_construct_t@std@@V?$tuple@$$QEAV?$basic_string@DU?$char_traits@D@std@@V?$allocator@D@2@@std@@@2@V?$tuple@$$V@2@@?$_Tree_comp_alloc@V?$_Tmap_traits@V?$basic_string@DU?$char_traits@D@std@@V?$allocator@D@2@@std@@PEAVUIElement@@U?$less@V?$basic_string@DU?$char_traits@D@std@@V?$allocator@D@2@@std@@@2@V?$allocator@U?$pair@$$CBV?$basic_string@DU?$char_traits@D@std@@V?$allocator@D@2@@std@@PEAVUIElement@@@std@@@2@$0A@@std@@@std@@QEAAPEAU?$_Tree_node@U?$pair@$$CBV?$basic_string@DU?$char_traits@D@std@@V?$allocator@D@2@@std@@PEAVUIElement@@@std@@PEAX@1@AEBUpiecewise_construct_t@1@$$QEAV?$tuple@$$QEAV?$basic_string@DU?$char_traits@D@std@@V?$allocator@D@2@@std@@@1@$$QEAV?$tuple@$$V@1@@Z 0000000140020790 f i Shop.obj
 0001:0001f790       ??$_Buynode@AEBUpiecewise_construct_t@std@@V?$tuple@$$QEAV?$basic_string@DU?$char_traits@D@std@@V?$allocator@D@2@@std@@@2@V?$tuple@$$V@2@@?$_Tree_comp_alloc@V?$_Tmap_traits@V?$basic_string@DU?$char_traits@D@std@@V?$allocator@D@2@@std@@PEAUItem@Shop@@U?$less@V?$basic_string@DU?$char_traits@D@std@@V?$allocator@D@2@@std@@@2@V?$allocator@U?$pair@$$CBV?$basic_string@DU?$char_traits@D@std@@V?$allocator@D@2@@std@@PEAUItem@Shop@@@std@@@2@$0A@@std@@@std@@QEAAPEAU?$_Tree_node@U?$pair@$$CBV?$basic_string@DU?$char_traits@D@std@@V?$allocator@D@2@@std@@PEAUItem@Shop@@@std@@PEAX@1@AEBUpiecewise_construct_t@1@$$QEAV?$tuple@$$QEAV?$basic_string@DU?$char_traits@D@std@@V?$allocator@D@2@@std@@@1@$$QEAV?$tuple@$$V@1@@Z 0000000140020790 f i Shop.obj
 0001:0001f7e0       ??$_Insert_hint@AEAU?$pair@$$CBV?$basic_string@DU?$char_traits@D@std@@V?$allocator@D@2@@std@@PEAVUIElement@@@std@@PEAU?$_Tree_node@U?$pair@$$CBV?$basic_string@DU?$char_traits@D@std@@V?$allocator@D@2@@std@@PEAVUIElement@@@std@@PEAX@2@@?$_Tree@V?$_Tmap_traits@V?$basic_string@DU?$char_traits@D@std@@V?$allocator@D@2@@std@@PEAVUIElement@@U?$less@V?$basic_string@DU?$char_traits@D@std@@V?$allocator@D@2@@std@@@2@V?$allocator@U?$pair@$$CBV?$basic_string@DU?$char_traits@D@std@@V?$allocator@D@2@@std@@PEAVUIElement@@@std@@@2@$0A@@std@@@std@@IEAA?AV?$_Tree_iterator@V?$_Tree_val@U?$_Tree_simple_types@U?$pair@$$CBV?$basic_string@DU?$char_traits@D@std@@V?$allocator@D@2@@std@@PEAVUIElement@@@std@@@std@@@std@@@1@V?$_Tree_const_iterator@V?$_Tree_val@U?$_Tree_simple_types@U?$pair@$$CBV?$basic_string@DU?$char_traits@D@std@@V?$allocator@D@2@@std@@PEAVUIElement@@@std@@@std@@@std@@@1@AEAU?$pair@$$CBV?$basic_string@DU?$char_traits@D@std@@V?$allocator@D@2@@std@@PEAVUIElement@@@1@PEAU?$_Tree_node@U?$pair@$$CBV?$basic_string@DU?$char_traits@D@std@@V?$allocator@D@2@@std@@PEAVUIElement@@@std@@PEAX@1@@Z 00000001400207e0 f i Shop.obj
 0001:0001f7e0       ??$_Insert_hint@AEAU?$pair@$$CBV?$basic_string@DU?$char_traits@D@std@@V?$allocator@D@2@@std@@PEAUItem@Shop@@@std@@PEAU?$_Tree_node@U?$pair@$$CBV?$basic_string@DU?$char_traits@D@std@@V?$allocator@D@2@@std@@PEAUItem@Shop@@@std@@PEAX@2@@?$_Tree@V?$_Tmap_traits@V?$basic_string@DU?$char_traits@D@std@@V?$allocator@D@2@@std@@PEAUItem@Shop@@U?$less@V?$basic_string@DU?$char_traits@D@std@@V?$allocator@D@2@@std@@@2@V?$allocator@U?$pair@$$CBV?$basic_string@DU?$char_traits@D@std@@V?$allocator@D@2@@std@@PEAUItem@Shop@@@std@@@2@$0A@@std@@@std@@IEAA?AV?$_Tree_iterator@V?$_Tree_val@U?$_Tree_simple_types@U?$pair@$$CBV?$basic_string@DU?$char_traits@D@std@@V?$allocator@D@2@@std@@PEAUItem@Shop@@@std@@@std@@@std@@@1@V?$_Tree_const_iterator@V?$_Tree_val@U?$_Tree_simple_types@U?$pair@$$CBV?$basic_string@DU?$char_traits@D@std@@V?$allocator@D@2@@std@@PEAUItem@Shop@@@std@@@std@@@std@@@1@AEAU?$pair@$$CBV?$basic_string@DU?$char_traits@D@std@@V?$allocator@D@2@@std@@PEAUItem@Shop@@@1@PEAU?$_Tree_node@U?$pair@$$CBV?$basic_string@DU?$char_traits@D@std@@V?$allocator@D@2@@std@@PEAUItem@Shop@@@std@@PEAX@1@@Z 00000001400207e0 f i Shop.obj
 0001:0001fc40       ?_Buynode0@?$_Tree_comp_alloc@V?$_Tmap_traits@V?$basic_string@DU?$char_traits@D@std@@V?$allocator@D@2@@std@@PEAVUIElement@@U?$less@V?$basic_string@DU?$char_traits@D@std@@V?$allocator@D@2@@std@@@2@V?$allocator@U?$pair@$$CBV?$basic_string@DU?$char_traits@D@std@@V?$allocator@D@2@@std@@PEAVUIElement@@@std@@@2@$0A@@std@@@std@@QEAAPEAU?$_Tree_node@U?$pair@$$CBV?$basic_string@DU?$char_traits@D@std@@V?$allocator@D@2@@std@@PEAVUIElement@@@std@@PEAX@2@XZ 0000000140020c40 f i Shop.obj
 0001:0001fc40       ?_Buynode0@?$_Tree_comp_alloc@V?$_Tmap_traits@V?$basic_string@DU?$char_traits@D@std@@V?$allocator@D@2@@std@@PEAUItem@Shop@@U?$less@V?$basic_string@DU?$char_traits@D@std@@V?$allocator@D@2@@std@@@2@V?$allocator@U?$pair@$$CBV?$basic_string@DU?$char_traits@D@std@@V?$allocator@D@2@@std@@PEAUItem@Shop@@@std@@@2@$0A@@std@@@std@@QEAAPEAU?$_Tree_node@U?$pair@$$CBV?$basic_string@DU?$char_traits@D@std@@V?$allocator@D@2@@std@@PEAUItem@Shop@@@std@@PEAX@2@XZ 0000000140020c40 f i Shop.obj
 0001:0001fc70       ?_Destroy_if_node@?$_Tree@V?$_Tmap_traits@V?$basic_string@DU?$char_traits@D@std@@V?$allocator@D@2@@std@@PEAVUIElement@@U?$less@V?$basic_string@DU?$char_traits@D@std@@V?$allocator@D@2@@std@@@2@V?$allocator@U?$pair@$$CBV?$basic_string@DU?$char_traits@D@std@@V?$allocator@D@2@@std@@PEAVUIElement@@@std@@@2@$0A@@std@@@std@@IEAAXPEAU?$_Tree_node@U?$pair@$$CBV?$basic_string@DU?$char_traits@D@std@@V?$allocator@D@2@@std@@PEAVUIElement@@@std@@PEAX@2@@Z 0000000140020c70 f i Shop.obj
 0001:0001fc70       ?_Destroy_if_node@?$_Tree@V?$_Tmap_traits@V?$basic_string@DU?$char_traits@D@std@@V?$allocator@D@2@@std@@PEAUItem@Shop@@U?$less@V?$basic_string@DU?$char_traits@D@std@@V?$allocator@D@2@@std@@@2@V?$allocator@U?$pair@$$CBV?$basic_string@DU?$char_traits@D@std@@V?$allocator@D@2@@std@@PEAUItem@Shop@@@std@@@2@$0A@@std@@@std@@IEAAXPEAU?$_Tree_node@U?$pair@$$CBV?$basic_string@DU?$char_traits@D@std@@V?$allocator@D@2@@std@@PEAUItem@Shop@@@std@@PEAX@2@@Z 0000000140020c70 f i Shop.obj
 0001:0001fce0       ??$_Insert_at@AEAU?$pair@$$CBV?$basic_string@DU?$char_traits@D@std@@V?$allocator@D@2@@std@@PEAUItem@Shop@@@std@@PEAU?$_Tree_node@U?$pair@$$CBV?$basic_string@DU?$char_traits@D@std@@V?$allocator@D@2@@std@@PEAUItem@Shop@@@std@@PEAX@2@@?$_Tree@V?$_Tmap_traits@V?$basic_string@DU?$char_traits@D@std@@V?$allocator@D@2@@std@@PEAUItem@Shop@@U?$less@V?$basic_string@DU?$char_traits@D@std@@V?$allocator@D@2@@std@@@2@V?$allocator@U?$pair@$$CBV?$basic_string@DU?$char_traits@D@std@@V?$allocator@D@2@@std@@PEAUItem@Shop@@@std@@@2@$0A@@std@@@std@@IEAA?AV?$_Tree_iterator@V?$_Tree_val@U?$_Tree_simple_types@U?$pair@$$CBV?$basic_string@DU?$char_traits@D@std@@V?$allocator@D@2@@std@@PEAUItem@Shop@@@std@@@std@@@std@@@1@_NPEAU?$_Tree_node@U?$pair@$$CBV?$basic_string@DU?$char_traits@D@std@@V?$allocator@D@2@@std@@PEAUItem@Shop@@@std@@PEAX@1@AEAU?$pair@$$CBV?$basic_string@DU?$char_traits@D@std@@V?$allocator@D@2@@std@@PEAUItem@Shop@@@1@1@Z 0000000140020ce0 f i Shop.obj
 0001:0001fce0       ??$_Insert_at@AEAU?$pair@$$CBV?$basic_string@DU?$char_traits@D@std@@V?$allocator@D@2@@std@@PEAVUIElement@@@std@@PEAU?$_Tree_node@U?$pair@$$CBV?$basic_string@DU?$char_traits@D@std@@V?$allocator@D@2@@std@@PEAVUIElement@@@std@@PEAX@2@@?$_Tree@V?$_Tmap_traits@V?$basic_string@DU?$char_traits@D@std@@V?$allocator@D@2@@std@@PEAVUIElement@@U?$less@V?$basic_string@DU?$char_traits@D@std@@V?$allocator@D@2@@std@@@2@V?$allocator@U?$pair@$$CBV?$basic_string@DU?$char_traits@D@std@@V?$allocator@D@2@@std@@PEAVUIElement@@@std@@@2@$0A@@std@@@std@@IEAA?AV?$_Tree_iterator@V?$_Tree_val@U?$_Tree_simple_types@U?$pair@$$CBV?$basic_string@DU?$char_traits@D@std@@V?$allocator@D@2@@std@@PEAVUIElement@@@std@@@std@@@std@@@1@_NPEAU?$_Tree_node@U?$pair@$$CBV?$basic_string@DU?$char_traits@D@std@@V?$allocator@D@2@@std@@PEAVUIElement@@@std@@PEAX@1@AEAU?$pair@$$CBV?$basic_string@DU?$char_traits@D@std@@V?$allocator@D@2@@std@@PEAVUIElement@@@1@1@Z 0000000140020ce0 f i Shop.obj
 0001:0001ff90       ??$_Insert_nohint@AEAU?$pair@$$CBV?$basic_string@DU?$char_traits@D@std@@V?$allocator@D@2@@std@@PEAVUIElement@@@std@@PEAU?$_Tree_node@U?$pair@$$CBV?$basic_string@DU?$char_traits@D@std@@V?$allocator@D@2@@std@@PEAVUIElement@@@std@@PEAX@2@@?$_Tree@V?$_Tmap_traits@V?$basic_string@DU?$char_traits@D@std@@V?$allocator@D@2@@std@@PEAVUIElement@@U?$less@V?$basic_string@DU?$char_traits@D@std@@V?$allocator@D@2@@std@@@2@V?$allocator@U?$pair@$$CBV?$basic_string@DU?$char_traits@D@std@@V?$allocator@D@2@@std@@PEAVUIElement@@@std@@@2@$0A@@std@@@std@@IEAA?AU?$pair@V?$_Tree_iterator@V?$_Tree_val@U?$_Tree_simple_types@U?$pair@$$CBV?$basic_string@DU?$char_traits@D@std@@V?$allocator@D@2@@std@@PEAVUIElement@@@std@@@std@@@std@@@std@@_N@1@_NAEAU?$pair@$$CBV?$basic_string@DU?$char_traits@D@std@@V?$allocator@D@2@@std@@PEAVUIElement@@@1@PEAU?$_Tree_node@U?$pair@$$CBV?$basic_string@DU?$char_traits@D@std@@V?$allocator@D@2@@std@@PEAVUIElement@@@std@@PEAX@1@@Z 0000000140020f90 f i Shop.obj
 0001:0001ff90       ??$_Insert_nohint@AEAU?$pair@$$CBV?$basic_string@DU?$char_traits@D@std@@V?$allocator@D@2@@std@@PEAUItem@Shop@@@std@@PEAU?$_Tree_node@U?$pair@$$CBV?$basic_string@DU?$char_traits@D@std@@V?$allocator@D@2@@std@@PEAUItem@Shop@@@std@@PEAX@2@@?$_Tree@V?$_Tmap_traits@V?$basic_string@DU?$char_traits@D@std@@V?$allocator@D@2@@std@@PEAUItem@Shop@@U?$less@V?$basic_string@DU?$char_traits@D@std@@V?$allocator@D@2@@std@@@2@V?$allocator@U?$pair@$$CBV?$basic_string@DU?$char_traits@D@std@@V?$allocator@D@2@@std@@PEAUItem@Shop@@@std@@@2@$0A@@std@@@std@@IEAA?AU?$pair@V?$_Tree_iterator@V?$_Tree_val@U?$_Tree_simple_types@U?$pair@$$CBV?$basic_string@DU?$char_traits@D@std@@V?$allocator@D@2@@std@@PEAUItem@Shop@@@std@@@std@@@std@@@std@@_N@1@_NAEAU?$pair@$$CBV?$basic_string@DU?$char_traits@D@std@@V?$allocator@D@2@@std@@PEAUItem@Shop@@@1@PEAU?$_Tree_node@U?$pair@$$CBV?$basic_string@DU?$char_traits@D@std@@V?$allocator@D@2@@std@@PEAUItem@Shop@@@std@@PEAX@1@@Z 0000000140020f90 f i Shop.obj
 0001:000201c0       ?CompileShaders@SkyboxShader@@AEAA_NPEAUID3D11Device@@PEA_W1@Z 00000001400211c0 f   SkyboxShader.obj
 0001:00020520       ?ProcessShaderErrors@SkyboxShader@@AEAAXPEAUID3D10Blob@@@Z 0000000140021520 f   SkyboxShader.obj
 0001:00020520       ?ProcessShaderErrors@StaticShader@@AEAAXPEAUID3D10Blob@@@Z 0000000140021520 f   StaticShader.obj
 0001:00020520       ?ProcessShaderErrors@AnimatedShader@@AEAAXPEAUID3D10Blob@@@Z 0000000140021520 f   shaderstuff.obj
 0001:000206a0       ??_D?$basic_ofstream@DU?$char_traits@D@std@@@std@@QEAAXXZ 00000001400216a0 f i SkyboxShader.obj
 0001:00020710       ?UpdateShaderBuffers@SkyboxShader@@AEAA_NPEAUID3D11DeviceContext@@UXMMATRIX@DirectX@@11PEAUID3D11ShaderResourceView@@@Z 0000000140021710 f   SkyboxShader.obj
 0001:00020960       ??0?$basic_ofstream@DU?$char_traits@D@std@@@std@@QEAA@XZ 0000000140021960 f i SkyboxShader.obj
 0001:00020a20       ??_E?$basic_ofstream@DU?$char_traits@D@std@@@std@@UEAAPEAXI@Z 0000000140021a20 f i * CIL library *:* CIL module *
 0001:00020a20       ??_G?$basic_ofstream@DU?$char_traits@D@std@@@std@@UEAAPEAXI@Z 0000000140021a20 f i SkyboxShader.obj
 0001:00020a60       ??$?6U?$char_traits@D@std@@@std@@YAAEAV?$basic_ostream@DU?$char_traits@D@std@@@0@AEAV10@D@Z 0000000140021a60 f i SkyboxShader.obj
 0001:00020c20       ??1sentry@?$basic_ostream@DU?$char_traits@D@std@@@std@@QEAA@XZ 0000000140021c20 f i SkyboxShader.obj
 0001:00020c70       ??1_Sentry_base@?$basic_ostream@DU?$char_traits@D@std@@@std@@QEAA@XZ 0000000140021c70 f i SkyboxShader.obj
 0001:00020ca0       ??_E?$basic_ofstream@DU?$char_traits@D@std@@@std@@$4PPPPPPPM@A@EAAPEAXI@Z 0000000140021ca0 f i SkyboxShader.obj
 0001:00020cb0       ??0Sound@@QEAA@PEADH@Z     0000000140021cb0 f   Sound.obj
 0001:00020cd0       ?Initialize@Sound@@QEAA_NPEAUHWND__@@@Z 0000000140021cd0 f   Sound.obj
 0001:00020d90       ?LoadWaveFile@Sound@@AEAA_NPEBDPEAPEAUIDirectSoundBuffer8@@@Z 0000000140021d90 f   Sound.obj
 0001:00021030       ?PlayWaveFile@Sound@@QEAA_NXZ 0000000140022030 f   Sound.obj
 0001:00021080       ?Render@StaticShader@@QEAA_NPEAUID3D11DeviceContext@@HUXMMATRIX@DirectX@@11PEAUID3D11ShaderResourceView@@UXMFLOAT3@4@UXMFLOAT4@4@QEAU74@54444444_N@Z 0000000140022080 f   StaticShader.obj
 0001:00021510       ?CompileShaders@StaticShader@@AEAA_NPEAUID3D11Device@@PEA_W1@Z 0000000140022510 f   StaticShader.obj
 0001:000218b0       ?GetPos@UIElement@@QEAA?AUfloat2@@XZ 00000001400228b0 f i UIElement.obj
 0001:000218d0       ??1UIElement@@QEAA@XZ      00000001400228d0 f   UIElement.obj
 0001:00021970       ??0TextElement@@QEAA@UtagRECT@@_N1Ufloat2@@HPEAD@Z 0000000140022970 f   UIElement.obj
 0001:00021a60       ?Update@ButtonElement@@UEAAXM@Z 0000000140022a60 f   UIElement.obj
 0001:00021b00       ?SetDefaultTexture@ButtonElement@@QEAAXPEBD@Z 0000000140022b00 f   UIElement.obj
 0001:00021c80       ?SetMouseOverTexture@ButtonElement@@QEAAXPEBD@Z 0000000140022c80 f   UIElement.obj
 0001:00021cf0       ?SetMouseClickTexture@ButtonElement@@QEAAXPEBD@Z 0000000140022cf0 f   UIElement.obj
 0001:00021d60       ??0Target@@QEAA@XZ         0000000140022d60 f   Target.obj
 0001:00021e20       ?Initialize@Target@@UEAA_NPEAUID3D11Device@@PEBDUfloat3@@@Z 0000000140022e20 f   Target.obj
 0001:00021fb0       ?Update@Target@@UEAAXMPEAVPlayer@@AEAV?$vector@PEAVBullet@@V?$allocator@PEAVBullet@@@std@@@std@@PEAUID3D11Device@@PEAUHWND__@@@Z 0000000140022fb0 f   Target.obj
 0001:00022320       ?Render@UIManager@@QEAAXAEAV?$unique_ptr@VSpriteBatch@DirectX@@U?$default_delete@VSpriteBatch@DirectX@@@std@@@std@@AEAV?$unique_ptr@VSpriteFont@DirectX@@U?$default_delete@VSpriteFont@DirectX@@@std@@@3@1@Z 0000000140023320 f   UIManager.obj
 0001:00022600       ?CreateText@UIManager@@QEAAPEAVUIElement@@UtagRECT@@_N1Ufloat2@@HPEBD@Z 0000000140023600 f   UIManager.obj
 0001:00022720       ?CreateText@UIManager@@QEAAPEAVUIElement@@UtagRECT@@_N1Ufloat2@@HV?$basic_string@DU?$char_traits@D@std@@V?$allocator@D@2@@std@@@Z 0000000140023720 f   UIManager.obj
 0001:000228c0       ?CreateImage@UIManager@@QEAAPEAVUIElement@@UtagRECT@@_N1Ufloat2@@PEBDPEAUID3D11Device@@@Z 00000001400238c0 f   UIManager.obj
 0001:00022ae0       ?CreateButton@UIManager@@QEAAPEAVUIElement@@UtagRECT@@_N1Ufloat2@@PEAUID3D11Device@@HPEBD@Z 0000000140023ae0 f   UIManager.obj
 0001:00023780       ?CreateWICTextureFromFileEx@DirectX@@YAJPEAUID3D11Device@@PEAUID3D11DeviceContext@@PEB_W_KW4D3D11_USAGE@@IIIIPEAPEAUID3D11Resource@@PEAPEAUID3D11ShaderResourceView@@@Z 0000000140024780 f   WICTextureLoader.obj
 0001:000238f0       ??1?$ComPtr@UIWICMetadataQueryReader@@@WRL@Microsoft@@QEAA@XZ 00000001400248f0 f i WICTextureLoader.obj
 0001:000238f0       ??1?$ComPtr@UIWICComponentInfo@@@WRL@Microsoft@@QEAA@XZ 00000001400248f0 f i WICTextureLoader.obj
 0001:000238f0       ??1?$ComPtr@UID3D11DepthStencilState@@@WRL@Microsoft@@QEAA@XZ 00000001400248f0 f i DirectXTK:SpriteBatch.obj
 0001:000238f0       ??1?$ComPtr@UID3D11Buffer@@@WRL@Microsoft@@QEAA@XZ 00000001400248f0 f i DirectXTK:SpriteBatch.obj
 0001:000238f0       ??1?$ComPtr@UID3D11ShaderResourceView@@@WRL@Microsoft@@QEAA@XZ 00000001400248f0 f i DirectXTK:SpriteFont.obj
 0001:000238f0       ??1?$ComPtr@UIWICFormatConverter@@@WRL@Microsoft@@QEAA@XZ 00000001400248f0 f i WICTextureLoader.obj
 0001:000238f0       ??1?$ComPtr@UID3D11RasterizerState@@@WRL@Microsoft@@QEAA@XZ 00000001400248f0 f i DirectXTK:SpriteBatch.obj
 0001:000238f0       ??1?$ComPtr@UID3D11Resource@@@WRL@Microsoft@@QEAA@XZ 00000001400248f0 f i DirectXTK:SpriteBatch.obj
 0001:000238f0       ??1?$ComPtr@UID3D11Device@@@WRL@Microsoft@@QEAA@XZ 00000001400248f0 f i DirectXTK:SpriteBatch.obj
 0001:000238f0       ??1?$ComPtr@UID3D11InputLayout@@@WRL@Microsoft@@QEAA@XZ 00000001400248f0 f i DirectXTK:SpriteBatch.obj
 0001:000238f0       ??1?$ComPtr@UIWICBitmapFrameDecode@@@WRL@Microsoft@@QEAA@XZ 00000001400248f0 f i WICTextureLoader.obj
 0001:000238f0       ??1?$ComPtr@UID3D11SamplerState@@@WRL@Microsoft@@QEAA@XZ 00000001400248f0 f i DirectXTK:SpriteBatch.obj
 0001:000238f0       ??1?$ComPtr@UIWICBitmapDecoder@@@WRL@Microsoft@@QEAA@XZ 00000001400248f0 f i WICTextureLoader.obj
 0001:000238f0       ??1?$ComPtr@UID3D11Texture2D@@@WRL@Microsoft@@QEAA@XZ 00000001400248f0 f i DirectXTK:SpriteBatch.obj
 0001:000238f0       ??1?$ComPtr@UIWICPixelFormatInfo@@@WRL@Microsoft@@QEAA@XZ 00000001400248f0 f i WICTextureLoader.obj
 0001:000238f0       ??1?$ComPtr@UID3D11BlendState@@@WRL@Microsoft@@QEAA@XZ 00000001400248f0 f i DirectXTK:SpriteBatch.obj
 0001:000238f0       ??1?$ComPtr@UIWICBitmapScaler@@@WRL@Microsoft@@QEAA@XZ 00000001400248f0 f i WICTextureLoader.obj
 0001:000238f0       ??1?$ComPtr@UID3D11VertexShader@@@WRL@Microsoft@@QEAA@XZ 00000001400248f0 f i DirectXTK:SpriteBatch.obj
 0001:000238f0       ??1?$ComPtr@UID3D11DeviceContext@@@WRL@Microsoft@@QEAA@XZ 00000001400248f0 f i DirectXTK:SpriteBatch.obj
 0001:000238f0       ??1?$ComPtr@UID3D11PixelShader@@@WRL@Microsoft@@QEAA@XZ 00000001400248f0 f i DirectXTK:SpriteBatch.obj
 0001:00023910       ??1?$unique_ptr@$$BY0A@UD3D11_SUBRESOURCE_DATA@@U?$default_delete@$$BY0A@UD3D11_SUBRESOURCE_DATA@@@std@@@std@@QEAA@XZ 0000000140024910 f i DirectXTK:DDSTextureLoader.obj
 0001:00023910       ??1?$unique_ptr@$$BY0A@EU?$default_delete@$$BY0A@E@std@@@std@@QEAA@XZ 0000000140024910 f i WICTextureLoader.obj
 0001:00023910       ??1?$unique_ptr@$$BY0A@_WU?$default_delete@$$BY0A@_W@std@@@std@@QEAA@XZ 0000000140024910 f i DirectXTK:SpriteFont.obj
 0001:00023920       ?CompileShaders@AnimatedShader@@AEAA_NPEAUID3D11Device@@PEA_W1@Z 0000000140024920 f   shaderstuff.obj
 0001:00023cc0       ?UpdateShaderBuffers@AnimatedShader@@AEAA_NPEAUID3D11DeviceContext@@UXMMATRIX@DirectX@@11PEAUID3D11ShaderResourceView@@UXMFLOAT3@4@UXMFLOAT4@4@V?$vector@V?$array@Ufloat4@@$03@std@@V?$allocator@V?$array@Ufloat4@@$03@std@@@2@@std@@QEAU74@64444444_N7@Z 0000000140024cc0 f   shaderstuff.obj
 0001:000241e0       ?Restart@XTime@@QEAAXXZ    00000001400251e0 f   XTime.obj
 0001:00024260       __scrt_exe_initialize_mta  0000000140025260 f i MSVCRT:utility_desktop.obj
 0001:00024260       __scrt_initialize_winrt    0000000140025260 f i MSVCRT:utility_desktop.obj
 0001:00024260       _get_startup_commit_mode   0000000140025260 f i MSVCRT:commit_mode.obj
 0001:00024260       _get_startup_new_mode      0000000140025260 f i MSVCRT:new_mode.obj
 0001:00024260       _matherr                   0000000140025260 f i MSVCRT:matherr.obj
 0001:00024260       ?_Get_deleter@_Ref_count_base@std@@UEBAPEAXAEBVtype_info@@@Z 0000000140025260 f i DirectXTK:SpriteBatch.obj
 0001:00024260       __scrt_stub_for_initialize_mta 0000000140025260 f i MSVCRT:utility_desktop.obj
 0001:00024260       _get_startup_thread_locale_mode 0000000140025260 f i MSVCRT:thread_locale.obj
 0001:00024270       ?_Destroy@?$_Ref_count_obj@UResourceMap@?$SharedResourcePool@PEAUID3D11Device@@UDeviceResources@Impl@SpriteBatch@DirectX@@$$V@DirectX@@@std@@EEAAXXZ 0000000140025270 f i DirectXTK:SpriteBatch.obj
 0001:00024270       ?_Destroy@?$_Ref_count_obj@UResourceMap@?$SharedResourcePool@PEAUID3D11Device@@VImpl@CommonStates@DirectX@@$$V@DirectX@@@std@@EEAAXXZ 0000000140025270 f i DirectXTK:CommonStates.obj
 0001:00024270       ?_Destroy@?$_Ref_count_obj@UResourceMap@?$SharedResourcePool@PEAUID3D11DeviceContext@@UContextResources@Impl@SpriteBatch@DirectX@@$$V@DirectX@@@std@@EEAAXXZ 0000000140025270 f i DirectXTK:SpriteBatch.obj
 0001:000242c0       ?_Delete_this@?$_Ref_count_obj@UResourceMap@?$SharedResourcePool@PEAUID3D11DeviceContext@@UContextResources@Impl@SpriteBatch@DirectX@@$$V@DirectX@@@std@@EEAAXXZ 00000001400252c0 f i DirectXTK:SpriteBatch.obj
 0001:000242c0       ?_Delete_this@?$_Ref_count_obj@UResourceMap@?$SharedResourcePool@PEAUID3D11Device@@VImpl@CommonStates@DirectX@@$$V@DirectX@@@std@@EEAAXXZ 00000001400252c0 f i DirectXTK:CommonStates.obj
 0001:000242c0       ?_Delete_this@?$_Ref_count_obj@UWrappedData@?$SharedResourcePool@PEAUID3D11Device@@VImpl@CommonStates@DirectX@@$$V@DirectX@@@std@@EEAAXXZ 00000001400252c0 f i DirectXTK:CommonStates.obj
 0001:000242c0       ?_Delete_this@?$_Ref_count_obj@UWrappedData@?$SharedResourcePool@PEAUID3D11DeviceContext@@UContextResources@Impl@SpriteBatch@DirectX@@$$V@DirectX@@@std@@EEAAXXZ 00000001400252c0 f i DirectXTK:SpriteBatch.obj
 0001:000242c0       ?_Delete_this@?$_Ref_count_obj@UWrappedData@?$SharedResourcePool@PEAUID3D11Device@@UDeviceResources@Impl@SpriteBatch@DirectX@@$$V@DirectX@@@std@@EEAAXXZ 00000001400252c0 f i DirectXTK:SpriteBatch.obj
 0001:000242c0       ?_Delete_this@?$_Ref_count_obj@UResourceMap@?$SharedResourcePool@PEAUID3D11Device@@UDeviceResources@Impl@SpriteBatch@DirectX@@$$V@DirectX@@@std@@EEAAXXZ 00000001400252c0 f i DirectXTK:SpriteBatch.obj
 0001:000242e0       ??_E?$_Ref_count_obj@UResourceMap@?$SharedResourcePool@PEAUID3D11Device@@VImpl@CommonStates@DirectX@@$$V@DirectX@@@std@@UEAAPEAXI@Z 00000001400252e0 f i DirectXTK:CommonStates.obj
 0001:000242e0       ??_G?$_Ref_count_obj@UResourceMap@?$SharedResourcePool@PEAUID3D11Device@@UDeviceResources@Impl@SpriteBatch@DirectX@@$$V@DirectX@@@std@@UEAAPEAXI@Z 00000001400252e0 f i DirectXTK:SpriteBatch.obj
 0001:000242e0       ??_E?$_Ref_count_obj@UResourceMap@?$SharedResourcePool@PEAUID3D11DeviceContext@@UContextResources@Impl@SpriteBatch@DirectX@@$$V@DirectX@@@std@@UEAAPEAXI@Z 00000001400252e0 f i DirectXTK:SpriteBatch.obj
 0001:000242e0       ??_G?$_Ref_count_obj@UResourceMap@?$SharedResourcePool@PEAUID3D11Device@@VImpl@CommonStates@DirectX@@$$V@DirectX@@@std@@UEAAPEAXI@Z 00000001400252e0 f i DirectXTK:CommonStates.obj
 0001:000242e0       ??_E?$_Ref_count_obj@UResourceMap@?$SharedResourcePool@PEAUID3D11Device@@UDeviceResources@Impl@SpriteBatch@DirectX@@$$V@DirectX@@@std@@UEAAPEAXI@Z 00000001400252e0 f i DirectXTK:SpriteBatch.obj
 0001:000242e0       ??_G?$_Ref_count_obj@UResourceMap@?$SharedResourcePool@PEAUID3D11DeviceContext@@UContextResources@Impl@SpriteBatch@DirectX@@$$V@DirectX@@@std@@UEAAPEAXI@Z 00000001400252e0 f i DirectXTK:SpriteBatch.obj
 0001:00024310       ??$_Buynode@AEAU?$pair@PEAUID3D11Device@@V?$shared_ptr@UWrappedData@?$SharedResourcePool@PEAUID3D11Device@@UDeviceResources@Impl@SpriteBatch@DirectX@@$$V@DirectX@@@std@@@std@@@?$_Tree_comp_alloc@V?$_Tmap_traits@PEAUID3D11Device@@V?$weak_ptr@UDeviceResources@Impl@SpriteBatch@DirectX@@@std@@U?$less@PEAUID3D11Device@@@3@V?$allocator@U?$pair@QEAUID3D11Device@@V?$weak_ptr@UDeviceResources@Impl@SpriteBatch@DirectX@@@std@@@std@@@3@$0A@@std@@@std@@QEAAPEAU?$_Tree_node@U?$pair@QEAUID3D11Device@@V?$weak_ptr@UDeviceResources@Impl@SpriteBatch@DirectX@@@std@@@std@@PEAX@1@AEAU?$pair@PEAUID3D11Device@@V?$shared_ptr@UWrappedData@?$SharedResourcePool@PEAUID3D11Device@@UDeviceResources@Impl@SpriteBatch@DirectX@@$$V@DirectX@@@std@@@1@@Z 0000000140025310 f i DirectXTK:SpriteBatch.obj
 0001:00024310       ??$_Buynode@AEAU?$pair@PEAUID3D11Device@@V?$shared_ptr@UWrappedData@?$SharedResourcePool@PEAUID3D11Device@@VImpl@CommonStates@DirectX@@$$V@DirectX@@@std@@@std@@@?$_Tree_comp_alloc@V?$_Tmap_traits@PEAUID3D11Device@@V?$weak_ptr@VImpl@CommonStates@DirectX@@@std@@U?$less@PEAUID3D11Device@@@3@V?$allocator@U?$pair@QEAUID3D11Device@@V?$weak_ptr@VImpl@CommonStates@DirectX@@@std@@@std@@@3@$0A@@std@@@std@@QEAAPEAU?$_Tree_node@U?$pair@QEAUID3D11Device@@V?$weak_ptr@VImpl@CommonStates@DirectX@@@std@@@std@@PEAX@1@AEAU?$pair@PEAUID3D11Device@@V?$shared_ptr@UWrappedData@?$SharedResourcePool@PEAUID3D11Device@@VImpl@CommonStates@DirectX@@$$V@DirectX@@@std@@@1@@Z 0000000140025310 f i DirectXTK:CommonStates.obj
 0001:00024310       ??$_Buynode@AEAU?$pair@PEAUID3D11DeviceContext@@V?$shared_ptr@UWrappedData@?$SharedResourcePool@PEAUID3D11DeviceContext@@UContextResources@Impl@SpriteBatch@DirectX@@$$V@DirectX@@@std@@@std@@@?$_Tree_comp_alloc@V?$_Tmap_traits@PEAUID3D11DeviceContext@@V?$weak_ptr@UContextResources@Impl@SpriteBatch@DirectX@@@std@@U?$less@PEAUID3D11DeviceContext@@@3@V?$allocator@U?$pair@QEAUID3D11DeviceContext@@V?$weak_ptr@UContextResources@Impl@SpriteBatch@DirectX@@@std@@@std@@@3@$0A@@std@@@std@@QEAAPEAU?$_Tree_node@U?$pair@QEAUID3D11DeviceContext@@V?$weak_ptr@UContextResources@Impl@SpriteBatch@DirectX@@@std@@@std@@PEAX@1@AEAU?$pair@PEAUID3D11DeviceContext@@V?$shared_ptr@UWrappedData@?$SharedResourcePool@PEAUID3D11DeviceContext@@UContextResources@Impl@SpriteBatch@DirectX@@$$V@DirectX@@@std@@@1@@Z 0000000140025310 f i DirectXTK:SpriteBatch.obj
 0001:00024370       ??$_Emplace_reallocate@AEAPEAUID3D11ShaderResourceView@@@?$vector@V?$ComPtr@UID3D11ShaderResourceView@@@WRL@Microsoft@@V?$allocator@V?$ComPtr@UID3D11ShaderResourceView@@@WRL@Microsoft@@@std@@@std@@QEAAPEAV?$ComPtr@UID3D11ShaderResourceView@@@WRL@Microsoft@@QEAV234@AEAPEAUID3D11ShaderResourceView@@@Z 0000000140025370 f i DirectXTK:SpriteBatch.obj
 0001:00024600       ??$_Emplace_reallocate@AEBF@?$vector@FV?$allocator@F@std@@@std@@QEAAPEAFQEAFAEBF@Z 0000000140025600 f i DirectXTK:SpriteBatch.obj
 0001:00024600       ??$_Emplace_reallocate@F@?$vector@FV?$allocator@F@std@@@std@@QEAAPEAFQEAF$$QEAF@Z 0000000140025600 f i DirectXTK:SpriteBatch.obj
 0001:00024c40       ??$_Insert_at@AEAU?$pair@QEAUID3D11DeviceContext@@V?$weak_ptr@UContextResources@Impl@SpriteBatch@DirectX@@@std@@@std@@PEAU?$_Tree_node@U?$pair@QEAUID3D11DeviceContext@@V?$weak_ptr@UContextResources@Impl@SpriteBatch@DirectX@@@std@@@std@@PEAX@2@@?$_Tree@V?$_Tmap_traits@PEAUID3D11DeviceContext@@V?$weak_ptr@UContextResources@Impl@SpriteBatch@DirectX@@@std@@U?$less@PEAUID3D11DeviceContext@@@3@V?$allocator@U?$pair@QEAUID3D11DeviceContext@@V?$weak_ptr@UContextResources@Impl@SpriteBatch@DirectX@@@std@@@std@@@3@$0A@@std@@@std@@IEAA?AV?$_Tree_iterator@V?$_Tree_val@U?$_Tree_simple_types@U?$pair@QEAUID3D11DeviceContext@@V?$weak_ptr@UContextResources@Impl@SpriteBatch@DirectX@@@std@@@std@@@std@@@std@@@1@_NPEAU?$_Tree_node@U?$pair@QEAUID3D11DeviceContext@@V?$weak_ptr@UContextResources@Impl@SpriteBatch@DirectX@@@std@@@std@@PEAX@1@AEAU?$pair@QEAUID3D11DeviceContext@@V?$weak_ptr@UContextResources@Impl@SpriteBatch@DirectX@@@std@@@1@1@Z 0000000140025c40 f i DirectXTK:SpriteBatch.obj
 0001:00024c40       ??$_Insert_at@AEAU?$pair@QEAUID3D11Device@@V?$weak_ptr@UDeviceResources@Impl@SpriteBatch@DirectX@@@std@@@std@@PEAU?$_Tree_node@U?$pair@QEAUID3D11Device@@V?$weak_ptr@UDeviceResources@Impl@SpriteBatch@DirectX@@@std@@@std@@PEAX@2@@?$_Tree@V?$_Tmap_traits@PEAUID3D11Device@@V?$weak_ptr@UDeviceResources@Impl@SpriteBatch@DirectX@@@std@@U?$less@PEAUID3D11Device@@@3@V?$allocator@U?$pair@QEAUID3D11Device@@V?$weak_ptr@UDeviceResources@Impl@SpriteBatch@DirectX@@@std@@@std@@@3@$0A@@std@@@std@@IEAA?AV?$_Tree_iterator@V?$_Tree_val@U?$_Tree_simple_types@U?$pair@QEAUID3D11Device@@V?$weak_ptr@UDeviceResources@Impl@SpriteBatch@DirectX@@@std@@@std@@@std@@@std@@@1@_NPEAU?$_Tree_node@U?$pair@QEAUID3D11Device@@V?$weak_ptr@UDeviceResources@Impl@SpriteBatch@DirectX@@@std@@@std@@PEAX@1@AEAU?$pair@QEAUID3D11Device@@V?$weak_ptr@UDeviceResources@Impl@SpriteBatch@DirectX@@@std@@@1@1@Z 0000000140025c40 f i DirectXTK:SpriteBatch.obj
 0001:00024c40       ??$_Insert_at@AEAU?$pair@QEAUID3D11Device@@V?$weak_ptr@VImpl@CommonStates@DirectX@@@std@@@std@@PEAU?$_Tree_node@U?$pair@QEAUID3D11Device@@V?$weak_ptr@VImpl@CommonStates@DirectX@@@std@@@std@@PEAX@2@@?$_Tree@V?$_Tmap_traits@PEAUID3D11Device@@V?$weak_ptr@VImpl@CommonStates@DirectX@@@std@@U?$less@PEAUID3D11Device@@@3@V?$allocator@U?$pair@QEAUID3D11Device@@V?$weak_ptr@VImpl@CommonStates@DirectX@@@std@@@std@@@3@$0A@@std@@@std@@IEAA?AV?$_Tree_iterator@V?$_Tree_val@U?$_Tree_simple_types@U?$pair@QEAUID3D11Device@@V?$weak_ptr@VImpl@CommonStates@DirectX@@@std@@@std@@@std@@@std@@@1@_NPEAU?$_Tree_node@U?$pair@QEAUID3D11Device@@V?$weak_ptr@VImpl@CommonStates@DirectX@@@std@@@std@@PEAX@1@AEAU?$pair@QEAUID3D11Device@@V?$weak_ptr@VImpl@CommonStates@DirectX@@@std@@@1@1@Z 0000000140025c40 f i DirectXTK:CommonStates.obj
 0001:00024ec0       ??$_Insert_nohint@AEAU?$pair@QEAUID3D11DeviceContext@@V?$weak_ptr@UContextResources@Impl@SpriteBatch@DirectX@@@std@@@std@@PEAU?$_Tree_node@U?$pair@QEAUID3D11DeviceContext@@V?$weak_ptr@UContextResources@Impl@SpriteBatch@DirectX@@@std@@@std@@PEAX@2@@?$_Tree@V?$_Tmap_traits@PEAUID3D11DeviceContext@@V?$weak_ptr@UContextResources@Impl@SpriteBatch@DirectX@@@std@@U?$less@PEAUID3D11DeviceContext@@@3@V?$allocator@U?$pair@QEAUID3D11DeviceContext@@V?$weak_ptr@UContextResources@Impl@SpriteBatch@DirectX@@@std@@@std@@@3@$0A@@std@@@std@@IEAA?AU?$pair@V?$_Tree_iterator@V?$_Tree_val@U?$_Tree_simple_types@U?$pair@QEAUID3D11DeviceContext@@V?$weak_ptr@UContextResources@Impl@SpriteBatch@DirectX@@@std@@@std@@@std@@@std@@@std@@_N@1@_NAEAU?$pair@QEAUID3D11DeviceContext@@V?$weak_ptr@UContextResources@Impl@SpriteBatch@DirectX@@@std@@@1@PEAU?$_Tree_node@U?$pair@QEAUID3D11DeviceContext@@V?$weak_ptr@UContextResources@Impl@SpriteBatch@DirectX@@@std@@@std@@PEAX@1@@Z 0000000140025ec0 f i DirectXTK:SpriteBatch.obj
[...]
 0004:00001bcc       $pdata$?catch$0@?0???$_Insert_nohint@AEAU?$pair@$$CBV?$basic_string@DU?$char_traits@D@std@@V?$allocator@D@2@@std@@PEAVUIElement@@@std@@PEAU?$_Tree_node@U?$pair@$$CBV?$basic_string@DU?$char_traits@D@std@@V?$allocator@D@2@@std@@PEAVUIElement@@@std@@PEAX@2@@?$_Tree@V?$_Tmap_traits@V?$basic_string@DU?$char_traits@D@std@@V?$allocator@D@2@@std@@PEAVUIElement@@U?$less@V?$basic_string@DU?$char_traits@D@std@@V?$allocator@D@2@@std@@@2@V?$allocator@U?$pair@$$CBV?$basic_string@DU?$char_traits@D@std@@V?$allocator@D@2@@std@@PEAVUIElement@@@std@@@2@$0A@@std@@@std@@IEAA?AU?$pair@V?$_Tree_iterator@V?$_Tree_val@U?$_Tree_simple_types@U?$pair@$$CBV?$basic_string@DU?$char_traits@D@std@@V?$allocator@D@2@@std@@PEAVUIElement@@@std@@@std@@@std@@@std@@_N@1@_NAEAU?$pair@$$CBV?$basic_string@DU?$char_traits@D@std@@V?$allocator@D@2@@std@@PEAVUIElement@@@1@PEAU?$_Tree_node@U?$pair@$$CBV?$basic_string@DU?$char_traits@D@std@@V?$allocator@D@2@@std@@PEAVUIElement@@@std@@PEAX@1@@Z@4HA 0000000140044bcc     Shop.obj
 0004:00001bcc       $pdata$?catch$0@?0???$_Insert_nohint@AEAU?$pair@$$CBV?$basic_string@DU?$char_traits@D@std@@V?$allocator@D@2@@std@@PEAUItem@Shop@@@std@@PEAU?$_Tree_node@U?$pair@$$CBV?$basic_string@DU?$char_traits@D@std@@V?$allocator@D@2@@std@@PEAUItem@Shop@@@std@@PEAX@2@@?$_Tree@V?$_Tmap_traits@V?$basic_string@DU?$char_traits@D@std@@V?$allocator@D@2@@std@@PEAUItem@Shop@@U?$less@V?$basic_string@DU?$char_traits@D@std@@V?$allocator@D@2@@std@@@2@V?$allocator@U?$pair@$$CBV?$basic_string@DU?$char_traits@D@std@@V?$allocator@D@2@@std@@PEAUItem@Shop@@@std@@@2@$0A@@std@@@std@@IEAA?AU?$pair@V?$_Tree_iterator@V?$_Tree_val@U?$_Tree_simple_types@U?$pair@$$CBV?$basic_string@DU?$char_traits@D@std@@V?$allocator@D@2@@std@@PEAUItem@Shop@@@std@@@std@@@std@@@std@@_N@1@_NAEAU?$pair@$$CBV?$basic_string@DU?$char_traits@D@std@@V?$allocator@D@2@@std@@PEAUItem@Shop@@@1@PEAU?$_Tree_node@U?$pair@$$CBV?$basic_string@DU?$char_traits@D@std@@V?$allocator@D@2@@std@@PEAUItem@Shop@@@std@@PEAX@1@@Z@4HA 0000000140044bcc     Shop.obj
 0004:00001bd8       $pdata$?dtor$0@?0???0?$basic_ofstream@DU?$char_traits@D@std@@@std@@QEAA@XZ@4HA 0000000140044bd8     SkyboxShader.obj
 0004:00001be4       $pdata$?catch$4@?0???$?6U?$char_traits@D@std@@@std@@YAAEAV?$basic_ostream@DU?$char_traits@D@std@@@0@AEAV10@D@Z@4HA 0000000140044be4     SkyboxShader.obj
 0004:00001bf0       $pdata$?dtor$0@?0??CreateText@UIManager@@QEAAPEAVUIElement@@UtagRECT@@_N1Ufloat2@@HPEBD@Z@4HA 0000000140044bf0     UIManager.obj
 0004:00001bfc       $pdata$?dtor$1@?0??CreateText@UIManager@@QEAAPEAVUIElement@@UtagRECT@@_N1Ufloat2@@HV?$basic_string@DU?$char_traits@D@std@@V?$allocator@D@2@@std@@@Z@4HA 0000000140044bfc     UIManager.obj
 0004:00001c08       $pdata$?dtor$0@?0??CreateImage@UIManager@@QEAAPEAVUIElement@@UtagRECT@@_N1Ufloat2@@PEBDPEAUID3D11Device@@@Z@4HA 0000000140044c08     UIManager.obj
 0004:00001c14       $pdata$?dtor$0@?0??CreateButton@UIManager@@QEAAPEAVUIElement@@UtagRECT@@_N1Ufloat2@@PEAUID3D11Device@@HPEBD@Z@4HA 0000000140044c14     UIManager.obj
 0004:00001c20       $pdata$?dtor$2@?0??CreateButton@UIManager@@QEAAPEAVUIElement@@UtagRECT@@_N1Ufloat2@@PEAUID3D11Device@@HPEBD@Z@4HA 0000000140044c20     UIManager.obj
 0004:00001c2c       $pdata$?catch$1@?0???$_Buynode@AEAU?$pair@PEAUID3D11Device@@V?$shared_ptr@UWrappedData@?$SharedResourcePool@PEAUID3D11Device@@UDeviceResources@Impl@SpriteBatch@DirectX@@$$V@DirectX@@@std@@@std@@@?$_Tree_comp_alloc@V?$_Tmap_traits@PEAUID3D11Device@@V?$weak_ptr@UDeviceResources@Impl@SpriteBatch@DirectX@@@std@@U?$less@PEAUID3D11Device@@@3@V?$allocator@U?$pair@QEAUID3D11Device@@V?$weak_ptr@UDeviceResources@Impl@SpriteBatch@DirectX@@@std@@@std@@@3@$0A@@std@@@std@@QEAAPEAU?$_Tree_node@U?$pair@QEAUID3D11Device@@V?$weak_ptr@UDeviceResources@Impl@SpriteBatch@DirectX@@@std@@@std@@PEAX@1@AEAU?$pair@PEAUID3D11Device@@V?$shared_ptr@UWrappedData@?$SharedResourcePool@PEAUID3D11Device@@UDeviceResources@Impl@SpriteBatch@DirectX@@$$V@DirectX@@@std@@@1@@Z@4HA 0000000140044c2c     DirectXTK:SpriteBatch.obj
 0004:00001c2c       $pdata$?catch$1@?0???$_Buynode@AEAU?$pair@PEAUID3D11DeviceContext@@V?$shared_ptr@UWrappedData@?$SharedResourcePool@PEAUID3D11DeviceContext@@UContextResources@Impl@SpriteBatch@DirectX@@$$V@DirectX@@@std@@@std@@@?$_Tree_comp_alloc@V?$_Tmap_traits@PEAUID3D11DeviceContext@@V?$weak_ptr@UContextResources@Impl@SpriteBatch@DirectX@@@std@@U?$less@PEAUID3D11DeviceContext@@@3@V?$allocator@U?$pair@QEAUID3D11DeviceContext@@V?$weak_ptr@UContextResources@Impl@SpriteBatch@DirectX@@@std@@@std@@@3@$0A@@std@@@std@@QEAAPEAU?$_Tree_node@U?$pair@QEAUID3D11DeviceContext@@V?$weak_ptr@UContextResources@Impl@SpriteBatch@DirectX@@@std@@@std@@PEAX@1@AEAU?$pair@PEAUID3D11DeviceContext@@V?$shared_ptr@UWrappedData@?$SharedResourcePool@PEAUID3D11DeviceContext@@UContextResources@Impl@SpriteBatch@DirectX@@$$V@DirectX@@@std@@@1@@Z@4HA 0000000140044c2c     DirectXTK:SpriteBatch.obj
 0004:00001c2c       $pdata$?catch$1@?0???$_Buynode@AEAU?$pair@PEAUID3D11Device@@V?$shared_ptr@UWrappedData@?$SharedResourcePool@PEAUID3D11Device@@VImpl@CommonStates@DirectX@@$$V@DirectX@@@std@@@std@@@?$_Tree_comp_alloc@V?$_Tmap_traits@PEAUID3D11Device@@V?$weak_ptr@VImpl@CommonStates@DirectX@@@std@@U?$less@PEAUID3D11Device@@@3@V?$allocator@U?$pair@QEAUID3D11Device@@V?$weak_ptr@VImpl@CommonStates@DirectX@@@std@@@std@@@3@$0A@@std@@@std@@QEAAPEAU?$_Tree_node@U?$pair@QEAUID3D11Device@@V?$weak_ptr@VImpl@CommonStates@DirectX@@@std@@@std@@PEAX@1@AEAU?$pair@PEAUID3D11Device@@V?$shared_ptr@UWrappedData@?$SharedResourcePool@PEAUID3D11Device@@VImpl@CommonStates@DirectX@@$$V@DirectX@@@std@@@1@@Z@4HA 0000000140044c2c     DirectXTK:CommonStates.obj
 0004:00001c38       $pdata$?catch$6@?0???$_Emplace_reallocate@AEAPEAUID3D11ShaderResourceView@@@?$vector@V?$ComPtr@UID3D11ShaderResourceView@@@WRL@Microsoft@@V?$allocator@V?$ComPtr@UID3D11ShaderResourceView@@@WRL@Microsoft@@@std@@@std@@QEAAPEAV?$ComPtr@UID3D11ShaderResourceView@@@WRL@Microsoft@@QEAV234@AEAPEAUID3D11ShaderResourceView@@@Z@4HA 0000000140044c38     DirectXTK:SpriteBatch.obj
 0004:00001c44       $pdata$?catch$0@?0???$_Emplace_reallocate@F@?$vector@FV?$allocator@F@std@@@std@@QEAAPEAFQEAF$$QEAF@Z@4HA 0000000140044c44     DirectXTK:SpriteBatch.obj
 0004:00001c44       $pdata$?catch$0@?0???$_Emplace_reallocate@AEBF@?$vector@FV?$allocator@F@std@@@std@@QEAAPEAFQEAFAEBF@Z@4HA 0000000140044c44     DirectXTK:SpriteBatch.obj
 0004:00001c50       $pdata$?catch$1@?0???$_Insert_nohint@AEAU?$pair@QEAUID3D11Device@@V?$weak_ptr@UDeviceResources@Impl@SpriteBatch@DirectX@@@std@@@std@@PEAU?$_Tree_node@U?$pair@QEAUID3D11Device@@V?$weak_ptr@UDeviceResources@Impl@SpriteBatch@DirectX@@@std@@@std@@PEAX@2@@?$_Tree@V?$_Tmap_traits@PEAUID3D11Device@@V?$weak_ptr@UDeviceResources@Impl@SpriteBatch@DirectX@@@std@@U?$less@PEAUID3D11Device@@@3@V?$allocator@U?$pair@QEAUID3D11Device@@V?$weak_ptr@UDeviceResources@Impl@SpriteBatch@DirectX@@@std@@@std@@@3@$0A@@std@@@std@@IEAA?AU?$pair@V?$_Tree_iterator@V?$_Tree_val@U?$_Tree_simple_types@U?$pair@QEAUID3D11Device@@V?$weak_ptr@UDeviceResources@Impl@SpriteBatch@DirectX@@@std@@@std@@@std@@@std@@@std@@_N@1@_NAEAU?$pair@QEAUID3D11Device@@V?$weak_ptr@UDeviceResources@Impl@SpriteBatch@DirectX@@@std@@@1@PEAU?$_Tree_node@U?$pair@QEAUID3D11Device@@V?$weak_ptr@UDeviceResources@Impl@SpriteBatch@DirectX@@@std@@@std@@PEAX@1@@Z@4HA 0000000140044c50     DirectXTK:SpriteBatch.obj
 0004:00001c50       $pdata$?catch$1@?0???$_Insert_nohint@AEAU?$pair@QEAUID3D11Device@@V?$weak_ptr@VImpl@CommonStates@DirectX@@@std@@@std@@PEAU?$_Tree_node@U?$pair@QEAUID3D11Device@@V?$weak_ptr@VImpl@CommonStates@DirectX@@@std@@@std@@PEAX@2@@?$_Tree@V?$_Tmap_traits@PEAUID3D11Device@@V?$weak_ptr@VImpl@CommonStates@DirectX@@@std@@U?$less@PEAUID3D11Device@@@3@V?$allocator@U?$pair@QEAUID3D11Device@@V?$weak_ptr@VImpl@CommonStates@DirectX@@@std@@@std@@@3@$0A@@std@@@std@@IEAA?AU?$pair@V?$_Tree_iterator@V?$_Tree_val@U?$_Tree_simple_types@U?$pair@QEAUID3D11Device@@V?$weak_ptr@VImpl@CommonStates@DirectX@@@std@@@std@@@std@@@std@@@std@@_N@1@_NAEAU?$pair@QEAUID3D11Device@@V?$weak_ptr@VImpl@CommonStates@DirectX@@@std@@@1@PEAU?$_Tree_node@U?$pair@QEAUID3D11Device@@V?$weak_ptr@VImpl@CommonStates@DirectX@@@std@@@std@@PEAX@1@@Z@4HA 0000000140044c50     DirectXTK:CommonStates.obj
 0004:00001c50       $pdata$?catch$1@?0???$_Insert_nohint@AEAU?$pair@QEAUID3D11DeviceContext@@V?$weak_ptr@UContextResources@Impl@SpriteBatch@DirectX@@@std@@@std@@PEAU?$_Tree_node@U?$pair@QEAUID3D11DeviceContext@@V?$weak_ptr@UContextResources@Impl@SpriteBatch@DirectX@@@std@@@std@@PEAX@2@@?$_Tree@V?$_Tmap_traits@PEAUID3D11DeviceContext@@V?$weak_ptr@UContextResources@Impl@SpriteBatch@DirectX@@@std@@U?$less@PEAUID3D11DeviceContext@@@3@V?$allocator@U?$pair@QEAUID3D11DeviceContext@@V?$weak_ptr@UContextResources@Impl@SpriteBatch@DirectX@@@std@@@std@@@3@$0A@@std@@@std@@IEAA?AU?$pair@V?$_Tree_iterator@V?$_Tree_val@U?$_Tree_simple_types@U?$pair@QEAUID3D11DeviceContext@@V?$weak_ptr@UContextResources@Impl@SpriteBatch@DirectX@@@std@@@std@@@std@@@std@@@std@@_N@1@_NAEAU?$pair@QEAUID3D11DeviceContext@@V?$weak_ptr@UContextResources@Impl@SpriteBatch@DirectX@@@std@@@1@PEAU?$_Tree_node@U?$pair@QEAUID3D11DeviceContext@@V?$weak_ptr@UContextResources@Impl@SpriteBatch@DirectX@@@std@@@std@@PEAX@1@@Z@4HA 0000000140044c50     DirectXTK:SpriteBatch.obj
 0004:00001c5c       $pdata$?catch$0@?0???$_Resize@V<lambda_e8c6c8b564571a11716b943a92ab7d7d>@@@?$vector@PEBUSpriteInfo@Impl@SpriteBatch@DirectX@@V?$allocator@PEBUSpriteInfo@Impl@SpriteBatch@DirectX@@@std@@@std@@AEAAX_KV<lambda_e8c6c8b564571a11716b943a92ab7d7d>@@@Z@4HA 0000000140044c5c     DirectXTK:SpriteBatch.obj
 0004:00001c68       $pdata$?dtor$14@?0???$make_unique@VImpl@SpriteBatch@DirectX@@AEAPEAUID3D11DeviceContext@@$0A@@std@@YA?AV?$unique_ptr@VImpl@SpriteBatch@DirectX@@U?$default_delete@VImpl@SpriteBatch@DirectX@@@std@@@0@AEAPEAUID3D11DeviceContext@@@Z@4HA 0000000140044c68     DirectXTK:SpriteBatch.obj
 0004:00001c74       $pdata$?dtor$4@?0???0ContextResources@Impl@SpriteBatch@DirectX@@QEAA@PEAUID3D11DeviceContext@@@Z@4HA 0000000140044c74     DirectXTK:SpriteBatch.obj
 0004:00001c80       $pdata$?dtor$7@?0???0ContextResources@Impl@SpriteBatch@DirectX@@QEAA@PEAUID3D11DeviceContext@@@Z@4HA 0000000140044c80     DirectXTK:SpriteBatch.obj
 0004:00001c8c       $pdata$?dtor$1@?0???__E?contextResourcesPool@Impl@SpriteBatch@DirectX@@0V?$SharedResourcePool@PEAUID3D11DeviceContext@@UContextResources@Impl@SpriteBatch@DirectX@@$$V@3@A@@YAXXZ@4HA 0000000140044c8c     DirectXTK:SpriteBatch.obj
 0004:00001c8c       $pdata$?dtor$1@?0???__E?deviceResourcesPool@Impl@SpriteBatch@DirectX@@0V?$SharedResourcePool@PEAUID3D11Device@@UDeviceResources@Impl@SpriteBatch@DirectX@@$$V@3@A@@YAXXZ@4HA 0000000140044c8c     DirectXTK:SpriteBatch.obj
 0004:00001c8c       $pdata$?dtor$1@?0???__E?instancePool@Impl@CommonStates@DirectX@@2V?$SharedResourcePool@PEAUID3D11Device@@VImpl@CommonStates@DirectX@@$$V@3@A@@YAXXZ@4HA 0000000140044c8c     DirectXTK:CommonStates.obj
 0004:00001c98       $pdata$?dtor$0@?0??CreateIndexValues@DeviceResources@Impl@SpriteBatch@DirectX@@CA?AV?$vector@FV?$allocator@F@std@@@std@@XZ@4HA 0000000140044c98     DirectXTK:SpriteBatch.obj
 0004:00001ca4       $pdata$?dtor$7@?0??DemandCreate@?$SharedResourcePool@PEAUID3D11Device@@UDeviceResources@Impl@SpriteBatch@DirectX@@$$V@DirectX@@QEAA?AV?$shared_ptr@UDeviceResources@Impl@SpriteBatch@DirectX@@@std@@PEAUID3D11Device@@@Z@4HA 0000000140044ca4     DirectXTK:SpriteBatch.obj
 0004:00001cb0       $pdata$?dtor$7@?0??DemandCreate@?$SharedResourcePool@PEAUID3D11DeviceContext@@UContextResources@Impl@SpriteBatch@DirectX@@$$V@DirectX@@QEAA?AV?$shared_ptr@UContextResources@Impl@SpriteBatch@DirectX@@@std@@PEAUID3D11DeviceContext@@@Z@4HA 0000000140044cb0     DirectXTK:SpriteBatch.obj
 0004:00001cbc       $pdata$?catch$0@?0??_Buyheadnode@?$_Tree_comp_alloc@V?$_Tmap_traits@PEAUID3D11Device@@V?$weak_ptr@UDeviceResources@Impl@SpriteBatch@DirectX@@@std@@U?$less@PEAUID3D11Device@@@3@V?$allocator@U?$pair@QEAUID3D11Device@@V?$weak_ptr@UDeviceResources@Impl@SpriteBatch@DirectX@@@std@@@std@@@3@$0A@@std@@@std@@QEAAPEAU?$_Tree_node@U?$pair@QEAUID3D11Device@@V?$weak_ptr@UDeviceResources@Impl@SpriteBatch@DirectX@@@std@@@std@@PEAX@2@XZ@4HA 0000000140044cbc     DirectXTK:SpriteBatch.obj
 0004:00001cbc       $pdata$?catch$0@?0??_Buyheadnode@?$_Tree_comp_alloc@V?$_Tmap_traits@PEAUID3D11Device@@V?$weak_ptr@VImpl@CommonStates@DirectX@@@std@@U?$less@PEAUID3D11Device@@@3@V?$allocator@U?$pair@QEAUID3D11Device@@V?$weak_ptr@VImpl@CommonStates@DirectX@@@std@@@std@@@3@$0A@@std@@@std@@QEAAPEAU?$_Tree_node@U?$pair@QEAUID3D11Device@@V?$weak_ptr@VImpl@CommonStates@DirectX@@@std@@@std@@PEAX@2@XZ@4HA 0000000140044cbc     DirectXTK:CommonStates.obj
 0004:00001cbc       $pdata$?catch$0@?0??_Buyheadnode@?$_Tree_comp_alloc@V?$_Tmap_traits@PEAUID3D11DeviceContext@@V?$weak_ptr@UContextResources@Impl@SpriteBatch@DirectX@@@std@@U?$less@PEAUID3D11DeviceContext@@@3@V?$allocator@U?$pair@QEAUID3D11DeviceContext@@V?$weak_ptr@UContextResources@Impl@SpriteBatch@DirectX@@@std@@@std@@@3@$0A@@std@@@std@@QEAAPEAU?$_Tree_node@U?$pair@QEAUID3D11DeviceContext@@V?$weak_ptr@UContextResources@Impl@SpriteBatch@DirectX@@@std@@@std@@PEAX@2@XZ@4HA 0000000140044cbc     DirectXTK:SpriteBatch.obj
 0004:00001cc8       $pdata$?catch$0@?0??_Buynode0@?$_Tree_comp_alloc@V?$_Tmap_traits@PEAUID3D11Device@@V?$weak_ptr@UDeviceResources@Impl@SpriteBatch@DirectX@@@std@@U?$less@PEAUID3D11Device@@@3@V?$allocator@U?$pair@QEAUID3D11Device@@V?$weak_ptr@UDeviceResources@Impl@SpriteBatch@DirectX@@@std@@@std@@@3@$0A@@std@@@std@@QEAAPEAU?$_Tree_node@U?$pair@QEAUID3D11Device@@V?$weak_ptr@UDeviceResources@Impl@SpriteBatch@DirectX@@@std@@@std@@PEAX@2@XZ@4HA 0000000140044cc8     DirectXTK:SpriteBatch.obj
 0004:00001cc8       $pdata$?catch$0@?0??_Buynode0@?$_Tree_comp_alloc@V?$_Tmap_traits@PEAUID3D11Device@@V?$weak_ptr@VImpl@CommonStates@DirectX@@@std@@U?$less@PEAUID3D11Device@@@3@V?$allocator@U?$pair@QEAUID3D11Device@@V?$weak_ptr@VImpl@CommonStates@DirectX@@@std@@@std@@@3@$0A@@std@@@std@@QEAAPEAU?$_Tree_node@U?$pair@QEAUID3D11Device@@V?$weak_ptr@VImpl@CommonStates@DirectX@@@std@@@std@@PEAX@2@XZ@4HA 0000000140044cc8     DirectXTK:CommonStates.obj
 0004:00001cc8       $pdata$?catch$0@?0??_Buynode0@?$_Tree_comp_alloc@V?$_Tmap_traits@PEAUID3D11DeviceContext@@V?$weak_ptr@UContextResources@Impl@SpriteBatch@DirectX@@@std@@U?$less@PEAUID3D11DeviceContext@@@3@V?$allocator@U?$pair@QEAUID3D11DeviceContext@@V?$weak_ptr@UContextResources@Impl@SpriteBatch@DirectX@@@std@@@std@@@3@$0A@@std@@@std@@QEAAPEAU?$_Tree_node@U?$pair@QEAUID3D11DeviceContext@@V?$weak_ptr@UContextResources@Impl@SpriteBatch@DirectX@@@std@@@std@@PEAX@2@XZ@4HA 0000000140044cc8     DirectXTK:SpriteBatch.obj
 0004:00001cd4       $pdata$?catch$0@?0??_Reallocate_exactly@?$vector@FV?$allocator@F@std@@@std@@AEAAX_K@Z@4HA 0000000140044cd4     DirectXTK:SpriteBatch.obj
 0004:00001ce0       $pdata$?dtor$3@?0???0SpriteFont@DirectX@@QEAA@PEAUID3D11Device@@PEB_W_N@Z@4HA 0000000140044ce0     DirectXTK:SpriteFont.obj
 0004:00001cec       $pdata$?filt$0@?0??__scrt_common_main_seh@@YAHXZ@4HA 0000000140044cec     MSVCRT:exe_winmain.obj
 0004:00001cf8       $pdata$__scrt_is_nonwritable_in_current_image$filt$0 0000000140044cf8     MSVCRT:utility.obj
 0004:00001d04       $pdata$?catch$0@?0???2@YAPEAX_KAEBUnothrow_t@std@@@Z@4HA 0000000140044d04     MSVCRT:new_scalar_nothrow.obj
 0004:00001d10       $pdata$??__F?contextResourcesPool@Impl@SpriteBatch@DirectX@@0V?$SharedResourcePool@PEAUID3D11DeviceContext@@UContextResources@Impl@SpriteBatch@DirectX@@$$V@3@A@@YAXXZ 0000000140044d10     DirectXTK:SpriteBatch.obj
 0004:00001d1c       $pdata$0$??__F?contextResourcesPool@Impl@SpriteBatch@DirectX@@0V?$SharedResourcePool@PEAUID3D11DeviceContext@@UContextResources@Impl@SpriteBatch@DirectX@@$$V@3@A@@YAXXZ 0000000140044d1c     DirectXTK:SpriteBatch.obj
 0004:00001d28       $pdata$1$??__F?contextResourcesPool@Impl@SpriteBatch@DirectX@@0V?$SharedResourcePool@PEAUID3D11DeviceContext@@UContextResources@Impl@SpriteBatch@DirectX@@$$V@3@A@@YAXXZ 0000000140044d28     DirectXTK:SpriteBatch.obj
 0004:00001d34       $pdata$??__F?deviceResourcesPool@Impl@SpriteBatch@DirectX@@0V?$SharedResourcePool@PEAUID3D11Device@@UDeviceResources@Impl@SpriteBatch@DirectX@@$$V@3@A@@YAXXZ 0000000140044d34     DirectXTK:SpriteBatch.obj
 0004:00001d40       $pdata$0$??__F?deviceResourcesPool@Impl@SpriteBatch@DirectX@@0V?$SharedResourcePool@PEAUID3D11Device@@UDeviceResources@Impl@SpriteBatch@DirectX@@$$V@3@A@@YAXXZ 0000000140044d40     DirectXTK:SpriteBatch.obj
 0004:00001d4c       $pdata$1$??__F?deviceResourcesPool@Impl@SpriteBatch@DirectX@@0V?$SharedResourcePool@PEAUID3D11Device@@UDeviceResources@Impl@SpriteBatch@DirectX@@$$V@3@A@@YAXXZ 0000000140044d4c     DirectXTK:SpriteBatch.obj
 0004:00001d58       $pdata$??__F?instancePool@Impl@CommonStates@DirectX@@2V?$SharedResourcePool@PEAUID3D11Device@@VImpl@CommonStates@DirectX@@$$V@3@A@@YAXXZ 0000000140044d58     DirectXTK:CommonStates.obj
 0004:00001d64       $pdata$0$??__F?instancePool@Impl@CommonStates@DirectX@@2V?$SharedResourcePool@PEAUID3D11Device@@VImpl@CommonStates@DirectX@@$$V@3@A@@YAXXZ 0000000140044d64     DirectXTK:CommonStates.obj
 0004:00001d70       $pdata$1$??__F?instancePool@Impl@CommonStates@DirectX@@2V?$SharedResourcePool@PEAUID3D11Device@@VImpl@CommonStates@DirectX@@$$V@3@A@@YAXXZ 0000000140044d70     DirectXTK:CommonStates.obj
 0005:000004b0       $R000000                   00000001400454b0     RobotAnnihilation.res
 0005:00000918       $R000468                   0000000140045918     RobotAnnihilation.res
 0005:000012a0       $R000DF0                   00000001400462a0     RobotAnnihilation.res
 0005:00002348       $R001E98                   0000000140047348     RobotAnnihilation.res
 0005:000048f0       $R004440                   00000001400498f0     RobotAnnihilation.res
 0005:000058d0       $R005420                   000000014004a8d0     RobotAnnihilation.res
 0005:00005920       $R005470                   000000014004a920     RobotAnnihilation.res
 0005:00006a80       $R0065D0                   000000014004ba80     RobotAnnihilation.res
 0005:00007928       $R007478                   000000014004c928     RobotAnnihilation.res
 0005:000081d0       $R007D20                   000000014004d1d0     RobotAnnihilation.res
 0005:00008738       $R008288                   000000014004d738     RobotAnnihilation.res
 0005:00009048       $R008B98                   000000014004e048     RobotAnnihilation.res
 0005:0000d270       $R00CDC0                   0000000140052270     RobotAnnihilation.res
 0005:0000f818       $R00F368                   0000000140054818     RobotAnnihilation.res
 0005:000108c0       $R010410                   00000001400558c0     RobotAnnihilation.res
 0005:00010d28       $R010878                   0000000140055d28     RobotAnnihilation.res
 0005:00010db0       $R010900                   0000000140055db0     RobotAnnihilation.res
 0005:00010e00       $R010950                   0000000140055e00     RobotAnnihilation.res
 0005:00010e10       $R010960                   0000000140055e10     RobotAnnihilation.res
 0005:00010f68       $R010AB8                   0000000140055f68     RobotAnnihilation.res
 0005:00010fd0       $R010B20                   0000000140055fd0     RobotAnnihilation.res

 Exports

  ordinal    name

