 RobotAnnihilation

 Timestamp is 5cae221f (Wed Apr 10 13:04:31 2019)

 Preferred load address is 0000000140000000

 Start         Length     Name                   Class
 0001:00000000 000006f0H .text$di                CODE
 0001:000006f0 000292d0H .text$mn                CODE
 0001:000299c0 00000020H .text$mn$00             CODE
 0001:000299e0 00001520H .text$x                 CODE
 0001:0002af00 000000fcH .text$yd                CODE
 0002:00000000 00000620H .idata$5                DATA
 0002:00000620 00000010H .00cfg                  DATA
 0002:00000630 00000008H .CRT$XCA                DATA
 0002:00000638 00000008H .CRT$XCAA               DATA
 0002:00000640 00000008H .CRT$XCL                DATA
 0002:00000648 00000030H .CRT$XCU                DATA
 0002:00000678 00000008H .CRT$XCZ                DATA
 0002:00000680 00000008H .CRT$XIA                DATA
 0002:00000688 00000008H .CRT$XIAA               DATA
 0002:00000690 00000008H .CRT$XIAC               DATA
 0002:00000698 00000008H .CRT$XIC                DATA
 0002:000006a0 00000008H .CRT$XIZ                DATA
 0002:000006a8 00000008H .CRT$XLA                DATA
 0002:000006b0 00000008H .CRT$XLZ                DATA
 0002:000006b8 00000008H .CRT$XPA                DATA
 0002:000006c0 00000008H .CRT$XPZ                DATA
 0002:000006c8 00000008H .CRT$XTA                DATA
 0002:000006d0 00000010H .CRT$XTZ                DATA
 0002:000006d8 00000000H .gfids$y                DATA
 0002:000006e0 000040a0H .rdata                  DATA
 0002:00004780 00000030H .rdata$T                DATA
 0002:000047b0 000019e8H .rdata$r                DATA
 0002:00006198 00000000H .rdata$zETW0            DATA
 0002:00006198 00000000H .rdata$zETW9            DATA
 0002:00006198 00000438H .rdata$zzzdbg           DATA
 0002:000065d0 00000008H .rtc$IAA                DATA
 0002:000065d8 00000008H .rtc$IZZ                DATA
 0002:000065e0 00000008H .rtc$TAA                DATA
 0002:000065e8 00000008H .rtc$TZZ                DATA
 0002:000065f0 00000004H .tls                    DATA
 0002:000065f4 00000004H .tls$                   DATA
 0002:000065f8 00000008H .tls$ZZZ                DATA
 0002:00006600 00004498H .xdata                  DATA
 0002:0000aa98 00000270H .xdata$x                DATA
 0002:0000ad08 00000000H minATL$__a              DATA
 0002:0000ad08 00000000H minATL$__m              DATA
 0002:0000ad08 00000000H minATL$__z              DATA
 0002:0000ad08 00000000H .edata                  DATA
 0002:0000ad08 000001ccH .idata$2                DATA
 0002:0000aed4 00000014H .idata$3                DATA
 0002:0000aee8 00000620H .idata$4                DATA
 0002:0000b508 000013e2H .idata$6                DATA
 0003:00000000 000002e0H .data                   DATA
 0003:000002e0 00001240H .data$r                 DATA
 0003:00001520 00000df0H .bss                    DATA
 0004:00000000 00001a88H .pdata                  DATA
 0005:00000000 00000570H .rsrc$01                DATA
 0005:00000570 00016cc0H .rsrc$02                DATA

  Address         Publics by Value              Rva+Base               Lib:Object

 0000:00000000       __hybrid_code_map_count    0000000000000000     <absolute>
 0000:00000000       __guard_fids_count         0000000000000000     <absolute>
 0000:00000000       __guard_iat_count          0000000000000000     <absolute>
 0000:00000000       __volatile_metadata        0000000000000000     <absolute>
 0000:00000000       __guard_longjmp_count      0000000000000000     <absolute>
 0000:00000000       __guard_longjmp_table      0000000000000000     <absolute>
 0000:00000000       __guard_iat_table          0000000000000000     <absolute>
 0000:00000000       __hybrid_code_map          0000000000000000     <absolute>
 0000:00000000       ___safe_se_handler_count   0000000000000000     <absolute>
 0000:00000000       __enclave_config           0000000000000000     <absolute>
 0000:00000000       ___safe_se_handler_table   0000000000000000     <absolute>
 0000:00000000       __guard_fids_table         0000000000000000     <absolute>
 0000:00000000       __hybrid_auxiliary_iat     0000000000000000     <absolute>
 0000:00000000       __dynamic_value_reloc_table 0000000000000000     <absolute>
 0000:00000100       __guard_flags              0000000000000100     <absolute>
 0000:00000000       __ImageBase                0000000140000000     <linker-defined>
 0001:000006f0       ??0exception@std@@QEAA@AEBV01@@Z 00000001400016f0 f i Animation.obj
 0001:00000730       ??1exception@std@@UEAA@XZ  0000000140001730 f i Animation.obj
 0001:00000730       ??1bad_cast@std@@UEAA@XZ   0000000140001730 f i Animation.obj
 0001:00000750       ?what@exception@std@@UEBAPEBDXZ 0000000140001750 f i Animation.obj
 0001:00000770       ??_Eexception@std@@UEAAPEAXI@Z 0000000140001770 f i * CIL library *:* CIL module *
 0001:00000770       ??_Ebad_cast@std@@UEAAPEAXI@Z 0000000140001770 f i * CIL library *:* CIL module *
 0001:00000770       ??_Gexception@std@@UEAAPEAXI@Z 0000000140001770 f i Animation.obj
 0001:00000770       ??_Gbad_cast@std@@UEAAPEAXI@Z 0000000140001770 f i Animation.obj
 0001:000007c0       ??0bad_cast@std@@QEAA@XZ   00000001400017c0 f i Animation.obj
 0001:000007f0       ??1locale@std@@QEAA@XZ     00000001400017f0 f i Animation.obj
 0001:00000830       ?XMVectorSin@DirectX@@YQ?AT__m128@@T2@@Z 0000000140001830 f i Animation.obj
 0001:00000910       ?XMVectorATan@DirectX@@YQ?AT__m128@@T2@@Z 0000000140001910 f i Animation.obj
 0001:00000a30       ?XMVectorATan2@DirectX@@YQ?AT__m128@@T2@0@Z 0000000140001a30 f i Animation.obj
 0001:00000bd0       ?XMMatrixMultiply@DirectX@@YQ?AUXMMATRIX@1@U21@AEBU21@@Z 0000000140001bd0 f i Animation.obj
 0001:00000d20       ?XMMatrixInverse@DirectX@@YQ?AUXMMATRIX@1@PEAT__m128@@U21@@Z 0000000140001d20 f i Animation.obj
 0001:00001020       ?XMQuaternionSlerpV@DirectX@@YQ?AT__m128@@T2@00@Z 0000000140002020 f i Animation.obj
 0001:00001140       ?XMQuaternionRotationMatrix@DirectX@@YQ?AT__m128@@UXMMATRIX@1@@Z 0000000140002140 f i Animation.obj
 0001:000012c0       ??1anim_clip@@QEAA@XZ      00000001400022c0 f i Animation.obj
 0001:00001380       ?RecursiveJointCalc@Animation@@QEAA?AV?$array@Ufloat4@@$03@std@@IAEAV?$vector@V?$array@Ufloat4@@$03@std@@V?$allocator@V?$array@Ufloat4@@$03@std@@@2@@3@AEAV?$vector@HV?$allocator@H@std@@@3@@Z 0000000140002380 f   Animation.obj
 0001:00001550       ?Flatten@Animation@@QEAA?AV?$vector@V?$array@Ufloat4@@$03@std@@V?$allocator@V?$array@Ufloat4@@$03@std@@@2@@std@@V23@V?$vector@HV?$allocator@H@std@@@3@@Z 0000000140002550 f   Animation.obj
 0001:00001700       ??0Animation@@QEAA@PEBDPEAUID3D11Device@@@Z 0000000140002700 f   Animation.obj
 0001:00001940       ?ReadAnimFile@Animation@@QEAAXPEBDPEAUID3D11Device@@@Z 0000000140002940 f   Animation.obj
 0001:00002200       ??_D?$basic_fstream@DU?$char_traits@D@std@@@std@@QEAAXXZ 0000000140003200 f i Animation.obj
 0001:00002270       ?LerpJoints@Animation@@QEAA?AV?$vector@V?$array@Ufloat4@@$03@std@@V?$allocator@V?$array@Ufloat4@@$03@std@@@2@@std@@V23@0MV?$vector@HV?$allocator@H@std@@@3@@Z 0000000140003270 f   Animation.obj
 0001:00002900       ?SetJoints@Animation@@QEAAXM@Z 0000000140003900 f   Animation.obj
 0001:00002d00       ?SetFrameTime@Animation@@QEAAXM@Z 0000000140003d00 f   Animation.obj
 0001:00002d40       ??1?$vector@IV?$allocator@I@std@@@std@@QEAA@XZ 0000000140003d40 f i graphicsclass.obj
 0001:00002d40       ??1?$vector@HV?$allocator@H@std@@@std@@QEAA@XZ 0000000140003d40 f i Animation.obj
 0001:00002da0       ??0?$vector@IV?$allocator@I@std@@@std@@QEAA@AEBV01@@Z 0000000140003da0 f i Model.obj
 0001:00002da0       ??0?$vector@HV?$allocator@H@std@@@std@@QEAA@AEBV01@@Z 0000000140003da0 f i Animation.obj
 0001:00002e90       ??1?$vector@Ukeyframe@@V?$allocator@Ukeyframe@@@std@@@std@@QEAA@XZ 0000000140003e90 f i Animation.obj
 0001:00002ea0       ?_Tidy@?$vector@V?$array@Ufloat4@@$03@std@@V?$allocator@V?$array@Ufloat4@@$03@std@@@2@@std@@AEAAXXZ 0000000140003ea0 f i Animation.obj
 0001:00002ea0       ??1?$vector@V?$array@Ufloat4@@$03@std@@V?$allocator@V?$array@Ufloat4@@$03@std@@@2@@std@@QEAA@XZ 0000000140003ea0 f i Animation.obj
 0001:00002f00       ??0?$vector@V?$array@Ufloat4@@$03@std@@V?$allocator@V?$array@Ufloat4@@$03@std@@@2@@std@@QEAA@AEBV01@@Z 0000000140003f00 f i Animation.obj
 0001:00002f70       ?_Tidy_deallocate@?$basic_string@DU?$char_traits@D@std@@V?$allocator@D@2@@std@@QEAAXXZ 0000000140003f70 f i Animation.obj
 0001:00002f70       ??1?$basic_string@DU?$char_traits@D@std@@V?$allocator@D@2@@std@@QEAA@XZ 0000000140003f70 f i Animation.obj
 0001:00002fd0       ??0?$basic_fstream@DU?$char_traits@D@std@@@std@@QEAA@PEBDHH@Z 0000000140003fd0 f i Animation.obj
 0001:000030d0       ?imbue@?$basic_filebuf@DU?$char_traits@D@std@@@std@@MEAAXAEBVlocale@2@@Z 00000001400040d0 f i Animation.obj
 0001:00003120       ?sync@?$basic_filebuf@DU?$char_traits@D@std@@@std@@MEAAHXZ 0000000140004120 f i Animation.obj
 0001:00003170       ?setbuf@?$basic_filebuf@DU?$char_traits@D@std@@@std@@MEAAPEAV?$basic_streambuf@DU?$char_traits@D@std@@@2@PEAD_J@Z 0000000140004170 f i Animation.obj
 0001:000031d0       ?seekpos@?$basic_filebuf@DU?$char_traits@D@std@@@std@@MEAA?AV?$fpos@U_Mbstatet@@@2@V32@H@Z 00000001400041d0 f i Animation.obj
 0001:000032b0       ?seekoff@?$basic_filebuf@DU?$char_traits@D@std@@@std@@MEAA?AV?$fpos@U_Mbstatet@@@2@_JHH@Z 00000001400042b0 f i Animation.obj
 0001:00003390       ?xsputn@?$basic_filebuf@DU?$char_traits@D@std@@@std@@MEAA_JPEBD_J@Z 0000000140004390 f i Animation.obj
 0001:00003470       ?xsgetn@?$basic_filebuf@DU?$char_traits@D@std@@@std@@MEAA_JPEAD_J@Z 0000000140004470 f i Animation.obj
 0001:00003560       ?uflow@?$basic_filebuf@DU?$char_traits@D@std@@@std@@MEAAHXZ 0000000140004560 f i Animation.obj
 0001:00003840       ?underflow@?$basic_filebuf@DU?$char_traits@D@std@@@std@@MEAAHXZ 0000000140004840 f i Animation.obj
 0001:000038b0       ?pbackfail@?$basic_filebuf@DU?$char_traits@D@std@@@std@@MEAAHH@Z 00000001400048b0 f i Animation.obj
 0001:000039b0       ?overflow@?$basic_filebuf@DU?$char_traits@D@std@@@std@@MEAAHH@Z 00000001400049b0 f i Animation.obj
 0001:00003b50       ?_Unlock@?$basic_filebuf@DU?$char_traits@D@std@@@std@@UEAAXXZ 0000000140004b50 f i Animation.obj
 0001:00003b70       ?_Lock@?$basic_filebuf@DU?$char_traits@D@std@@@std@@UEAAXXZ 0000000140004b70 f i Animation.obj
 0001:00003b90       ??1?$basic_filebuf@DU?$char_traits@D@std@@@std@@UEAA@XZ 0000000140004b90 f i Animation.obj
 0001:00003c10       ??_G?$basic_fstream@DU?$char_traits@D@std@@@std@@UEAAPEAXI@Z 0000000140004c10 f i Animation.obj
 0001:00003c10       ??_E?$basic_fstream@DU?$char_traits@D@std@@@std@@UEAAPEAXI@Z 0000000140004c10 f i * CIL library *:* CIL module *
 0001:00003c50       ??_G?$basic_filebuf@DU?$char_traits@D@std@@@std@@UEAAPEAXI@Z 0000000140004c50 f i Animation.obj
 0001:00003c50       ??_E?$basic_filebuf@DU?$char_traits@D@std@@@std@@UEAAPEAXI@Z 0000000140004c50 f i * CIL library *:* CIL module *
 0001:00003c90       ?_Tidy@?$vector@Ukeyframe@@V?$allocator@Ukeyframe@@@std@@@std@@AEAAXXZ 0000000140004c90 f i Animation.obj
 0001:00003d00       ?_Buy@?$vector@V?$array@Ufloat4@@$03@std@@V?$allocator@V?$array@Ufloat4@@$03@std@@@2@@std@@AEAA_N_K@Z 0000000140004d00 f i Animation.obj
 0001:00003db0       ?_Reset_back@?$basic_filebuf@DU?$char_traits@D@std@@@std@@AEAAXXZ 0000000140004db0 f i Animation.obj
 0001:00003de0       ?_Endwrite@?$basic_filebuf@DU?$char_traits@D@std@@@std@@IEAA_NXZ 0000000140004de0 f i Animation.obj
 0001:00003eb0       ?_Init@?$basic_filebuf@DU?$char_traits@D@std@@@std@@IEAAXPEAU_iobuf@@W4_Initfl@12@@Z 0000000140004eb0 f i Animation.obj
 0001:00003f70       ?close@?$basic_filebuf@DU?$char_traits@D@std@@@std@@QEAAPEAV12@XZ 0000000140004f70 f i Animation.obj
 0001:00003ff0       ?open@?$basic_filebuf@DU?$char_traits@D@std@@@std@@QEAAPEAV12@PEBDHH@Z 0000000140004ff0 f i Animation.obj
 0001:000040d0       ?_Xlength@?$vector@PEAVGun@@V?$allocator@PEAVGun@@@std@@@std@@CAXXZ 00000001400050d0 f i GameManager.obj
 0001:000040d0       ?_Xlength@?$vector@V?$array@Ufloat4@@$03@std@@V?$allocator@V?$array@Ufloat4@@$03@std@@@2@@std@@CAXXZ 00000001400050d0 f i Animation.obj
 0001:000040d0       ?_Xlength@?$vector@PEAVGameObject@@V?$allocator@PEAVGameObject@@@std@@@std@@CAXXZ 00000001400050d0 f i EnemyManager.obj
 0001:000040d0       ?_Xlength@?$vector@V?$array@D$0BAE@@std@@V?$allocator@V?$array@D$0BAE@@std@@@2@@std@@CAXXZ 00000001400050d0 f i Model.obj
 0001:000040d0       ?_Xlength@?$vector@PEAVBullet@@V?$allocator@PEAVBullet@@@std@@@std@@CAXXZ 00000001400050d0 f i GameManager.obj
 0001:000040d0       ?_Xlength@?$vector@PEAVSound@@V?$allocator@PEAVSound@@@std@@@std@@CAXXZ 00000001400050d0 f i Enemy.obj
 0001:000040d0       ?_Xlength@?$vector@HV?$allocator@H@std@@@std@@CAXXZ 00000001400050d0 f i Animation.obj
 0001:000040d0       ?_Xlength@?$vector@Umaterial_t@@V?$allocator@Umaterial_t@@@std@@@std@@CAXXZ 00000001400050d0 f i Model.obj
 0001:000040d0       ?_Xlength@?$vector@Ukeyframe@@V?$allocator@Ukeyframe@@@std@@@std@@CAXXZ 00000001400050d0 f i Animation.obj
 0001:000040d0       ?_Xlength@?$vector@UVertex@@V?$allocator@UVertex@@@std@@@std@@CAXXZ 00000001400050d0 f i Model.obj
 0001:000040d0       ?_Xlength@?$vector@PEAVPickup@@V?$allocator@PEAVPickup@@@std@@@std@@CAXXZ 00000001400050d0 f i GameManager.obj
 0001:000040d0       ?_Xlength@?$vector@USphere@@V?$allocator@USphere@@@std@@@std@@CAXXZ 00000001400050d0 f i GameObject.obj
 0001:000040d0       ?_Xlength@?$vector@PEAVEnemy@@V?$allocator@PEAVEnemy@@@std@@@std@@CAXXZ 00000001400050d0 f i EnemyManager.obj
 0001:000040d0       ?_Xlength@?$vector@PEAVAnimation@@V?$allocator@PEAVAnimation@@@std@@@std@@CAXXZ 00000001400050d0 f i GameObject.obj
 0001:000040d0       ?_Xlength@?$vector@PEAVUIElement@@V?$allocator@PEAVUIElement@@@std@@@std@@CAXXZ 00000001400050d0 f i UIManager.obj
 0001:000040d0       ?_Xlength@?$vector@IV?$allocator@I@std@@@std@@CAXXZ 00000001400050d0 f i Model.obj
 0001:000040f0       ??$_Emplace_reallocate@AEBH@?$vector@HV?$allocator@H@std@@@std@@QEAAPEAHQEAHAEBH@Z 00000001400050f0 f i Animation.obj
 0001:000040f0       ??$_Emplace_reallocate@H@?$vector@HV?$allocator@H@std@@@std@@QEAAPEAHQEAH$$QEAH@Z 00000001400050f0 f i GameObject.obj
 0001:00004290       ??$_Resize@V<lambda_753cb66179afa6340adadd7109f91d2f>@@@?$vector@Ukeyframe@@V?$allocator@Ukeyframe@@@std@@@std@@AEAAX_KV<lambda_753cb66179afa6340adadd7109f91d2f>@@@Z 0000000140005290 f i Animation.obj
 0001:00004520       ??$_Resize@V<lambda_3bf83ccb702bae8a49d568d66998a612>@@@?$vector@V?$array@Ufloat4@@$03@std@@V?$allocator@V?$array@Ufloat4@@$03@std@@@2@@std@@AEAAX_KV<lambda_3bf83ccb702bae8a49d568d66998a612>@@@Z 0000000140005520 f i Animation.obj
 0001:000046a0       ??$_Emplace_reallocate@V?$array@Ufloat4@@$03@std@@@?$vector@V?$array@Ufloat4@@$03@std@@V?$allocator@V?$array@Ufloat4@@$03@std@@@2@@std@@QEAAPEAV?$array@Ufloat4@@$03@1@QEAV21@$$QEAV21@@Z 00000001400056a0 f i Animation.obj
 0001:000046a0       ??$_Emplace_reallocate@AEBV?$array@Ufloat4@@$03@std@@@?$vector@V?$array@Ufloat4@@$03@std@@V?$allocator@V?$array@Ufloat4@@$03@std@@@2@@std@@QEAAPEAV?$array@Ufloat4@@$03@1@QEAV21@AEBV21@@Z 00000001400056a0 f i Animation.obj
 0001:00004820       ??$use_facet@V?$codecvt@DDU_Mbstatet@@@std@@@std@@YAAEBV?$codecvt@DDU_Mbstatet@@@0@AEBVlocale@0@@Z 0000000140005820 f i Animation.obj
 0001:00004940       ??$_Reallocate_grow_by@V<lambda_319d5e083f45f90dcdce5dce53cbb275>@@D@?$basic_string@DU?$char_traits@D@std@@V?$allocator@D@2@@std@@QEAAAEAV01@_KV<lambda_319d5e083f45f90dcdce5dce53cbb275>@@D@Z 0000000140005940 f i Animation.obj
 0001:00004aa0       ??$_Destroy_range@V?$allocator@Ukeyframe@@@std@@@std@@YAXPEAUkeyframe@@0AEAV?$allocator@Ukeyframe@@@0@@Z 0000000140005aa0 f i Animation.obj
 0001:00004b30       ??0bad_cast@std@@QEAA@AEBV01@@Z 0000000140005b30 f i Animation.obj
 0001:00004b70       ??1?$unique_ptr@V_Facet_base@std@@U?$default_delete@V_Facet_base@std@@@2@@std@@QEAA@XZ 0000000140005b70 f i Animation.obj
 0001:00004ba0       ?_Change_array@?$vector@V?$array@Ufloat4@@$03@std@@V?$allocator@V?$array@Ufloat4@@$03@std@@@2@@std@@AEAAXQEAV?$array@Ufloat4@@$03@2@_K1@Z 0000000140005ba0 f i Animation.obj
 0001:00004c30       ?_Xlen@?$basic_string@DU?$char_traits@D@std@@V?$allocator@D@2@@std@@SAXXZ 0000000140005c30 f i Animation.obj
 0001:00004c50       ??$_Assign_range@PEAV?$array@Ufloat4@@$03@std@@@?$vector@V?$array@Ufloat4@@$03@std@@V?$allocator@V?$array@Ufloat4@@$03@std@@@2@@std@@AEAAXPEAV?$array@Ufloat4@@$03@1@0Uforward_iterator_tag@1@@Z 0000000140005c50 f i Animation.obj
 0001:00004da0       ??1?$_Uninitialized_backout_al@PEAUkeyframe@@V?$allocator@Ukeyframe@@@std@@@std@@QEAA@XZ 0000000140005da0 f i Animation.obj
 0001:00004dac       ??_E?$basic_fstream@DU?$char_traits@D@std@@@std@@$4PPPPPPPM@A@EAAPEAXI@Z 0000000140005dac f i Animation.obj
 0001:00004dc0       ??0Bullet@@QEAA@M@Z        0000000140005dc0 f   Bullet.obj
 0001:00004e50       ?Initialize@Bullet@@QEAA_NPEAUID3D11Device@@PEBDUfloat3@@2V?$basic_string@DU?$char_traits@D@std@@V?$allocator@D@2@@std@@M@Z 0000000140005e50 f   Bullet.obj
 0001:000050a0       ?Update@Bullet@@UEAAXM@Z   00000001400060a0 f   Bullet.obj
 0001:00005100       ??0?$basic_string@DU?$char_traits@D@std@@V?$allocator@D@2@@std@@QEAA@AEBV01@@Z 0000000140006100 f i Bullet.obj
 0001:000051d0       ?assign@?$basic_string@DU?$char_traits@D@std@@V?$allocator@D@2@@std@@QEAAAEAV12@QEBD_K@Z 00000001400061d0 f i Bullet.obj
 0001:00005330       ?XMVectorSinCos@DirectX@@YQXPEAT__m128@@0T2@@Z 0000000140006330 f i DebugCamera.obj
 0001:00005490       ?XMMatrixRotationRollPitchYawFromVector@DirectX@@YQ?AUXMMATRIX@1@T__m128@@@Z 0000000140006490 f i DebugCamera.obj
 0001:00005540       ?XMMatrixLookToLH@DirectX@@YQ?AUXMMATRIX@1@T__m128@@00@Z 0000000140006540 f i DebugCamera.obj
 0001:00005750       ?XMQuaternionRotationRollPitchYawFromVector@DirectX@@YQ?AT__m128@@T2@@Z 0000000140006750 f i DebugCamera.obj
 0001:00005890       ?XMScalarSinCos@DirectX@@YAXPEAM0M@Z 0000000140006890 f i DebugCamera.obj
 0001:000059d0       ?Update@DebugCamera@@QEAAXXZ 00000001400069d0 f   DebugCamera.obj
 0001:00005c80       __acrt_initialize          0000000140006c80 f i MSVCRT:ucrt_stubs.obj
 0001:00005c80       __scrt_stub_for_acrt_uninitialize 0000000140006c80 f i MSVCRT:ucrt_stubs.obj
 0001:00005c80       _should_initialize_environment 0000000140006c80 f i MSVCRT:env_mode.obj
 0001:00005c80       __vcrt_uninitialize        0000000140006c80 f i MSVCRT:ucrt_stubs.obj
 0001:00005c80       __scrt_stub_for_acrt_initialize 0000000140006c80 f i MSVCRT:ucrt_stubs.obj
 0001:00005c80       __vcrt_initialize          0000000140006c80 f i MSVCRT:ucrt_stubs.obj
 0001:00005c80       __acrt_uninitialize        0000000140006c80 f i MSVCRT:ucrt_stubs.obj
 0001:00005c80       ?Initialize@Enemy@@UEAA_NPEAUID3D11Device@@PEBDUfloat3@@@Z 0000000140006c80 f i Enemy.obj
 0001:00005c90       _initialize_invalid_parameter_handler 0000000140006c90 f i MSVCRT:invalid_parameter_handler.obj
 0001:00005c90       ?Update@Enemy@@UEAAXMPEAVPlayer@@AEAV?$vector@PEAVBullet@@V?$allocator@PEAVBullet@@@std@@@std@@PEAUID3D11Device@@@Z 0000000140006c90 f i Enemy.obj
 0001:00005c90       ?Update@ImageElement@@UEAAXXZ 0000000140006c90 f i UIElement.obj
 0001:00005c90       ?Update@TextElement@@UEAAXXZ 0000000140006c90 f i UIElement.obj
 0001:00005c90       _guard_check_icall_nop     0000000140006c90 f i MSVCRT:guard_support.obj
 0001:00005c90       ?Render@UIElement@@UEAAXXZ 0000000140006c90 f i UIElement.obj
 0001:00005c90       _initialize_denormal_control 0000000140006c90 f i MSVCRT:denormal_control.obj
 0001:00005c90       ?Update@UIElement@@UEAAXXZ 0000000140006c90 f i UIElement.obj
 0001:00005ca0       ?SubHealth@Enemy@@QEAAXMW4DamageType@1@PEAUHWND__@@@Z 0000000140006ca0 f   Enemy.obj
 0001:00006160       ??1?$vector@PEAVAnimation@@V?$allocator@PEAVAnimation@@@std@@@std@@QEAA@XZ 0000000140007160 f i GameObject.obj
 0001:00006160       ??1?$vector@PEAVPickup@@V?$allocator@PEAVPickup@@@std@@@std@@QEAA@XZ 0000000140007160 f i graphicsclass.obj
 0001:00006160       ??1?$vector@PEBUSpriteInfo@Impl@SpriteBatch@DirectX@@V?$allocator@PEBUSpriteInfo@Impl@SpriteBatch@DirectX@@@std@@@std@@QEAA@XZ 0000000140007160 f i DirectXTK:SpriteBatch.obj
 0001:00006160       ??1?$vector@PEAVSound@@V?$allocator@PEAVSound@@@std@@@std@@QEAA@XZ 0000000140007160 f i Enemy.obj
 0001:00006160       ??1?$vector@PEAVGameObject@@V?$allocator@PEAVGameObject@@@std@@@std@@QEAA@XZ 0000000140007160 f i EnemyManager.obj
 0001:00006160       ??1?$vector@PEAVBullet@@V?$allocator@PEAVBullet@@@std@@@std@@QEAA@XZ 0000000140007160 f i graphicsclass.obj
 0001:00006160       ??1?$vector@PEAVGun@@V?$allocator@PEAVGun@@@std@@@std@@QEAA@XZ 0000000140007160 f i Player.obj
 0001:00006160       ??1?$vector@PEAVEnemy@@V?$allocator@PEAVEnemy@@@std@@@std@@QEAA@XZ 0000000140007160 f i EnemyManager.obj
 0001:000061c0       ??0?$vector@PEAVPickup@@V?$allocator@PEAVPickup@@@std@@@std@@QEAA@AEBV01@@Z 00000001400071c0 f i GameManager.obj
 0001:000061c0       ??0?$vector@PEAVBullet@@V?$allocator@PEAVBullet@@@std@@@std@@QEAA@AEBV01@@Z 00000001400071c0 f i GameManager.obj
 0001:000061c0       ??0?$vector@PEAVSound@@V?$allocator@PEAVSound@@@std@@@std@@QEAA@AEBV01@@Z 00000001400071c0 f i Enemy.obj
 0001:000061c0       ??0?$vector@PEAVEnemy@@V?$allocator@PEAVEnemy@@@std@@@std@@QEAA@AEBV01@@Z 00000001400071c0 f i EnemyManager.obj
 0001:000061c0       ??0?$vector@PEAVGameObject@@V?$allocator@PEAVGameObject@@@std@@@std@@QEAA@AEBV01@@Z 00000001400071c0 f i EnemyManager.obj
 0001:000062b0       ??$_Emplace_reallocate@AEBQEAVGun@@@?$vector@PEAVGun@@V?$allocator@PEAVGun@@@std@@@std@@QEAAPEAPEAVGun@@QEAPEAV2@AEBQEAV2@@Z 00000001400072b0 f i GameManager.obj
 0001:000062b0       ??$_Emplace_reallocate@AEBQEAVPickup@@@?$vector@PEAVPickup@@V?$allocator@PEAVPickup@@@std@@@std@@QEAAPEAPEAVPickup@@QEAPEAV2@AEBQEAV2@@Z 00000001400072b0 f i GameManager.obj
 0001:000062b0       ??$_Emplace_reallocate@PEAVBullet@@@?$vector@PEAVBullet@@V?$allocator@PEAVBullet@@@std@@@std@@QEAAPEAPEAVBullet@@QEAPEAV2@$$QEAPEAV2@@Z 00000001400072b0 f i GameManager.obj
 0001:000062b0       ??$_Emplace_reallocate@PEAVGameObject@@@?$vector@PEAVGameObject@@V?$allocator@PEAVGameObject@@@std@@@std@@QEAAPEAPEAVGameObject@@QEAPEAV2@$$QEAPEAV2@@Z 00000001400072b0 f i GameManager.obj
 0001:000062b0       ??$_Emplace_reallocate@AEBQEAVUIElement@@@?$vector@PEAVUIElement@@V?$allocator@PEAVUIElement@@@std@@@std@@QEAAPEAPEAVUIElement@@QEAPEAV2@AEBQEAV2@@Z 00000001400072b0 f i UIManager.obj
 0001:000062b0       ??$_Emplace_reallocate@PEAVEnemy@@@?$vector@PEAVEnemy@@V?$allocator@PEAVEnemy@@@std@@@std@@QEAAPEAPEAVEnemy@@QEAPEAV2@$$QEAPEAV2@@Z 00000001400072b0 f i EnemyManager.obj
 0001:000062b0       ??$_Emplace_reallocate@AEBQEAVSound@@@?$vector@PEAVSound@@V?$allocator@PEAVSound@@@std@@@std@@QEAAPEAPEAVSound@@QEAPEAV2@AEBQEAV2@@Z 00000001400072b0 f i Enemy.obj
 0001:00006450       ?Initialize@EnemyManager@@QEAAXPEAUID3D11Device@@@Z 0000000140007450 f   EnemyManager.obj
 0001:00006880       ??1Enemy@@QEAA@XZ          0000000140007880 f i EnemyManager.obj
 0001:00006890       ?Update@EnemyManager@@QEAAXMPEAVPlayer@@V?$vector@PEAVGameObject@@V?$allocator@PEAVGameObject@@@std@@@std@@AEAV?$vector@PEAVBullet@@V?$allocator@PEAVBullet@@@std@@@4@PEAUID3D11Device@@@Z 0000000140007890 f   EnemyManager.obj
 0001:000070a0       ?CalculateObstacleSeperation@EnemyManager@@QEAA?AUfloat3@@AEAVTarget@@V?$vector@PEAVGameObject@@V?$allocator@PEAVGameObject@@@std@@@std@@@Z 00000001400080a0 f   EnemyManager.obj
 0001:00007360       ?StartNewRound@EnemyManager@@QEAAXXZ 0000000140008360 f   EnemyManager.obj
 0001:000073b0       ?Construct@Frustum@@QEAAXMUXMMATRIX@DirectX@@0@Z 00000001400083b0 f   Frustum.obj
 0001:000077b0       ??0GameObject@@QEAA@XZ     00000001400087b0 f   GameObject.obj
 0001:00007900       ??1GameObject@@QEAA@XZ     0000000140008900 f   GameObject.obj
 0001:00007ab0       ?GetParent@GameObject@@QEAAHHV?$vector@HV?$allocator@H@std@@@std@@@Z 0000000140008ab0 f   GameObject.obj
 0001:00007c10       ?Update@GameObject@@UEAAXM@Z 0000000140008c10 f   GameObject.obj
 0001:00007cb0       ?AddAninimation@GameObject@@QEAAXPEBDPEAUID3D11Device@@H@Z 0000000140008cb0 f   GameObject.obj
 0001:00007fc0       ?Initialize@GameObject@@UEAA_NPEBDPEAUID3D11Device@@@Z 0000000140008fc0 f   GameObject.obj
 0001:00007fd0       ?Render@GameObject@@UEAAXPEAUID3D11DeviceContext@@@Z 0000000140008fd0 f   GameObject.obj
 0001:00007fd0       ?Render@Player@@UEAAXPEAUID3D11DeviceContext@@@Z 0000000140008fd0 f   Player.obj
 0001:00007fe0       ?Shutdown@GameObject@@UEAAXXZ 0000000140008fe0 f   GameObject.obj
 0001:000081b0       ??1?$vector@USphere@@V?$allocator@USphere@@@std@@@std@@QEAA@XZ 00000001400091b0 f i GameObject.obj
 0001:00008210       ??0?$vector@Ukeyframe@@V?$allocator@Ukeyframe@@@std@@@std@@QEAA@AEBV01@@Z 0000000140009210 f i GameObject.obj
 0001:00008350       ??$_Emplace_reallocate@AEBUSphere@@@?$vector@USphere@@V?$allocator@USphere@@@std@@@std@@QEAAPEAUSphere@@QEAU2@AEBU2@@Z 0000000140009350 f i GameObject.obj
 0001:000084e0       ??$_Resize@V<lambda_5faba587ae6cafb8bb5bc4a9224fce8d>@@@?$vector@PEAVAnimation@@V?$allocator@PEAVAnimation@@@std@@@std@@AEAAX_KV<lambda_5faba587ae6cafb8bb5bc4a9224fce8d>@@@Z 00000001400094e0 f i GameObject.obj
 0001:00008690       ?Initialize@DX@@QEAA_NHH_NPEAUHWND__@@0MM@Z 0000000140009690 f   dxstuff.obj
 0001:00008cd0       ??1?$function@$$A6AXXZ@std@@QEAA@XZ 0000000140009cd0 f i graphicsclass.obj
 0001:00008cd0       ??1?$_Func_class@X$$V@std@@QEAA@XZ 0000000140009cd0 f i graphicsclass.obj
 0001:00008d10       ?Initialize@Graphics@@QEAA_NHHPEAUHWND__@@PEAVInputManager@@@Z 0000000140009d10 f   graphicsclass.obj
 0001:000094b0       ?Shutdown@Graphics@@QEAAXXZ 000000014000a4b0 f   graphicsclass.obj
 0001:00009720       ?Render@Graphics@@QEAA_NPEAVInputManager@@PEAVPlayer@@V?$vector@PEAVBullet@@V?$allocator@PEAVBullet@@@std@@@std@@V?$vector@PEAVEnemy@@V?$allocator@PEAVEnemy@@@std@@@5@V?$vector@PEAVGameObject@@V?$allocator@PEAVGameObject@@@std@@@5@V?$vector@PEAVPickup@@V?$allocator@PEAVPickup@@@std@@@5@@Z 000000014000a720 f   graphicsclass.obj
 0001:0000b950       ?to_string@std@@YA?AV?$basic_string@DU?$char_traits@D@std@@V?$allocator@D@2@@1@H@Z 000000014000c950 f i GameManager.obj
 0001:0000ba30       ?to_string@std@@YA?AV?$basic_string@DU?$char_traits@D@std@@V?$allocator@D@2@@1@I@Z 000000014000ca30 f i GameManager.obj
 0001:0000bad0       ?MovingSphereToSphere@@YA_NAEBUSphere@@AEBUfloat3@@0AEAM@Z 000000014000cad0 f i GameManager.obj
 0001:0000bc50       ?SetText@TextElement@@QEAAXV?$basic_string@DU?$char_traits@D@std@@V?$allocator@D@2@@std@@@Z 000000014000cc50 f i GameManager.obj
 0001:0000bd20       ??0GameManager@@QEAA@XZ    000000014000cd20 f   GameManager.obj
 0001:0000bf80       ?UpdateScoreText@GameManager@@QEAAXXZ 000000014000cf80 f   GameManager.obj
 0001:0000c290       ?UpdateHealthText@GameManager@@QEAAXXZ 000000014000d290 f   GameManager.obj
 0001:0000c5a0       ?UpdateTimerText@GameManager@@QEAAXM@Z 000000014000d5a0 f   GameManager.obj
 0001:0000c720       ?UpdateDamageTimerText@GameManager@@QEAAXXZ 000000014000d720 f   GameManager.obj
 0001:0000c8b0       ?ShootBullets@GameManager@@QEAAXXZ 000000014000d8b0 f   GameManager.obj
 0001:0000ccd0       ?SpawnHealthPickup@GameManager@@QEAAXUfloat3@@@Z 000000014000dcd0 f   GameManager.obj
 0001:0000ce10       ?SpawnDamagePickup@GameManager@@QEAAXUfloat3@@@Z 000000014000de10 f   GameManager.obj
 0001:0000cf50       ?Update@GameManager@@QEAAXMM@Z 000000014000df50 f   GameManager.obj
 0001:0000f2f0       ?Initialize@GameManager@@QEAA_NHHPEAUHWND__@@@Z 00000001400102f0 f   GameManager.obj
 0001:0000fb40       ?ShutDown@GameManager@@QEAAXXZ 0000000140010b40 f   GameManager.obj
 0001:0000fdc0       ??0?$vector@USphere@@V?$allocator@USphere@@@std@@@std@@QEAA@AEBV01@@Z 0000000140010dc0 f i GameManager.obj
 0001:0000fea0       ??$?HDU?$char_traits@D@std@@V?$allocator@D@1@@std@@YA?AV?$basic_string@DU?$char_traits@D@std@@V?$allocator@D@2@@0@QEBD$$QEAV10@@Z 0000000140010ea0 f i GameManager.obj
 0001:0000ffc0       ??$_Reallocate_grow_by@V<lambda_f3a66ab6a0570788f31503db83886f49>@@_KPEBD_K@?$basic_string@DU?$char_traits@D@std@@V?$allocator@D@2@@std@@QEAAAEAV01@_KV<lambda_f3a66ab6a0570788f31503db83886f49>@@_KPEBD2@Z 0000000140010fc0 f i GameManager.obj
 0001:00010130       ?XMVectorACos@DirectX@@YQ?AT__m128@@T2@@Z 0000000140011130 f i Camera.obj
 0001:000101f0       ?Update@Camera@@QEAAXUXMFLOAT3@DirectX@@@Z 00000001400111f0 f   Camera.obj
 0001:00010470       ?GetInput@Camera@@QEAAXPEAVInputManager@@MAEAUXMMATRIX@DirectX@@PEAVPlayer@@@Z 0000000140011470 f   Camera.obj
 0001:000106e0       ?SetCharacterPosition@Camera@@QEAAXNAEAT__m128@@AEAUXMMATRIX@DirectX@@@Z 00000001400116e0 f   Camera.obj
 0001:00010980       ?ReadMeshFile@Model@@AEAAXPEBDPEAUID3D11Device@@@Z 0000000140011980 f   Model.obj
 0001:00011020       ?Initialize@Model@@QEAA_NPEBDPEAUID3D11Device@@@Z 0000000140012020 f   Model.obj
 0001:00011110       ?Render@Model@@QEAAXPEAUID3D11DeviceContext@@@Z 0000000140012110 f   Model.obj
 0001:000111b0       ?Shutdown@Model@@QEAAXXZ   00000001400121b0 f   Model.obj
 0001:00011220       ??1?$vector@Umaterial_t@@V?$allocator@Umaterial_t@@@std@@@std@@QEAA@XZ 0000000140012220 f i Model.obj
 0001:000112a0       ??1?$vector@V?$array@D$0BAE@@std@@V?$allocator@V?$array@D$0BAE@@std@@@2@@std@@QEAA@XZ 00000001400122a0 f i Model.obj
 0001:00011320       ?_Tidy@?$vector@UVertex@@V?$allocator@UVertex@@@std@@@std@@AEAAXXZ 0000000140012320 f i Model.obj
 0001:000113a0       ??$_Resize@V<lambda_3dc4585328ffa41edbf28992c66dc9db>@@@?$vector@Umaterial_t@@V?$allocator@Umaterial_t@@@std@@@std@@AEAAX_KV<lambda_3dc4585328ffa41edbf28992c66dc9db>@@@Z 00000001400123a0 f i Model.obj
 0001:00011690       ??$_Resize@V<lambda_90a86d33119e9cefaad228fe3fc3f04c>@@@?$vector@V?$array@D$0BAE@@std@@V?$allocator@V?$array@D$0BAE@@std@@@2@@std@@AEAAX_KV<lambda_90a86d33119e9cefaad228fe3fc3f04c>@@@Z 0000000140012690 f i Model.obj
 0001:000118a0       ??$_Resize@V<lambda_a3e9ab7309acaaa5a225906574bbc117>@@@?$vector@IV?$allocator@I@std@@@std@@AEAAX_KV<lambda_a3e9ab7309acaaa5a225906574bbc117>@@@Z 00000001400128a0 f i Model.obj
 0001:00011a50       ??$_Resize@V<lambda_189af720543607fa3630bc45f408d767>@@@?$vector@UVertex@@V?$allocator@UVertex@@@std@@@std@@AEAAX_KV<lambda_189af720543607fa3630bc45f408d767>@@@Z 0000000140012a50 f i Model.obj
 0001:00011c40       ?Run@MyWindow@@AEAA_NXZ    0000000140012c40 f   MyWindow.obj
 0001:000120a0       ?Initialize@MyWindow@@QEAA_NXZ 00000001400130a0 f   MyWindow.obj
 0001:000136c0       ?Render@MyWindow@@QEAAXXZ  00000001400146c0 f   MyWindow.obj
 0001:00013a70       ??4?$basic_string@DU?$char_traits@D@std@@V?$allocator@D@2@@std@@QEAAAEAV01@$$QEAV01@@Z 0000000140014a70 f i MyWindow.obj
 0001:00013ac0       ??$?HDU?$char_traits@D@std@@V?$allocator@D@1@@std@@YA?AV?$basic_string@DU?$char_traits@D@std@@V?$allocator@D@2@@0@QEBDAEBV10@@Z 0000000140014ac0 f i MyWindow.obj
 0001:00013c80       ??$_Reallocate_grow_by@V<lambda_65e615be2a453ca0576c979606f46740>@@PEBD_K@?$basic_string@DU?$char_traits@D@std@@V?$allocator@D@2@@std@@QEAAAEAV01@_KV<lambda_65e615be2a453ca0576c979606f46740>@@PEBD_K@Z 0000000140014c80 f i MyWindow.obj
 0001:00013e10       ?_Reset_move@?$_Func_class@X$$V@std@@IEAAX$$QEAV12@@Z 0000000140014e10 f i MyWindow.obj
 0001:00013e90       ??$_Reallocate_grow_by@V<lambda_9013ee9e23efe4882b67eff5b0ecf103>@@$$V@?$basic_string@DU?$char_traits@D@std@@V?$allocator@D@2@@std@@QEAAAEAV01@_KV<lambda_9013ee9e23efe4882b67eff5b0ecf103>@@@Z 0000000140014e90 f i MyWindow.obj
 0001:000143b0       ?Update@PhysicsComponent@@QEAAXM@Z 00000001400153b0 f   PhysicsComponent.obj
 0001:00014510       ?Initialize@Player@@UEAA_NPEBDPEAUID3D11Device@@@Z 0000000140015510 f   Player.obj
 0001:00014650       ?Shutdown@Player@@UEAAXXZ  0000000140015650 f   Player.obj
 0001:00014660       ?Update@Player@@UEAAXM@Z   0000000140015660 f   Player.obj
 0001:00014c50       ?LerpJoint@@YA?AV?$array@Ufloat4@@$03@std@@V12@0M@Z 0000000140015c50 f   Player.obj
 0001:00014f00       ?SetSkeletonLines@Player@@QEAA?AV?$vector@V?$array@Ufloat4@@$03@std@@V?$allocator@V?$array@Ufloat4@@$03@std@@@2@@std@@Uanim_clip@@0MM@Z 0000000140015f00 f   Player.obj
 0001:00016e90       ??0RangedEnemy@@QEAA@XZ    0000000140017e90 f   RangedEnemy.obj
 0001:00016f70       ?Initialize@RangedEnemy@@UEAA_NPEAUID3D11Device@@PEBDUfloat3@@@Z 0000000140017f70 f   RangedEnemy.obj
 0001:00017040       ?Update@RangedEnemy@@UEAAXMPEAVPlayer@@AEAV?$vector@PEAVBullet@@V?$allocator@PEAVBullet@@@std@@@std@@PEAUID3D11Device@@@Z 0000000140018040 f   RangedEnemy.obj
 0001:00017250       ?Attack@RangedEnemy@@QEAAXPEAVPlayer@@AEAV?$vector@PEAVBullet@@V?$allocator@PEAVBullet@@@std@@@std@@PEAUID3D11Device@@@Z 0000000140018250 f   RangedEnemy.obj
 0001:00017600       ?errorFunc@@YAJPEAU_EXCEPTION_POINTERS@@@Z 0000000140018600 f   RobotAnnihilation.obj
 0001:00017730       WinMain                    0000000140018730 f   RobotAnnihilation.obj
 0001:000179a0       ?Shutdown@ShaderManager@@QEAAXXZ 00000001400189a0 f   ShaderManager.obj
 0001:00017b70       ??0Item@Shop@@QEAA@W4WEAPONTYPE@1@MMMMV?$basic_string@DU?$char_traits@D@std@@V?$allocator@D@2@@std@@@Z 0000000140018b70 f i Shop.obj
 0001:00017c80       ??1?$map@V?$basic_string@DU?$char_traits@D@std@@V?$allocator@D@2@@std@@PEAVUIElement@@U?$less@V?$basic_string@DU?$char_traits@D@std@@V?$allocator@D@2@@std@@@2@V?$allocator@U?$pair@$$CBV?$basic_string@DU?$char_traits@D@std@@V?$allocator@D@2@@std@@PEAVUIElement@@@std@@@2@@std@@QEAA@XZ 0000000140018c80 f i Shop.obj
 0001:00017cb0       ?Initialize@Shop@@QEAA_NXZ 0000000140018cb0 f   Shop.obj
 0001:00019860       ?ShowARStats@Shop@@QEAAXXZ 000000014001a860 f   Shop.obj
 0001:000199e0       ?ShowSMGStats@Shop@@QEAAXXZ 000000014001a9e0 f   Shop.obj
 0001:00019b60       ?ShowPistolStats@Shop@@QEAAXXZ 000000014001ab60 f   Shop.obj
 0001:00019ce0       ?ShowMeleStats@Shop@@QEAAXXZ 000000014001ace0 f   Shop.obj
 0001:00019e60       ?Update@Shop@@QEAAXXZ      000000014001ae60 f   Shop.obj
 0001:00019fe0       ??1Shop@@QEAA@XZ           000000014001afe0 f   Shop.obj
 0001:0001a340       ??A?$map@V?$basic_string@DU?$char_traits@D@std@@V?$allocator@D@2@@std@@PEAVUIElement@@U?$less@V?$basic_string@DU?$char_traits@D@std@@V?$allocator@D@2@@std@@@2@V?$allocator@U?$pair@$$CBV?$basic_string@DU?$char_traits@D@std@@V?$allocator@D@2@@std@@PEAVUIElement@@@std@@@2@@std@@QEAAAEAPEAVUIElement@@$$QEAV?$basic_string@DU?$char_traits@D@std@@V?$allocator@D@2@@1@@Z 000000014001b340 f i Shop.obj
 0001:0001a340       ??A?$map@V?$basic_string@DU?$char_traits@D@std@@V?$allocator@D@2@@std@@PEAUItem@Shop@@U?$less@V?$basic_string@DU?$char_traits@D@std@@V?$allocator@D@2@@std@@@2@V?$allocator@U?$pair@$$CBV?$basic_string@DU?$char_traits@D@std@@V?$allocator@D@2@@std@@PEAUItem@Shop@@@std@@@2@@std@@QEAAAEAPEAUItem@Shop@@$$QEAV?$basic_string@DU?$char_traits@D@std@@V?$allocator@D@2@@1@@Z 000000014001b340 f i Shop.obj
 0001:0001a480       ?_Erase@?$_Tree@V?$_Tmap_traits@V?$basic_string@DU?$char_traits@D@std@@V?$allocator@D@2@@std@@PEAUItem@Shop@@U?$less@V?$basic_string@DU?$char_traits@D@std@@V?$allocator@D@2@@std@@@2@V?$allocator@U?$pair@$$CBV?$basic_string@DU?$char_traits@D@std@@V?$allocator@D@2@@std@@PEAUItem@Shop@@@std@@@2@$0A@@std@@@std@@IEAAXPEAU?$_Tree_node@U?$pair@$$CBV?$basic_string@DU?$char_traits@D@std@@V?$allocator@D@2@@std@@PEAUItem@Shop@@@std@@PEAX@2@@Z 000000014001b480 f i Shop.obj
 0001:0001a480       ?_Erase@?$_Tree@V?$_Tmap_traits@V?$basic_string@DU?$char_traits@D@std@@V?$allocator@D@2@@std@@PEAVUIElement@@U?$less@V?$basic_string@DU?$char_traits@D@std@@V?$allocator@D@2@@std@@@2@V?$allocator@U?$pair@$$CBV?$basic_string@DU?$char_traits@D@std@@V?$allocator@D@2@@std@@PEAVUIElement@@@std@@@2@$0A@@std@@@std@@IEAAXPEAU?$_Tree_node@U?$pair@$$CBV?$basic_string@DU?$char_traits@D@std@@V?$allocator@D@2@@std@@PEAVUIElement@@@std@@PEAX@2@@Z 000000014001b480 f i Shop.obj
 0001:0001a520       ?erase@?$_Tree@V?$_Tmap_traits@V?$basic_string@DU?$char_traits@D@std@@V?$allocator@D@2@@std@@PEAUItem@Shop@@U?$less@V?$basic_string@DU?$char_traits@D@std@@V?$allocator@D@2@@std@@@2@V?$allocator@U?$pair@$$CBV?$basic_string@DU?$char_traits@D@std@@V?$allocator@D@2@@std@@PEAUItem@Shop@@@std@@@2@$0A@@std@@@std@@QEAA?AV?$_Tree_iterator@V?$_Tree_val@U?$_Tree_simple_types@U?$pair@$$CBV?$basic_string@DU?$char_traits@D@std@@V?$allocator@D@2@@std@@PEAUItem@Shop@@@std@@@std@@@std@@@2@V?$_Tree_const_iterator@V?$_Tree_val@U?$_Tree_simple_types@U?$pair@$$CBV?$basic_string@DU?$char_traits@D@std@@V?$allocator@D@2@@std@@PEAUItem@Shop@@@std@@@std@@@std@@@2@0@Z 000000014001b520 f i Shop.obj
 0001:0001a520       ?erase@?$_Tree@V?$_Tmap_traits@V?$basic_string@DU?$char_traits@D@std@@V?$allocator@D@2@@std@@PEAVUIElement@@U?$less@V?$basic_string@DU?$char_traits@D@std@@V?$allocator@D@2@@std@@@2@V?$allocator@U?$pair@$$CBV?$basic_string@DU?$char_traits@D@std@@V?$allocator@D@2@@std@@PEAVUIElement@@@std@@@2@$0A@@std@@@std@@QEAA?AV?$_Tree_iterator@V?$_Tree_val@U?$_Tree_simple_types@U?$pair@$$CBV?$basic_string@DU?$char_traits@D@std@@V?$allocator@D@2@@std@@PEAVUIElement@@@std@@@std@@@std@@@2@V?$_Tree_const_iterator@V?$_Tree_val@U?$_Tree_simple_types@U?$pair@$$CBV?$basic_string@DU?$char_traits@D@std@@V?$allocator@D@2@@std@@PEAVUIElement@@@std@@@std@@@std@@@2@0@Z 000000014001b520 f i Shop.obj
 0001:0001a6c0       ?_Extract@?$_Tree_val@U?$_Tree_simple_types@U?$pair@$$CBV?$basic_string@DU?$char_traits@D@std@@V?$allocator@D@2@@std@@PEAUItem@Shop@@@std@@@std@@@std@@QEAAPEAU?$_Tree_node@U?$pair@$$CBV?$basic_string@DU?$char_traits@D@std@@V?$allocator@D@2@@std@@PEAUItem@Shop@@@std@@PEAX@2@V?$_Tree_const_iterator@V?$_Tree_val@U?$_Tree_simple_types@U?$pair@$$CBV?$basic_string@DU?$char_traits@D@std@@V?$allocator@D@2@@std@@PEAUItem@Shop@@@std@@@std@@@std@@@2@@Z 000000014001b6c0 f i Shop.obj
 0001:0001a6c0       ?_Extract@?$_Tree_val@U?$_Tree_simple_types@U?$pair@$$CBV?$basic_string@DU?$char_traits@D@std@@V?$allocator@D@2@@std@@PEAVUIElement@@@std@@@std@@@std@@QEAAPEAU?$_Tree_node@U?$pair@$$CBV?$basic_string@DU?$char_traits@D@std@@V?$allocator@D@2@@std@@PEAVUIElement@@@std@@PEAX@2@V?$_Tree_const_iterator@V?$_Tree_val@U?$_Tree_simple_types@U?$pair@$$CBV?$basic_string@DU?$char_traits@D@std@@V?$allocator@D@2@@std@@PEAVUIElement@@@std@@@std@@@std@@@2@@Z 000000014001b6c0 f i Shop.obj
 0001:0001ab50       ?_Buyheadnode@?$_Tree_comp_alloc@V?$_Tmap_traits@V?$basic_string@DU?$char_traits@D@std@@V?$allocator@D@2@@std@@PEAUItem@Shop@@U?$less@V?$basic_string@DU?$char_traits@D@std@@V?$allocator@D@2@@std@@@2@V?$allocator@U?$pair@$$CBV?$basic_string@DU?$char_traits@D@std@@V?$allocator@D@2@@std@@PEAUItem@Shop@@@std@@@2@$0A@@std@@@std@@QEAAPEAU?$_Tree_node@U?$pair@$$CBV?$basic_string@DU?$char_traits@D@std@@V?$allocator@D@2@@std@@PEAUItem@Shop@@@std@@PEAX@2@XZ 000000014001bb50 f i Shop.obj
 0001:0001ab50       ?_Buyheadnode@?$_Tree_comp_alloc@V?$_Tmap_traits@V?$basic_string@DU?$char_traits@D@std@@V?$allocator@D@2@@std@@PEAVUIElement@@U?$less@V?$basic_string@DU?$char_traits@D@std@@V?$allocator@D@2@@std@@@2@V?$allocator@U?$pair@$$CBV?$basic_string@DU?$char_traits@D@std@@V?$allocator@D@2@@std@@PEAVUIElement@@@std@@@2@$0A@@std@@@std@@QEAAPEAU?$_Tree_node@U?$pair@$$CBV?$basic_string@DU?$char_traits@D@std@@V?$allocator@D@2@@std@@PEAVUIElement@@@std@@PEAX@2@XZ 000000014001bb50 f i Shop.obj
 0001:0001acf0       ??$_Buynode@AEBUpiecewise_construct_t@std@@V?$tuple@$$QEAV?$basic_string@DU?$char_traits@D@std@@V?$allocator@D@2@@std@@@2@V?$tuple@$$V@2@@?$_Tree_comp_alloc@V?$_Tmap_traits@V?$basic_string@DU?$char_traits@D@std@@V?$allocator@D@2@@std@@PEAVUIElement@@U?$less@V?$basic_string@DU?$char_traits@D@std@@V?$allocator@D@2@@std@@@2@V?$allocator@U?$pair@$$CBV?$basic_string@DU?$char_traits@D@std@@V?$allocator@D@2@@std@@PEAVUIElement@@@std@@@2@$0A@@std@@@std@@QEAAPEAU?$_Tree_node@U?$pair@$$CBV?$basic_string@DU?$char_traits@D@std@@V?$allocator@D@2@@std@@PEAVUIElement@@@std@@PEAX@1@AEBUpiecewise_construct_t@1@$$QEAV?$tuple@$$QEAV?$basic_string@DU?$char_traits@D@std@@V?$allocator@D@2@@std@@@1@$$QEAV?$tuple@$$V@1@@Z 000000014001bcf0 f i Shop.obj
 0001:0001acf0       ??$_Buynode@AEBUpiecewise_construct_t@std@@V?$tuple@$$QEAV?$basic_string@DU?$char_traits@D@std@@V?$allocator@D@2@@std@@@2@V?$tuple@$$V@2@@?$_Tree_comp_alloc@V?$_Tmap_traits@V?$basic_string@DU?$char_traits@D@std@@V?$allocator@D@2@@std@@PEAUItem@Shop@@U?$less@V?$basic_string@DU?$char_traits@D@std@@V?$allocator@D@2@@std@@@2@V?$allocator@U?$pair@$$CBV?$basic_string@DU?$char_traits@D@std@@V?$allocator@D@2@@std@@PEAUItem@Shop@@@std@@@2@$0A@@std@@@std@@QEAAPEAU?$_Tree_node@U?$pair@$$CBV?$basic_string@DU?$char_traits@D@std@@V?$allocator@D@2@@std@@PEAUItem@Shop@@@std@@PEAX@1@AEBUpiecewise_construct_t@1@$$QEAV?$tuple@$$QEAV?$basic_string@DU?$char_traits@D@std@@V?$allocator@D@2@@std@@@1@$$QEAV?$tuple@$$V@1@@Z 000000014001bcf0 f i Shop.obj
 0001:0001ad40       ??$_Insert_hint@AEAU?$pair@$$CBV?$basic_string@DU?$char_traits@D@std@@V?$allocator@D@2@@std@@PEAUItem@Shop@@@std@@PEAU?$_Tree_node@U?$pair@$$CBV?$basic_string@DU?$char_traits@D@std@@V?$allocator@D@2@@std@@PEAUItem@Shop@@@std@@PEAX@2@@?$_Tree@V?$_Tmap_traits@V?$basic_string@DU?$char_traits@D@std@@V?$allocator@D@2@@std@@PEAUItem@Shop@@U?$less@V?$basic_string@DU?$char_traits@D@std@@V?$allocator@D@2@@std@@@2@V?$allocator@U?$pair@$$CBV?$basic_string@DU?$char_traits@D@std@@V?$allocator@D@2@@std@@PEAUItem@Shop@@@std@@@2@$0A@@std@@@std@@IEAA?AV?$_Tree_iterator@V?$_Tree_val@U?$_Tree_simple_types@U?$pair@$$CBV?$basic_string@DU?$char_traits@D@std@@V?$allocator@D@2@@std@@PEAUItem@Shop@@@std@@@std@@@std@@@1@V?$_Tree_const_iterator@V?$_Tree_val@U?$_Tree_simple_types@U?$pair@$$CBV?$basic_string@DU?$char_traits@D@std@@V?$allocator@D@2@@std@@PEAUItem@Shop@@@std@@@std@@@std@@@1@AEAU?$pair@$$CBV?$basic_string@DU?$char_traits@D@std@@V?$allocator@D@2@@std@@PEAUItem@Shop@@@1@PEAU?$_Tree_node@U?$pair@$$CBV?$basic_string@DU?$char_traits@D@std@@V?$allocator@D@2@@std@@PEAUItem@Shop@@@std@@PEAX@1@@Z 000000014001bd40 f i Shop.obj
 0001:0001ad40       ??$_Insert_hint@AEAU?$pair@$$CBV?$basic_string@DU?$char_traits@D@std@@V?$allocator@D@2@@std@@PEAVUIElement@@@std@@PEAU?$_Tree_node@U?$pair@$$CBV?$basic_string@DU?$char_traits@D@std@@V?$allocator@D@2@@std@@PEAVUIElement@@@std@@PEAX@2@@?$_Tree@V?$_Tmap_traits@V?$basic_string@DU?$char_traits@D@std@@V?$allocator@D@2@@std@@PEAVUIElement@@U?$less@V?$basic_string@DU?$char_traits@D@std@@V?$allocator@D@2@@std@@@2@V?$allocator@U?$pair@$$CBV?$basic_string@DU?$char_traits@D@std@@V?$allocator@D@2@@std@@PEAVUIElement@@@std@@@2@$0A@@std@@@std@@IEAA?AV?$_Tree_iterator@V?$_Tree_val@U?$_Tree_simple_types@U?$pair@$$CBV?$basic_string@DU?$char_traits@D@std@@V?$allocator@D@2@@std@@PEAVUIElement@@@std@@@std@@@std@@@1@V?$_Tree_const_iterator@V?$_Tree_val@U?$_Tree_simple_types@U?$pair@$$CBV?$basic_string@DU?$char_traits@D@std@@V?$allocator@D@2@@std@@PEAVUIElement@@@std@@@std@@@std@@@1@AEAU?$pair@$$CBV?$basic_string@DU?$char_traits@D@std@@V?$allocator@D@2@@std@@PEAVUIElement@@@1@PEAU?$_Tree_node@U?$pair@$$CBV?$basic_string@DU?$char_traits@D@std@@V?$allocator@D@2@@std@@PEAVUIElement@@@std@@PEAX@1@@Z 000000014001bd40 f i Shop.obj
 0001:0001b1a0       ?_Buynode0@?$_Tree_comp_alloc@V?$_Tmap_traits@V?$basic_string@DU?$char_traits@D@std@@V?$allocator@D@2@@std@@PEAUItem@Shop@@U?$less@V?$basic_string@DU?$char_traits@D@std@@V?$allocator@D@2@@std@@@2@V?$allocator@U?$pair@$$CBV?$basic_string@DU?$char_traits@D@std@@V?$allocator@D@2@@std@@PEAUItem@Shop@@@std@@@2@$0A@@std@@@std@@QEAAPEAU?$_Tree_node@U?$pair@$$CBV?$basic_string@DU?$char_traits@D@std@@V?$allocator@D@2@@std@@PEAUItem@Shop@@@std@@PEAX@2@XZ 000000014001c1a0 f i Shop.obj
 0001:0001b1a0       ?_Buynode0@?$_Tree_comp_alloc@V?$_Tmap_traits@V?$basic_string@DU?$char_traits@D@std@@V?$allocator@D@2@@std@@PEAVUIElement@@U?$less@V?$basic_string@DU?$char_traits@D@std@@V?$allocator@D@2@@std@@@2@V?$allocator@U?$pair@$$CBV?$basic_string@DU?$char_traits@D@std@@V?$allocator@D@2@@std@@PEAVUIElement@@@std@@@2@$0A@@std@@@std@@QEAAPEAU?$_Tree_node@U?$pair@$$CBV?$basic_string@DU?$char_traits@D@std@@V?$allocator@D@2@@std@@PEAVUIElement@@@std@@PEAX@2@XZ 000000014001c1a0 f i Shop.obj
 0001:0001b1d0       ?_Destroy_if_node@?$_Tree@V?$_Tmap_traits@V?$basic_string@DU?$char_traits@D@std@@V?$allocator@D@2@@std@@PEAVUIElement@@U?$less@V?$basic_string@DU?$char_traits@D@std@@V?$allocator@D@2@@std@@@2@V?$allocator@U?$pair@$$CBV?$basic_string@DU?$char_traits@D@std@@V?$allocator@D@2@@std@@PEAVUIElement@@@std@@@2@$0A@@std@@@std@@IEAAXPEAU?$_Tree_node@U?$pair@$$CBV?$basic_string@DU?$char_traits@D@std@@V?$allocator@D@2@@std@@PEAVUIElement@@@std@@PEAX@2@@Z 000000014001c1d0 f i Shop.obj
 0001:0001b1d0       ?_Destroy_if_node@?$_Tree@V?$_Tmap_traits@V?$basic_string@DU?$char_traits@D@std@@V?$allocator@D@2@@std@@PEAUItem@Shop@@U?$less@V?$basic_string@DU?$char_traits@D@std@@V?$allocator@D@2@@std@@@2@V?$allocator@U?$pair@$$CBV?$basic_string@DU?$char_traits@D@std@@V?$allocator@D@2@@std@@PEAUItem@Shop@@@std@@@2@$0A@@std@@@std@@IEAAXPEAU?$_Tree_node@U?$pair@$$CBV?$basic_string@DU?$char_traits@D@std@@V?$allocator@D@2@@std@@PEAUItem@Shop@@@std@@PEAX@2@@Z 000000014001c1d0 f i Shop.obj
 0001:0001b240       ??$_Insert_at@AEAU?$pair@$$CBV?$basic_string@DU?$char_traits@D@std@@V?$allocator@D@2@@std@@PEAUItem@Shop@@@std@@PEAU?$_Tree_node@U?$pair@$$CBV?$basic_string@DU?$char_traits@D@std@@V?$allocator@D@2@@std@@PEAUItem@Shop@@@std@@PEAX@2@@?$_Tree@V?$_Tmap_traits@V?$basic_string@DU?$char_traits@D@std@@V?$allocator@D@2@@std@@PEAUItem@Shop@@U?$less@V?$basic_string@DU?$char_traits@D@std@@V?$allocator@D@2@@std@@@2@V?$allocator@U?$pair@$$CBV?$basic_string@DU?$char_traits@D@std@@V?$allocator@D@2@@std@@PEAUItem@Shop@@@std@@@2@$0A@@std@@@std@@IEAA?AV?$_Tree_iterator@V?$_Tree_val@U?$_Tree_simple_types@U?$pair@$$CBV?$basic_string@DU?$char_traits@D@std@@V?$allocator@D@2@@std@@PEAUItem@Shop@@@std@@@std@@@std@@@1@_NPEAU?$_Tree_node@U?$pair@$$CBV?$basic_string@DU?$char_traits@D@std@@V?$allocator@D@2@@std@@PEAUItem@Shop@@@std@@PEAX@1@AEAU?$pair@$$CBV?$basic_string@DU?$char_traits@D@std@@V?$allocator@D@2@@std@@PEAUItem@Shop@@@1@1@Z 000000014001c240 f i Shop.obj
 0001:0001b240       ??$_Insert_at@AEAU?$pair@$$CBV?$basic_string@DU?$char_traits@D@std@@V?$allocator@D@2@@std@@PEAVUIElement@@@std@@PEAU?$_Tree_node@U?$pair@$$CBV?$basic_string@DU?$char_traits@D@std@@V?$allocator@D@2@@std@@PEAVUIElement@@@std@@PEAX@2@@?$_Tree@V?$_Tmap_traits@V?$basic_string@DU?$char_traits@D@std@@V?$allocator@D@2@@std@@PEAVUIElement@@U?$less@V?$basic_string@DU?$char_traits@D@std@@V?$allocator@D@2@@std@@@2@V?$allocator@U?$pair@$$CBV?$basic_string@DU?$char_traits@D@std@@V?$allocator@D@2@@std@@PEAVUIElement@@@std@@@2@$0A@@std@@@std@@IEAA?AV?$_Tree_iterator@V?$_Tree_val@U?$_Tree_simple_types@U?$pair@$$CBV?$basic_string@DU?$char_traits@D@std@@V?$allocator@D@2@@std@@PEAVUIElement@@@std@@@std@@@std@@@1@_NPEAU?$_Tree_node@U?$pair@$$CBV?$basic_string@DU?$char_traits@D@std@@V?$allocator@D@2@@std@@PEAVUIElement@@@std@@PEAX@1@AEAU?$pair@$$CBV?$basic_string@DU?$char_traits@D@std@@V?$allocator@D@2@@std@@PEAVUIElement@@@1@1@Z 000000014001c240 f i Shop.obj
 0001:0001b4f0       ??$_Insert_nohint@AEAU?$pair@$$CBV?$basic_string@DU?$char_traits@D@std@@V?$allocator@D@2@@std@@PEAUItem@Shop@@@std@@PEAU?$_Tree_node@U?$pair@$$CBV?$basic_string@DU?$char_traits@D@std@@V?$allocator@D@2@@std@@PEAUItem@Shop@@@std@@PEAX@2@@?$_Tree@V?$_Tmap_traits@V?$basic_string@DU?$char_traits@D@std@@V?$allocator@D@2@@std@@PEAUItem@Shop@@U?$less@V?$basic_string@DU?$char_traits@D@std@@V?$allocator@D@2@@std@@@2@V?$allocator@U?$pair@$$CBV?$basic_string@DU?$char_traits@D@std@@V?$allocator@D@2@@std@@PEAUItem@Shop@@@std@@@2@$0A@@std@@@std@@IEAA?AU?$pair@V?$_Tree_iterator@V?$_Tree_val@U?$_Tree_simple_types@U?$pair@$$CBV?$basic_string@DU?$char_traits@D@std@@V?$allocator@D@2@@std@@PEAUItem@Shop@@@std@@@std@@@std@@@std@@_N@1@_NAEAU?$pair@$$CBV?$basic_string@DU?$char_traits@D@std@@V?$allocator@D@2@@std@@PEAUItem@Shop@@@1@PEAU?$_Tree_node@U?$pair@$$CBV?$basic_string@DU?$char_traits@D@std@@V?$allocator@D@2@@std@@PEAUItem@Shop@@@std@@PEAX@1@@Z 000000014001c4f0 f i Shop.obj
 0001:0001b4f0       ??$_Insert_nohint@AEAU?$pair@$$CBV?$basic_string@DU?$char_traits@D@std@@V?$allocator@D@2@@std@@PEAVUIElement@@@std@@PEAU?$_Tree_node@U?$pair@$$CBV?$basic_string@DU?$char_traits@D@std@@V?$allocator@D@2@@std@@PEAVUIElement@@@std@@PEAX@2@@?$_Tree@V?$_Tmap_traits@V?$basic_string@DU?$char_traits@D@std@@V?$allocator@D@2@@std@@PEAVUIElement@@U?$less@V?$basic_string@DU?$char_traits@D@std@@V?$allocator@D@2@@std@@@2@V?$allocator@U?$pair@$$CBV?$basic_string@DU?$char_traits@D@std@@V?$allocator@D@2@@std@@PEAVUIElement@@@std@@@2@$0A@@std@@@std@@IEAA?AU?$pair@V?$_Tree_iterator@V?$_Tree_val@U?$_Tree_simple_types@U?$pair@$$CBV?$basic_string@DU?$char_traits@D@std@@V?$allocator@D@2@@std@@PEAVUIElement@@@std@@@std@@@std@@@std@@_N@1@_NAEAU?$pair@$$CBV?$basic_string@DU?$char_traits@D@std@@V?$allocator@D@2@@std@@PEAVUIElement@@@1@PEAU?$_Tree_node@U?$pair@$$CBV?$basic_string@DU?$char_traits@D@std@@V?$allocator@D@2@@std@@PEAVUIElement@@@std@@PEAX@1@@Z 000000014001c4f0 f i Shop.obj
 0001:0001b720       ?CompileShaders@SkyboxShader@@AEAA_NPEAUID3D11Device@@PEA_W1@Z 000000014001c720 f   SkyboxShader.obj
 0001:0001ba80       ?ProcessShaderErrors@StaticShader@@AEAAXPEAUID3D10Blob@@@Z 000000014001ca80 f   StaticShader.obj
 0001:0001ba80       ?ProcessShaderErrors@AnimatedShader@@AEAAXPEAUID3D10Blob@@@Z 000000014001ca80 f   shaderstuff.obj
 0001:0001ba80       ?ProcessShaderErrors@SkyboxShader@@AEAAXPEAUID3D10Blob@@@Z 000000014001ca80 f   SkyboxShader.obj
 0001:0001bc00       ??_D?$basic_ofstream@DU?$char_traits@D@std@@@std@@QEAAXXZ 000000014001cc00 f i SkyboxShader.obj
 0001:0001bc70       ?UpdateShaderBuffers@SkyboxShader@@AEAA_NPEAUID3D11DeviceContext@@UXMMATRIX@DirectX@@11PEAUID3D11ShaderResourceView@@@Z 000000014001cc70 f   SkyboxShader.obj
 0001:0001bec0       ??0?$basic_ofstream@DU?$char_traits@D@std@@@std@@QEAA@XZ 000000014001cec0 f i SkyboxShader.obj
 0001:0001bf80       ??_E?$basic_ofstream@DU?$char_traits@D@std@@@std@@UEAAPEAXI@Z 000000014001cf80 f i * CIL library *:* CIL module *
 0001:0001bf80       ??_G?$basic_ofstream@DU?$char_traits@D@std@@@std@@UEAAPEAXI@Z 000000014001cf80 f i SkyboxShader.obj
 0001:0001bfc0       ??$?6U?$char_traits@D@std@@@std@@YAAEAV?$basic_ostream@DU?$char_traits@D@std@@@0@AEAV10@D@Z 000000014001cfc0 f i SkyboxShader.obj
 0001:0001c180       ??1sentry@?$basic_ostream@DU?$char_traits@D@std@@@std@@QEAA@XZ 000000014001d180 f i SkyboxShader.obj
 0001:0001c1d0       ??1_Sentry_base@?$basic_ostream@DU?$char_traits@D@std@@@std@@QEAA@XZ 000000014001d1d0 f i SkyboxShader.obj
 0001:0001c200       ??_E?$basic_ofstream@DU?$char_traits@D@std@@@std@@$4PPPPPPPM@A@EAAPEAXI@Z 000000014001d200 f i SkyboxShader.obj
 0001:0001c210       ?Initialize@Sound@@QEAA_NPEAUHWND__@@@Z 000000014001d210 f   Sound.obj
 0001:0001c2d0       ?LoadWaveFile@Sound@@AEAA_NPEBDPEAPEAUIDirectSoundBuffer8@@@Z 000000014001d2d0 f   Sound.obj
 0001:0001c570       ?Render@StaticShader@@QEAA_NPEAUID3D11DeviceContext@@HUXMMATRIX@DirectX@@11PEAUID3D11ShaderResourceView@@UXMFLOAT3@4@UXMFLOAT4@4@QEAU74@54444444@Z 000000014001d570 f   StaticShader.obj
 0001:0001ca00       ?CompileShaders@StaticShader@@AEAA_NPEAUID3D11Device@@PEA_W1@Z 000000014001da00 f   StaticShader.obj
 0001:0001cda0       ?GetPos@UIElement@@QEAA?AUfloat2@@XZ 000000014001dda0 f i UIElement.obj
 0001:0001cdc0       ??1UIElement@@QEAA@XZ      000000014001ddc0 f   UIElement.obj
 0001:0001ce30       ??0TextElement@@QEAA@UtagRECT@@_N1Ufloat2@@HPEAD@Z 000000014001de30 f   UIElement.obj
 0001:0001cf10       ?Update@ButtonElement@@UEAAXXZ 000000014001df10 f   UIElement.obj
 0001:0001cfa0       ?SetDefaultTexture@ButtonElement@@QEAAXPEBD@Z 000000014001dfa0 f   UIElement.obj
 0001:0001d120       ?SetMouseOverTexture@ButtonElement@@QEAAXPEBD@Z 000000014001e120 f   UIElement.obj
 0001:0001d190       ?SetMouseClickTexture@ButtonElement@@QEAAXPEBD@Z 000000014001e190 f   UIElement.obj
 0001:0001d200       ??0Target@@QEAA@XZ         000000014001e200 f   Target.obj
 0001:0001d2e0       ?Initialize@Target@@UEAA_NPEAUID3D11Device@@PEBDUfloat3@@@Z 000000014001e2e0 f   Target.obj
 0001:0001d3d0       ?Update@Target@@UEAAXMPEAVPlayer@@AEAV?$vector@PEAVBullet@@V?$allocator@PEAVBullet@@@std@@@std@@PEAUID3D11Device@@@Z 000000014001e3d0 f   Target.obj
 0001:0001d620       ?Render@UIManager@@QEAAXAEAV?$unique_ptr@VSpriteBatch@DirectX@@U?$default_delete@VSpriteBatch@DirectX@@@std@@@std@@AEAV?$unique_ptr@VSpriteFont@DirectX@@U?$default_delete@VSpriteFont@DirectX@@@std@@@3@1@Z 000000014001e620 f   UIManager.obj
 0001:0001d900       ?CreateText@UIManager@@QEAAPEAVUIElement@@UtagRECT@@_N1Ufloat2@@HPEBD@Z 000000014001e900 f   UIManager.obj
 0001:0001da20       ?CreateText@UIManager@@QEAAPEAVUIElement@@UtagRECT@@_N1Ufloat2@@HV?$basic_string@DU?$char_traits@D@std@@V?$allocator@D@2@@std@@@Z 000000014001ea20 f   UIManager.obj
 0001:0001dbc0       ?CreateImage@UIManager@@QEAAPEAVUIElement@@UtagRECT@@_N1Ufloat2@@PEBDPEAUID3D11Device@@@Z 000000014001ebc0 f   UIManager.obj
 0001:0001dde0       ?CreateButton@UIManager@@QEAAPEAVUIElement@@UtagRECT@@_N1Ufloat2@@PEAUID3D11Device@@HPEBD@Z 000000014001ede0 f   UIManager.obj
 0001:0001ea60       ?CreateWICTextureFromFileEx@DirectX@@YAJPEAUID3D11Device@@PEAUID3D11DeviceContext@@PEB_W_KW4D3D11_USAGE@@IIIIPEAPEAUID3D11Resource@@PEAPEAUID3D11ShaderResourceView@@@Z 000000014001fa60 f   WICTextureLoader.obj
 0001:0001ebd0       ??1?$ComPtr@UID3D11Device@@@WRL@Microsoft@@QEAA@XZ 000000014001fbd0 f i DirectXTK:SpriteBatch.obj
 0001:0001ebd0       ??1?$ComPtr@UID3D11Texture2D@@@WRL@Microsoft@@QEAA@XZ 000000014001fbd0 f i DirectXTK:SpriteBatch.obj
 0001:0001ebd0       ??1?$ComPtr@UID3D11PixelShader@@@WRL@Microsoft@@QEAA@XZ 000000014001fbd0 f i DirectXTK:SpriteBatch.obj
 0001:0001ebd0       ??1?$ComPtr@UID3D11Buffer@@@WRL@Microsoft@@QEAA@XZ 000000014001fbd0 f i DirectXTK:SpriteBatch.obj
 0001:0001ebd0       ??1?$ComPtr@UIWICMetadataQueryReader@@@WRL@Microsoft@@QEAA@XZ 000000014001fbd0 f i WICTextureLoader.obj
 0001:0001ebd0       ??1?$ComPtr@UIWICBitmapScaler@@@WRL@Microsoft@@QEAA@XZ 000000014001fbd0 f i WICTextureLoader.obj
 0001:0001ebd0       ??1?$ComPtr@UID3D11BlendState@@@WRL@Microsoft@@QEAA@XZ 000000014001fbd0 f i DirectXTK:SpriteBatch.obj
 0001:0001ebd0       ??1?$ComPtr@UIWICBitmapDecoder@@@WRL@Microsoft@@QEAA@XZ 000000014001fbd0 f i WICTextureLoader.obj
 0001:0001ebd0       ??1?$ComPtr@UID3D11ShaderResourceView@@@WRL@Microsoft@@QEAA@XZ 000000014001fbd0 f i DirectXTK:SpriteFont.obj
 0001:0001ebd0       ??1?$ComPtr@UIWICPixelFormatInfo@@@WRL@Microsoft@@QEAA@XZ 000000014001fbd0 f i WICTextureLoader.obj
 0001:0001ebd0       ??1?$ComPtr@UIWICFormatConverter@@@WRL@Microsoft@@QEAA@XZ 000000014001fbd0 f i WICTextureLoader.obj
 0001:0001ebd0       ??1?$ComPtr@UIWICBitmapFrameDecode@@@WRL@Microsoft@@QEAA@XZ 000000014001fbd0 f i WICTextureLoader.obj
 0001:0001ebd0       ??1?$ComPtr@UID3D11RasterizerState@@@WRL@Microsoft@@QEAA@XZ 000000014001fbd0 f i DirectXTK:SpriteBatch.obj
 0001:0001ebd0       ??1?$ComPtr@UID3D11Resource@@@WRL@Microsoft@@QEAA@XZ 000000014001fbd0 f i DirectXTK:SpriteBatch.obj
 0001:0001ebd0       ??1?$ComPtr@UID3D11InputLayout@@@WRL@Microsoft@@QEAA@XZ 000000014001fbd0 f i DirectXTK:SpriteBatch.obj
 0001:0001ebd0       ??1?$ComPtr@UID3D11SamplerState@@@WRL@Microsoft@@QEAA@XZ 000000014001fbd0 f i DirectXTK:SpriteBatch.obj
 0001:0001ebd0       ??1?$ComPtr@UIWICComponentInfo@@@WRL@Microsoft@@QEAA@XZ 000000014001fbd0 f i WICTextureLoader.obj
 0001:0001ebd0       ??1?$ComPtr@UID3D11DepthStencilState@@@WRL@Microsoft@@QEAA@XZ 000000014001fbd0 f i DirectXTK:SpriteBatch.obj
 0001:0001ebd0       ??1?$ComPtr@UID3D11VertexShader@@@WRL@Microsoft@@QEAA@XZ 000000014001fbd0 f i DirectXTK:SpriteBatch.obj
 0001:0001ebd0       ??1?$ComPtr@UID3D11DeviceContext@@@WRL@Microsoft@@QEAA@XZ 000000014001fbd0 f i DirectXTK:SpriteBatch.obj
 0001:0001ebf0       ??1?$unique_ptr@$$BY0A@_WU?$default_delete@$$BY0A@_W@std@@@std@@QEAA@XZ 000000014001fbf0 f i DirectXTK:SpriteFont.obj
 0001:0001ebf0       ??1?$unique_ptr@$$BY0A@UD3D11_SUBRESOURCE_DATA@@U?$default_delete@$$BY0A@UD3D11_SUBRESOURCE_DATA@@@std@@@std@@QEAA@XZ 000000014001fbf0 f i DirectXTK:DDSTextureLoader.obj
 0001:0001ebf0       ??1?$unique_ptr@$$BY0A@EU?$default_delete@$$BY0A@E@std@@@std@@QEAA@XZ 000000014001fbf0 f i WICTextureLoader.obj
 0001:0001ec00       ?CompileShaders@AnimatedShader@@AEAA_NPEAUID3D11Device@@PEA_W1@Z 000000014001fc00 f   shaderstuff.obj
 0001:0001efa0       ?UpdateShaderBuffers@AnimatedShader@@AEAA_NPEAUID3D11DeviceContext@@UXMMATRIX@DirectX@@11PEAUID3D11ShaderResourceView@@UXMFLOAT3@4@UXMFLOAT4@4@V?$vector@V?$array@Ufloat4@@$03@std@@V?$allocator@V?$array@Ufloat4@@$03@std@@@2@@std@@QEAU74@64444444@Z 000000014001ffa0 f   shaderstuff.obj
 0001:0001f490       _get_startup_new_mode      0000000140020490 f i MSVCRT:new_mode.obj
 0001:0001f490       __scrt_exe_initialize_mta  0000000140020490 f i MSVCRT:utility_desktop.obj
 0001:0001f490       _matherr                   0000000140020490 f i MSVCRT:matherr.obj
 0001:0001f490       ?_Get_deleter@_Ref_count_base@std@@UEBAPEAXAEBVtype_info@@@Z 0000000140020490 f i DirectXTK:SpriteBatch.obj
 0001:0001f490       __scrt_initialize_winrt    0000000140020490 f i MSVCRT:utility_desktop.obj
 0001:0001f490       _get_startup_commit_mode   0000000140020490 f i MSVCRT:commit_mode.obj
 0001:0001f490       __scrt_stub_for_initialize_mta 0000000140020490 f i MSVCRT:utility_desktop.obj
 0001:0001f490       _get_startup_thread_locale_mode 0000000140020490 f i MSVCRT:thread_locale.obj
 0001:0001f4a0       ?_Destroy@?$_Ref_count_obj@UResourceMap@?$SharedResourcePool@PEAUID3D11DeviceContext@@UContextResources@Impl@SpriteBatch@DirectX@@$$V@DirectX@@@std@@EEAAXXZ 00000001400204a0 f i DirectXTK:SpriteBatch.obj
 0001:0001f4a0       ?_Destroy@?$_Ref_count_obj@UResourceMap@?$SharedResourcePool@PEAUID3D11Device@@VImpl@CommonStates@DirectX@@$$V@DirectX@@@std@@EEAAXXZ 00000001400204a0 f i DirectXTK:CommonStates.obj
 0001:0001f4a0       ?_Destroy@?$_Ref_count_obj@UResourceMap@?$SharedResourcePool@PEAUID3D11Device@@UDeviceResources@Impl@SpriteBatch@DirectX@@$$V@DirectX@@@std@@EEAAXXZ 00000001400204a0 f i DirectXTK:SpriteBatch.obj
 0001:0001f4f0       ?_Delete_this@?$_Ref_count_obj@UWrappedData@?$SharedResourcePool@PEAUID3D11Device@@VImpl@CommonStates@DirectX@@$$V@DirectX@@@std@@EEAAXXZ 00000001400204f0 f i DirectXTK:CommonStates.obj
 0001:0001f4f0       ?_Delete_this@?$_Ref_count_obj@UResourceMap@?$SharedResourcePool@PEAUID3D11Device@@UDeviceResources@Impl@SpriteBatch@DirectX@@$$V@DirectX@@@std@@EEAAXXZ 00000001400204f0 f i DirectXTK:SpriteBatch.obj
 0001:0001f4f0       ?_Delete_this@?$_Ref_count_obj@UResourceMap@?$SharedResourcePool@PEAUID3D11Device@@VImpl@CommonStates@DirectX@@$$V@DirectX@@@std@@EEAAXXZ 00000001400204f0 f i DirectXTK:CommonStates.obj
 0001:0001f4f0       ?_Delete_this@?$_Ref_count_obj@UWrappedData@?$SharedResourcePool@PEAUID3D11DeviceContext@@UContextResources@Impl@SpriteBatch@DirectX@@$$V@DirectX@@@std@@EEAAXXZ 00000001400204f0 f i DirectXTK:SpriteBatch.obj
 0001:0001f4f0       ?_Delete_this@?$_Ref_count_obj@UWrappedData@?$SharedResourcePool@PEAUID3D11Device@@UDeviceResources@Impl@SpriteBatch@DirectX@@$$V@DirectX@@@std@@EEAAXXZ 00000001400204f0 f i DirectXTK:SpriteBatch.obj
 0001:0001f4f0       ?_Delete_this@?$_Ref_count_obj@UResourceMap@?$SharedResourcePool@PEAUID3D11DeviceContext@@UContextResources@Impl@SpriteBatch@DirectX@@$$V@DirectX@@@std@@EEAAXXZ 00000001400204f0 f i DirectXTK:SpriteBatch.obj
 0001:0001f510       ??_G?$_Ref_count_obj@UResourceMap@?$SharedResourcePool@PEAUID3D11Device@@UDeviceResources@Impl@SpriteBatch@DirectX@@$$V@DirectX@@@std@@UEAAPEAXI@Z 0000000140020510 f i DirectXTK:SpriteBatch.obj
 0001:0001f510       ??_E?$_Ref_count_obj@UResourceMap@?$SharedResourcePool@PEAUID3D11Device@@VImpl@CommonStates@DirectX@@$$V@DirectX@@@std@@UEAAPEAXI@Z 0000000140020510 f i DirectXTK:CommonStates.obj
 0001:0001f510       ??_G?$_Ref_count_obj@UResourceMap@?$SharedResourcePool@PEAUID3D11DeviceContext@@UContextResources@Impl@SpriteBatch@DirectX@@$$V@DirectX@@@std@@UEAAPEAXI@Z 0000000140020510 f i DirectXTK:SpriteBatch.obj
 0001:0001f510       ??_G?$_Ref_count_obj@UResourceMap@?$SharedResourcePool@PEAUID3D11Device@@VImpl@CommonStates@DirectX@@$$V@DirectX@@@std@@UEAAPEAXI@Z 0000000140020510 f i DirectXTK:CommonStates.obj
 0001:0001f510       ??_E?$_Ref_count_obj@UResourceMap@?$SharedResourcePool@PEAUID3D11Device@@UDeviceResources@Impl@SpriteBatch@DirectX@@$$V@DirectX@@@std@@UEAAPEAXI@Z 0000000140020510 f i DirectXTK:SpriteBatch.obj
 0001:0001f510       ??_E?$_Ref_count_obj@UResourceMap@?$SharedResourcePool@PEAUID3D11DeviceContext@@UContextResources@Impl@SpriteBatch@DirectX@@$$V@DirectX@@@std@@UEAAPEAXI@Z 0000000140020510 f i DirectXTK:SpriteBatch.obj
 0001:0001f540       ??$_Buynode@AEAU?$pair@PEAUID3D11Device@@V?$shared_ptr@UWrappedData@?$SharedResourcePool@PEAUID3D11Device@@VImpl@CommonStates@DirectX@@$$V@DirectX@@@std@@@std@@@?$_Tree_comp_alloc@V?$_Tmap_traits@PEAUID3D11Device@@V?$weak_ptr@VImpl@CommonStates@DirectX@@@std@@U?$less@PEAUID3D11Device@@@3@V?$allocator@U?$pair@QEAUID3D11Device@@V?$weak_ptr@VImpl@CommonStates@DirectX@@@std@@@std@@@3@$0A@@std@@@std@@QEAAPEAU?$_Tree_node@U?$pair@QEAUID3D11Device@@V?$weak_ptr@VImpl@CommonStates@DirectX@@@std@@@std@@PEAX@1@AEAU?$pair@PEAUID3D11Device@@V?$shared_ptr@UWrappedData@?$SharedResourcePool@PEAUID3D11Device@@VImpl@CommonStates@DirectX@@$$V@DirectX@@@std@@@1@@Z 0000000140020540 f i DirectXTK:CommonStates.obj
 0001:0001f540       ??$_Buynode@AEAU?$pair@PEAUID3D11DeviceContext@@V?$shared_ptr@UWrappedData@?$SharedResourcePool@PEAUID3D11DeviceContext@@UContextResources@Impl@SpriteBatch@DirectX@@$$V@DirectX@@@std@@@std@@@?$_Tree_comp_alloc@V?$_Tmap_traits@PEAUID3D11DeviceContext@@V?$weak_ptr@UContextResources@Impl@SpriteBatch@DirectX@@@std@@U?$less@PEAUID3D11DeviceContext@@@3@V?$allocator@U?$pair@QEAUID3D11DeviceContext@@V?$weak_ptr@UContextResources@Impl@SpriteBatch@DirectX@@@std@@@std@@@3@$0A@@std@@@std@@QEAAPEAU?$_Tree_node@U?$pair@QEAUID3D11DeviceContext@@V?$weak_ptr@UContextResources@Impl@SpriteBatch@DirectX@@@std@@@std@@PEAX@1@AEAU?$pair@PEAUID3D11DeviceContext@@V?$shared_ptr@UWrappedData@?$SharedResourcePool@PEAUID3D11DeviceContext@@UContextResources@Impl@SpriteBatch@DirectX@@$$V@DirectX@@@std@@@1@@Z 0000000140020540 f i DirectXTK:SpriteBatch.obj
 0001:0001f540       ??$_Buynode@AEAU?$pair@PEAUID3D11Device@@V?$shared_ptr@UWrappedData@?$SharedResourcePool@PEAUID3D11Device@@UDeviceResources@Impl@SpriteBatch@DirectX@@$$V@DirectX@@@std@@@std@@@?$_Tree_comp_alloc@V?$_Tmap_traits@PEAUID3D11Device@@V?$weak_ptr@UDeviceResources@Impl@SpriteBatch@DirectX@@@std@@U?$less@PEAUID3D11Device@@@3@V?$allocator@U?$pair@QEAUID3D11Device@@V?$weak_ptr@UDeviceResources@Impl@SpriteBatch@DirectX@@@std@@@std@@@3@$0A@@std@@@std@@QEAAPEAU?$_Tree_node@U?$pair@QEAUID3D11Device@@V?$weak_ptr@UDeviceResources@Impl@SpriteBatch@DirectX@@@std@@@std@@PEAX@1@AEAU?$pair@PEAUID3D11Device@@V?$shared_ptr@UWrappedData@?$SharedResourcePool@PEAUID3D11Device@@UDeviceResources@Impl@SpriteBatch@DirectX@@$$V@DirectX@@@std@@@1@@Z 0000000140020540 f i DirectXTK:SpriteBatch.obj
 0001:0001f5a0       ??$_Emplace_reallocate@AEAPEAUID3D11ShaderResourceView@@@?$vector@V?$ComPtr@UID3D11ShaderResourceView@@@WRL@Microsoft@@V?$allocator@V?$ComPtr@UID3D11ShaderResourceView@@@WRL@Microsoft@@@std@@@std@@QEAAPEAV?$ComPtr@UID3D11ShaderResourceView@@@WRL@Microsoft@@QEAV234@AEAPEAUID3D11ShaderResourceView@@@Z 00000001400205a0 f i DirectXTK:SpriteBatch.obj
 0001:0001f830       ??$_Emplace_reallocate@AEBF@?$vector@FV?$allocator@F@std@@@std@@QEAAPEAFQEAFAEBF@Z 0000000140020830 f i DirectXTK:SpriteBatch.obj
 0001:0001f830       ??$_Emplace_reallocate@F@?$vector@FV?$allocator@F@std@@@std@@QEAAPEAFQEAF$$QEAF@Z 0000000140020830 f i DirectXTK:SpriteBatch.obj
 0001:0001fe70       ??$_Insert_at@AEAU?$pair@QEAUID3D11DeviceContext@@V?$weak_ptr@UContextResources@Impl@SpriteBatch@DirectX@@@std@@@std@@PEAU?$_Tree_node@U?$pair@QEAUID3D11DeviceContext@@V?$weak_ptr@UContextResources@Impl@SpriteBatch@DirectX@@@std@@@std@@PEAX@2@@?$_Tree@V?$_Tmap_traits@PEAUID3D11DeviceContext@@V?$weak_ptr@UContextResources@Impl@SpriteBatch@DirectX@@@std@@U?$less@PEAUID3D11DeviceContext@@@3@V?$allocator@U?$pair@QEAUID3D11DeviceContext@@V?$weak_ptr@UContextResources@Impl@SpriteBatch@DirectX@@@std@@@std@@@3@$0A@@std@@@std@@IEAA?AV?$_Tree_iterator@V?$_Tree_val@U?$_Tree_simple_types@U?$pair@QEAUID3D11DeviceContext@@V?$weak_ptr@UContextResources@Impl@SpriteBatch@DirectX@@@std@@@std@@@std@@@std@@@1@_NPEAU?$_Tree_node@U?$pair@QEAUID3D11DeviceContext@@V?$weak_ptr@UContextResources@Impl@SpriteBatch@DirectX@@@std@@@std@@PEAX@1@AEAU?$pair@QEAUID3D11DeviceContext@@V?$weak_ptr@UContextResources@Impl@SpriteBatch@DirectX@@@std@@@1@1@Z 0000000140020e70 f i DirectXTK:SpriteBatch.obj
 0001:0001fe70       ??$_Insert_at@AEAU?$pair@QEAUID3D11Device@@V?$weak_ptr@UDeviceResources@Impl@SpriteBatch@DirectX@@@std@@@std@@PEAU?$_Tree_node@U?$pair@QEAUID3D11Device@@V?$weak_ptr@UDeviceResources@Impl@SpriteBatch@DirectX@@@std@@@std@@PEAX@2@@?$_Tree@V?$_Tmap_traits@PEAUID3D11Device@@V?$weak_ptr@UDeviceResources@Impl@SpriteBatch@DirectX@@@std@@U?$less@PEAUID3D11Device@@@3@V?$allocator@U?$pair@QEAUID3D11Device@@V?$weak_ptr@UDeviceResources@Impl@SpriteBatch@DirectX@@@std@@@std@@@3@$0A@@std@@@std@@IEAA?AV?$_Tree_iterator@V?$_Tree_val@U?$_Tree_simple_types@U?$pair@QEAUID3D11Device@@V?$weak_ptr@UDeviceResources@Impl@SpriteBatch@DirectX@@@std@@@std@@@std@@@std@@@1@_NPEAU?$_Tree_node@U?$pair@QEAUID3D11Device@@V?$weak_ptr@UDeviceResources@Impl@SpriteBatch@DirectX@@@std@@@std@@PEAX@1@AEAU?$pair@QEAUID3D11Device@@V?$weak_ptr@UDeviceResources@Impl@SpriteBatch@DirectX@@@std@@@1@1@Z 0000000140020e70 f i DirectXTK:SpriteBatch.obj
 0001:0001fe70       ??$_Insert_at@AEAU?$pair@QEAUID3D11Device@@V?$weak_ptr@VImpl@CommonStates@DirectX@@@std@@@std@@PEAU?$_Tree_node@U?$pair@QEAUID3D11Device@@V?$weak_ptr@VImpl@CommonStates@DirectX@@@std@@@std@@PEAX@2@@?$_Tree@V?$_Tmap_traits@PEAUID3D11Device@@V?$weak_ptr@VImpl@CommonStates@DirectX@@@std@@U?$less@PEAUID3D11Device@@@3@V?$allocator@U?$pair@QEAUID3D11Device@@V?$weak_ptr@VImpl@CommonStates@DirectX@@@std@@@std@@@3@$0A@@std@@@std@@IEAA?AV?$_Tree_iterator@V?$_Tree_val@U?$_Tree_simple_types@U?$pair@QEAUID3D11Device@@V?$weak_ptr@VImpl@CommonStates@DirectX@@@std@@@std@@@std@@@std@@@1@_NPEAU?$_Tree_node@U?$pair@QEAUID3D11Device@@V?$weak_ptr@VImpl@CommonStates@DirectX@@@std@@@std@@PEAX@1@AEAU?$pair@QEAUID3D11Device@@V?$weak_ptr@VImpl@CommonStates@DirectX@@@std@@@1@1@Z 0000000140020e70 f i DirectXTK:CommonStates.obj
 0001:000200f0       ??$_Insert_nohint@AEAU?$pair@QEAUID3D11Device@@V?$weak_ptr@UDeviceResources@Impl@SpriteBatch@DirectX@@@std@@@std@@PEAU?$_Tree_node@U?$pair@QEAUID3D11Device@@V?$weak_ptr@UDeviceResources@Impl@SpriteBatch@DirectX@@@std@@@std@@PEAX@2@@?$_Tree@V?$_Tmap_traits@PEAUID3D11Device@@V?$weak_ptr@UDeviceResources@Impl@SpriteBatch@DirectX@@@std@@U?$less@PEAUID3D11Device@@@3@V?$allocator@U?$pair@QEAUID3D11Device@@V?$weak_ptr@UDeviceResources@Impl@SpriteBatch@DirectX@@@std@@@std@@@3@$0A@@std@@@std@@IEAA?AU?$pair@V?$_Tree_iterator@V?$_Tree_val@U?$_Tree_simple_types@U?$pair@QEAUID3D11Device@@V?$weak_ptr@UDeviceResources@Impl@SpriteBatch@DirectX@@@std@@@std@@@std@@@std@@@std@@_N@1@_NAEAU?$pair@QEAUID3D11Device@@V?$weak_ptr@UDeviceResources@Impl@SpriteBatch@DirectX@@@std@@@1@PEAU?$_Tree_node@U?$pair@QEAUID3D11Device@@V?$weak_ptr@UDeviceResources@Impl@SpriteBatch@DirectX@@@std@@@std@@PEAX@1@@Z 00000001400210f0 f i DirectXTK:SpriteBatch.obj
 0001:000200f0       ??$_Insert_nohint@AEAU?$pair@QEAUID3D11DeviceContext@@V?$weak_ptr@UContextResources@Impl@SpriteBatch@DirectX@@@std@@@std@@PEAU?$_Tree_node@U?$pair@QEAUID3D11DeviceContext@@V?$weak_ptr@UContextResources@Impl@SpriteBatch@DirectX@@@std@@@std@@PEAX@2@@?$_Tree@V?$_Tmap_traits@PEAUID3D11DeviceContext@@V?$weak_ptr@UContextResources@Impl@SpriteBatch@DirectX@@@std@@U?$less@PEAUID3D11DeviceContext@@@3@V?$allocator@U?$pair@QEAUID3D11DeviceContext@@V?$weak_ptr@UContextResources@Impl@SpriteBatch@DirectX@@@std@@@std@@@3@$0A@@std@@@std@@IEAA?AU?$pair@V?$_Tree_iterator@V?$_Tree_val@U?$_Tree_simple_types@U?$pair@QEAUID3D11DeviceContext@@V?$weak_ptr@UContextResources@Impl@SpriteBatch@DirectX@@@std@@@std@@@std@@@std@@@std@@_N@1@_NAEAU?$pair@QEAUID3D11DeviceContext@@V?$weak_ptr@UContextResources@Impl@SpriteBatch@DirectX@@@std@@@1@PEAU?$_Tree_node@U?$pair@QEAUID3D11DeviceContext@@V?$weak_ptr@UContextResources@Impl@SpriteBatch@DirectX@@@std@@@std@@PEAX@1@@Z 00000001400210f0 f i DirectXTK:SpriteBatch.obj
 0001:000200f0       ??$_Insert_nohint@AEAU?$pair@QEAUID3D11Device@@V?$weak_ptr@VImpl@CommonStates@DirectX@@@std@@@std@@PEAU?$_Tree_node@U?$pair@QEAUID3D11Device@@V?$weak_ptr@VImpl@CommonStates@DirectX@@@std@@@std@@PEAX@2@@?$_Tree@V?$_Tmap_traits@PEAUID3D11Device@@V?$weak_ptr@VImpl@CommonStates@DirectX@@@std@@U?$less@PEAUID3D11Device@@@3@V?$allocator@U?$pair@QEAUID3D11Device@@V?$weak_ptr@VImpl@CommonStates@DirectX@@@std@@@std@@@3@$0A@@std@@@std@@IEAA?AU?$pair@V?$_Tree_iterator@V?$_Tree_val@U?$_Tree_simple_types@U?$pair@QEAUID3D11Device@@V?$weak_ptr@VImpl@CommonStates@DirectX@@@std@@@std@@@std@@@std@@@std@@_N@1@_NAEAU?$pair@QEAUID3D11Device@@V?$weak_ptr@VImpl@CommonStates@DirectX@@@std@@@1@PEAU?$_Tree_node@U?$pair@QEAUID3D11Device@@V?$weak_ptr@VImpl@CommonStates@DirectX@@@std@@@std@@PEAX@1@@Z 00000001400210f0 f i DirectXTK:CommonStates.obj
 0001:00020ad0       ??$_Resize@V<lambda_e8c6c8b564571a11716b943a92ab7d7d>@@@?$vector@PEBUSpriteInfo@Impl@SpriteBatch@DirectX@@V?$allocator@PEBUSpriteInfo@Impl@SpriteBatch@DirectX@@@std@@@std@@AEAAX_KV<lambda_e8c6c8b564571a11716b943a92ab7d7d>@@@Z 0000000140021ad0 f i DirectXTK:SpriteBatch.obj
 0001:000215e0       ??$make_unique@VImpl@SpriteBatch@DirectX@@AEAPEAUID3D11DeviceContext@@$0A@@std@@YA?AV?$unique_ptr@VImpl@SpriteBatch@DirectX@@U?$default_delete@VImpl@SpriteBatch@DirectX@@@std@@@0@AEAPEAUID3D11DeviceContext@@@Z 00000001400225e0 f i DirectXTK:SpriteBatch.obj
 0001:00021750       ??$sprintf_s@$0EA@@@YAHAEAY0EA@DPEBDZZ 0000000140022750 f i DirectXTK:SpriteBatch.obj
 0001:000217b0       ??0ContextResources@Impl@SpriteBatch@DirectX@@QEAA@PEAUID3D11DeviceContext@@@Z 00000001400227b0 f   DirectXTK:SpriteBatch.obj
 0001:00021970       ??0DeviceResources@Impl@SpriteBatch@DirectX@@QEAA@PEAUID3D11Device@@@Z 0000000140022970 f   DirectXTK:SpriteBatch.obj
 0001:00021bd0       ??0SpriteBatch@DirectX@@QEAA@PEAUID3D11DeviceContext@@@Z 0000000140022bd0 f   DirectXTK:SpriteBatch.obj
 0001:00021c20       ??0bad_alloc@std@@QEAA@AEBV01@@Z 0000000140022c20 f i DirectXTK:SpriteBatch.obj
 0001:00021c60       ??0bad_alloc@std@@QEAA@XZ  0000000140022c60 f i DirectXTK:SpriteBatch.obj
 0001:00021c90       ??0com_exception@DirectX@@QEAA@AEBV01@@Z 0000000140022c90 f i DirectXTK:SpriteBatch.obj
 0001:00021ce0       ??0com_exception@DirectX@@QEAA@J@Z 0000000140022ce0 f i DirectXTK:SpriteBatch.obj
 0001:00021d00       ??0exception@std@@QEAA@QEBD@Z 0000000140022d00 f i DirectXTK:SpriteBatch.obj
 0001:00021d60       ??1?$ConstantBuffer@UXMMATRIX@DirectX@@@DirectX@@QEAA@XZ 0000000140022d60 f i DirectXTK:SpriteBatch.obj
 0001:00021d90       ??1?$lock_guard@Vmutex@std@@@std@@QEAA@XZ 0000000140022d90 f i DirectXTK:SpriteBatch.obj
 0001:00021dc0       ??1?$pair@PEAUID3D11Device@@V?$shared_ptr@UWrappedData@?$SharedResourcePool@PEAUID3D11Device@@VImpl@CommonStates@DirectX@@$$V@DirectX@@@std@@@std@@QEAA@XZ 0000000140022dc0 f i DirectXTK:CommonStates.obj
 0001:00021dc0       ??1?$pair@PEAUID3D11DeviceContext@@V?$shared_ptr@UWrappedData@?$SharedResourcePool@PEAUID3D11DeviceContext@@UContextResources@Impl@SpriteBatch@DirectX@@$$V@DirectX@@@std@@@std@@QEAA@XZ 0000000140022dc0 f i DirectXTK:SpriteBatch.obj
 0001:00021dc0       ??1?$pair@PEAUID3D11Device@@V?$shared_ptr@UWrappedData@?$SharedResourcePool@PEAUID3D11Device@@UDeviceResources@Impl@SpriteBatch@DirectX@@$$V@DirectX@@@std@@@std@@QEAA@XZ 0000000140022dc0 f i DirectXTK:SpriteBatch.obj
 0001:00021e10       ??1?$shared_ptr@UWrappedData@?$SharedResourcePool@PEAUID3D11Device@@VImpl@CommonStates@DirectX@@$$V@DirectX@@@std@@QEAA@XZ 0000000140022e10 f i DirectXTK:CommonStates.obj
 0001:00021e10       ??1?$shared_ptr@UDeviceResources@Impl@SpriteBatch@DirectX@@@std@@QEAA@XZ 0000000140022e10 f i DirectXTK:SpriteBatch.obj
 0001:00021e10       ??1?$shared_ptr@UWrappedData@?$SharedResourcePool@PEAUID3D11Device@@UDeviceResources@Impl@SpriteBatch@DirectX@@$$V@DirectX@@@std@@QEAA@XZ 0000000140022e10 f i DirectXTK:SpriteBatch.obj
 0001:00021e10       ??1?$shared_ptr@UWrappedData@?$SharedResourcePool@PEAUID3D11DeviceContext@@UContextResources@Impl@SpriteBatch@DirectX@@$$V@DirectX@@@std@@QEAA@XZ 0000000140022e10 f i DirectXTK:SpriteBatch.obj
 0001:00021e60       ??1?$unique_ptr@$$BY0A@USpriteInfo@Impl@SpriteBatch@DirectX@@U?$default_delete@$$BY0A@USpriteInfo@Impl@SpriteBatch@DirectX@@@std@@@std@@QEAA@XZ 0000000140022e60 f i DirectXTK:SpriteBatch.obj
 0001:00021e70       ??1?$vector@FV?$allocator@F@std@@@std@@QEAA@XZ 0000000140022e70 f i DirectXTK:SpriteBatch.obj
 0001:00021ed0       ??1?$vector@V?$ComPtr@UID3D11ShaderResourceView@@@WRL@Microsoft@@V?$allocator@V?$ComPtr@UID3D11ShaderResourceView@@@WRL@Microsoft@@@std@@@std@@QEAA@XZ 0000000140022ed0 f i DirectXTK:SpriteBatch.obj
 0001:00021f80       ??1DeviceResources@Impl@SpriteBatch@DirectX@@QEAA@XZ 0000000140022f80 f i DirectXTK:SpriteBatch.obj
 0001:00022000       ??1Impl@SpriteBatch@DirectX@@QEAA@XZ 0000000140023000 f i DirectXTK:SpriteBatch.obj
 0001:00022190       ??1WrappedData@?$SharedResourcePool@PEAUID3D11DeviceContext@@UContextResources@Impl@SpriteBatch@DirectX@@$$V@DirectX@@QEAA@XZ 0000000140023190 f i DirectXTK:SpriteBatch.obj
 0001:000222d0       ??1overflow_error@std@@UEAA@XZ 00000001400232d0 f i DirectXTK:SpriteFont.obj
 0001:000222d0       ??1bad_alloc@std@@UEAA@XZ  00000001400232d0 f i DirectXTK:SpriteBatch.obj
 0001:000222d0       ??1bad_array_new_length@std@@UEAA@XZ 00000001400232d0 f i MSVCRT:throw_bad_alloc.obj
 0001:000222d0       ??1com_exception@DirectX@@UEAA@XZ 00000001400232d0 f i DirectXTK:SpriteBatch.obj
 0001:000222f0       ??3?$AlignedNew@VImpl@SpriteBatch@DirectX@@@DirectX@@SAXPEAX@Z 00000001400232f0 f i DirectXTK:SpriteBatch.obj
 0001:00022300       ??_G?$_Ref_count_obj@UWrappedData@?$SharedResourcePool@PEAUID3D11Device@@UDeviceResources@Impl@SpriteBatch@DirectX@@$$V@DirectX@@@std@@UEAAPEAXI@Z 0000000140023300 f i DirectXTK:SpriteBatch.obj
 0001:00022300       ??_E?$_Ref_count_obj@UWrappedData@?$SharedResourcePool@PEAUID3D11Device@@UDeviceResources@Impl@SpriteBatch@DirectX@@$$V@DirectX@@@std@@UEAAPEAXI@Z 0000000140023300 f i DirectXTK:SpriteBatch.obj
 0001:00022330       ??_G?$_Ref_count_obj@UWrappedData@?$SharedResourcePool@PEAUID3D11DeviceContext@@UContextResources@Impl@SpriteBatch@DirectX@@$$V@DirectX@@@std@@UEAAPEAXI@Z 0000000140023330 f i DirectXTK:SpriteBatch.obj
 0001:00022330       ??_E?$_Ref_count_obj@UWrappedData@?$SharedResourcePool@PEAUID3D11DeviceContext@@UContextResources@Impl@SpriteBatch@DirectX@@$$V@DirectX@@@std@@UEAAPEAXI@Z 0000000140023330 f i DirectXTK:SpriteBatch.obj
 0001:00022360       ??_ESpriteBatch@DirectX@@UEAAPEAXI@Z 0000000140023360 f i DirectXTK:SpriteBatch.obj
 0001:00022360       ??_GSpriteBatch@DirectX@@UEAAPEAXI@Z 0000000140023360 f i DirectXTK:SpriteBatch.obj
 0001:000223c0       ??_Eruntime_error@std@@UEAAPEAXI@Z 00000001400233c0 f i DirectXTK:SpriteFont.obj
 0001:000223c0       ??_Eoverflow_error@std@@UEAAPEAXI@Z 00000001400233c0 f i DirectXTK:SpriteFont.obj
 0001:000223c0       ??_Goverflow_error@std@@UEAAPEAXI@Z 00000001400233c0 f i DirectXTK:SpriteFont.obj
 0001:000223c0       ??_Ebad_array_new_length@std@@UEAAPEAXI@Z 00000001400233c0 f i MSVCRT:throw_bad_alloc.obj
 0001:000223c0       ??_Gbad_alloc@std@@UEAAPEAXI@Z 00000001400233c0 f i DirectXTK:SpriteBatch.obj
 0001:000223c0       ??_Ebad_alloc@std@@UEAAPEAXI@Z 00000001400233c0 f i DirectXTK:SpriteBatch.obj
 0001:000223c0       ??_Gruntime_error@std@@UEAAPEAXI@Z 00000001400233c0 f i DirectXTK:SpriteFont.obj
 0001:000223c0       ??_Gbad_array_new_length@std@@UEAAPEAXI@Z 00000001400233c0 f i MSVCRT:throw_bad_alloc.obj
 0001:00022410       ??_Gcom_exception@DirectX@@UEAAPEAXI@Z 0000000140023410 f i DirectXTK:SpriteBatch.obj
 0001:00022410       ??_Ecom_exception@DirectX@@UEAAPEAXI@Z 0000000140023410 f i DirectXTK:SpriteBatch.obj
 0001:00022460       ?Begin@Impl@SpriteBatch@DirectX@@QEAQXW4SpriteSortMode@3@PEAUID3D11BlendState@@PEAUID3D11SamplerState@@PEAUID3D11DepthStencilState@@PEAUID3D11RasterizerState@@AEAV?$function@$$A6AXXZ@std@@UXMMATRIX@3@@Z 0000000140023460 f   DirectXTK:SpriteBatch.obj
 0001:00022730       ?Begin@SpriteBatch@DirectX@@QEAQXW4SpriteSortMode@2@PEAUID3D11BlendState@@PEAUID3D11SamplerState@@PEAUID3D11DepthStencilState@@PEAUID3D11RasterizerState@@V?$function@$$A6AXXZ@std@@UXMMATRIX@2@@Z 0000000140023730 f   DirectXTK:SpriteBatch.obj
 0001:00022790       ?CreateIndexValues@DeviceResources@Impl@SpriteBatch@DirectX@@CA?AV?$vector@FV?$allocator@F@std@@@std@@XZ 0000000140023790 f   DirectXTK:SpriteBatch.obj
 0001:00022910       ?DemandCreate@?$SharedResourcePool@PEAUID3D11Device@@UDeviceResources@Impl@SpriteBatch@DirectX@@$$V@DirectX@@QEAA?AV?$shared_ptr@UDeviceResources@Impl@SpriteBatch@DirectX@@@std@@PEAUID3D11Device@@@Z 0000000140023910 f i DirectXTK:SpriteBatch.obj
 0001:00022bb0       ?DemandCreate@?$SharedResourcePool@PEAUID3D11DeviceContext@@UContextResources@Impl@SpriteBatch@DirectX@@$$V@DirectX@@QEAA?AV?$shared_ptr@UContextResources@Impl@SpriteBatch@DirectX@@@std@@PEAUID3D11DeviceContext@@@Z 0000000140023bb0 f i DirectXTK:SpriteBatch.obj
 0001:00022e50       ?Draw@Impl@SpriteBatch@DirectX@@QEAQXPEAUID3D11ShaderResourceView@@T__m128@@PEBUtagRECT@@11H@Z 0000000140023e50 f   DirectXTK:SpriteBatch.obj
 0001:00023100       ?Draw@SpriteBatch@DirectX@@QEAQXPEAUID3D11ShaderResourceView@@AEBUtagRECT@@T__m128@@@Z 0000000140024100 f   DirectXTK:SpriteBatch.obj
 0001:00023140       ?Draw@SpriteBatch@DirectX@@QEAQXPEAUID3D11ShaderResourceView@@T__m128@@PEBUtagRECT@@1M11W4SpriteEffects@2@M@Z 0000000140024140 f   DirectXTK:SpriteBatch.obj
 0001:00023190       ?End@SpriteBatch@DirectX@@QEAAXXZ 0000000140024190 f   DirectXTK:SpriteBatch.obj
 0001:00023250       ?FlushBatch@Impl@SpriteBatch@DirectX@@AEAAXXZ 0000000140024250 f   DirectXTK:SpriteBatch.obj
 0001:000233f0       ?GetViewportTransform@Impl@SpriteBatch@DirectX@@AEAA?AUXMMATRIX@3@PEAUID3D11DeviceContext@@W4DXGI_MODE_ROTATION@@@Z 00000001400243f0 f   DirectXTK:SpriteBatch.obj
 0001:000235a0       ?PrepareForRendering@Impl@SpriteBatch@DirectX@@AEAAXXZ 00000001400245a0 f   DirectXTK:SpriteBatch.obj
 0001:00023900       ?RenderBatch@Impl@SpriteBatch@DirectX@@AEAAXPEAUID3D11ShaderResourceView@@PEBQEBUSpriteInfo@123@_K@Z 0000000140024900 f   DirectXTK:SpriteBatch.obj
 0001:00023bb0       ?RenderSprite@Impl@SpriteBatch@DirectX@@CQXPEBUSpriteInfo@123@PEAUVertexPositionColorTexture@3@T__m128@@2@Z 0000000140024bb0 f   DirectXTK:SpriteBatch.obj
 0001:00023e60       ?_Buyheadnode@?$_Tree_comp_alloc@V?$_Tmap_traits@PEAUID3D11Device@@V?$weak_ptr@UDeviceResources@Impl@SpriteBatch@DirectX@@@std@@U?$less@PEAUID3D11Device@@@3@V?$allocator@U?$pair@QEAUID3D11Device@@V?$weak_ptr@UDeviceResources@Impl@SpriteBatch@DirectX@@@std@@@std@@@3@$0A@@std@@@std@@QEAAPEAU?$_Tree_node@U?$pair@QEAUID3D11Device@@V?$weak_ptr@UDeviceResources@Impl@SpriteBatch@DirectX@@@std@@@std@@PEAX@2@XZ 0000000140024e60 f i DirectXTK:SpriteBatch.obj
[...]
 0004:000018d8       $pdata$?catch$0@?0???$_Insert_nohint@AEAU?$pair@$$CBV?$basic_string@DU?$char_traits@D@std@@V?$allocator@D@2@@std@@PEAVUIElement@@@std@@PEAU?$_Tree_node@U?$pair@$$CBV?$basic_string@DU?$char_traits@D@std@@V?$allocator@D@2@@std@@PEAVUIElement@@@std@@PEAX@2@@?$_Tree@V?$_Tmap_traits@V?$basic_string@DU?$char_traits@D@std@@V?$allocator@D@2@@std@@PEAVUIElement@@U?$less@V?$basic_string@DU?$char_traits@D@std@@V?$allocator@D@2@@std@@@2@V?$allocator@U?$pair@$$CBV?$basic_string@DU?$char_traits@D@std@@V?$allocator@D@2@@std@@PEAVUIElement@@@std@@@2@$0A@@std@@@std@@IEAA?AU?$pair@V?$_Tree_iterator@V?$_Tree_val@U?$_Tree_simple_types@U?$pair@$$CBV?$basic_string@DU?$char_traits@D@std@@V?$allocator@D@2@@std@@PEAVUIElement@@@std@@@std@@@std@@@std@@_N@1@_NAEAU?$pair@$$CBV?$basic_string@DU?$char_traits@D@std@@V?$allocator@D@2@@std@@PEAVUIElement@@@1@PEAU?$_Tree_node@U?$pair@$$CBV?$basic_string@DU?$char_traits@D@std@@V?$allocator@D@2@@std@@PEAVUIElement@@@std@@PEAX@1@@Z@4HA 000000014003d8d8     Shop.obj
 0004:000018d8       $pdata$?catch$0@?0???$_Insert_nohint@AEAU?$pair@$$CBV?$basic_string@DU?$char_traits@D@std@@V?$allocator@D@2@@std@@PEAUItem@Shop@@@std@@PEAU?$_Tree_node@U?$pair@$$CBV?$basic_string@DU?$char_traits@D@std@@V?$allocator@D@2@@std@@PEAUItem@Shop@@@std@@PEAX@2@@?$_Tree@V?$_Tmap_traits@V?$basic_string@DU?$char_traits@D@std@@V?$allocator@D@2@@std@@PEAUItem@Shop@@U?$less@V?$basic_string@DU?$char_traits@D@std@@V?$allocator@D@2@@std@@@2@V?$allocator@U?$pair@$$CBV?$basic_string@DU?$char_traits@D@std@@V?$allocator@D@2@@std@@PEAUItem@Shop@@@std@@@2@$0A@@std@@@std@@IEAA?AU?$pair@V?$_Tree_iterator@V?$_Tree_val@U?$_Tree_simple_types@U?$pair@$$CBV?$basic_string@DU?$char_traits@D@std@@V?$allocator@D@2@@std@@PEAUItem@Shop@@@std@@@std@@@std@@@std@@_N@1@_NAEAU?$pair@$$CBV?$basic_string@DU?$char_traits@D@std@@V?$allocator@D@2@@std@@PEAUItem@Shop@@@1@PEAU?$_Tree_node@U?$pair@$$CBV?$basic_string@DU?$char_traits@D@std@@V?$allocator@D@2@@std@@PEAUItem@Shop@@@std@@PEAX@1@@Z@4HA 000000014003d8d8     Shop.obj
 0004:000018e4       $pdata$?dtor$0@?0???0?$basic_ofstream@DU?$char_traits@D@std@@@std@@QEAA@XZ@4HA 000000014003d8e4     SkyboxShader.obj
 0004:000018f0       $pdata$?catch$4@?0???$?6U?$char_traits@D@std@@@std@@YAAEAV?$basic_ostream@DU?$char_traits@D@std@@@0@AEAV10@D@Z@4HA 000000014003d8f0     SkyboxShader.obj
 0004:000018fc       $pdata$?dtor$0@?0??CreateText@UIManager@@QEAAPEAVUIElement@@UtagRECT@@_N1Ufloat2@@HPEBD@Z@4HA 000000014003d8fc     UIManager.obj
 0004:00001908       $pdata$?dtor$1@?0??CreateText@UIManager@@QEAAPEAVUIElement@@UtagRECT@@_N1Ufloat2@@HV?$basic_string@DU?$char_traits@D@std@@V?$allocator@D@2@@std@@@Z@4HA 000000014003d908     UIManager.obj
 0004:00001914       $pdata$?dtor$0@?0??CreateImage@UIManager@@QEAAPEAVUIElement@@UtagRECT@@_N1Ufloat2@@PEBDPEAUID3D11Device@@@Z@4HA 000000014003d914     UIManager.obj
 0004:00001920       $pdata$?dtor$0@?0??CreateButton@UIManager@@QEAAPEAVUIElement@@UtagRECT@@_N1Ufloat2@@PEAUID3D11Device@@HPEBD@Z@4HA 000000014003d920     UIManager.obj
 0004:0000192c       $pdata$?dtor$2@?0??CreateButton@UIManager@@QEAAPEAVUIElement@@UtagRECT@@_N1Ufloat2@@PEAUID3D11Device@@HPEBD@Z@4HA 000000014003d92c     UIManager.obj
 0004:00001938       $pdata$?catch$1@?0???$_Buynode@AEAU?$pair@PEAUID3D11Device@@V?$shared_ptr@UWrappedData@?$SharedResourcePool@PEAUID3D11Device@@VImpl@CommonStates@DirectX@@$$V@DirectX@@@std@@@std@@@?$_Tree_comp_alloc@V?$_Tmap_traits@PEAUID3D11Device@@V?$weak_ptr@VImpl@CommonStates@DirectX@@@std@@U?$less@PEAUID3D11Device@@@3@V?$allocator@U?$pair@QEAUID3D11Device@@V?$weak_ptr@VImpl@CommonStates@DirectX@@@std@@@std@@@3@$0A@@std@@@std@@QEAAPEAU?$_Tree_node@U?$pair@QEAUID3D11Device@@V?$weak_ptr@VImpl@CommonStates@DirectX@@@std@@@std@@PEAX@1@AEAU?$pair@PEAUID3D11Device@@V?$shared_ptr@UWrappedData@?$SharedResourcePool@PEAUID3D11Device@@VImpl@CommonStates@DirectX@@$$V@DirectX@@@std@@@1@@Z@4HA 000000014003d938     DirectXTK:CommonStates.obj
 0004:00001938       $pdata$?catch$1@?0???$_Buynode@AEAU?$pair@PEAUID3D11DeviceContext@@V?$shared_ptr@UWrappedData@?$SharedResourcePool@PEAUID3D11DeviceContext@@UContextResources@Impl@SpriteBatch@DirectX@@$$V@DirectX@@@std@@@std@@@?$_Tree_comp_alloc@V?$_Tmap_traits@PEAUID3D11DeviceContext@@V?$weak_ptr@UContextResources@Impl@SpriteBatch@DirectX@@@std@@U?$less@PEAUID3D11DeviceContext@@@3@V?$allocator@U?$pair@QEAUID3D11DeviceContext@@V?$weak_ptr@UContextResources@Impl@SpriteBatch@DirectX@@@std@@@std@@@3@$0A@@std@@@std@@QEAAPEAU?$_Tree_node@U?$pair@QEAUID3D11DeviceContext@@V?$weak_ptr@UContextResources@Impl@SpriteBatch@DirectX@@@std@@@std@@PEAX@1@AEAU?$pair@PEAUID3D11DeviceContext@@V?$shared_ptr@UWrappedData@?$SharedResourcePool@PEAUID3D11DeviceContext@@UContextResources@Impl@SpriteBatch@DirectX@@$$V@DirectX@@@std@@@1@@Z@4HA 000000014003d938     DirectXTK:SpriteBatch.obj
 0004:00001938       $pdata$?catch$1@?0???$_Buynode@AEAU?$pair@PEAUID3D11Device@@V?$shared_ptr@UWrappedData@?$SharedResourcePool@PEAUID3D11Device@@UDeviceResources@Impl@SpriteBatch@DirectX@@$$V@DirectX@@@std@@@std@@@?$_Tree_comp_alloc@V?$_Tmap_traits@PEAUID3D11Device@@V?$weak_ptr@UDeviceResources@Impl@SpriteBatch@DirectX@@@std@@U?$less@PEAUID3D11Device@@@3@V?$allocator@U?$pair@QEAUID3D11Device@@V?$weak_ptr@UDeviceResources@Impl@SpriteBatch@DirectX@@@std@@@std@@@3@$0A@@std@@@std@@QEAAPEAU?$_Tree_node@U?$pair@QEAUID3D11Device@@V?$weak_ptr@UDeviceResources@Impl@SpriteBatch@DirectX@@@std@@@std@@PEAX@1@AEAU?$pair@PEAUID3D11Device@@V?$shared_ptr@UWrappedData@?$SharedResourcePool@PEAUID3D11Device@@UDeviceResources@Impl@SpriteBatch@DirectX@@$$V@DirectX@@@std@@@1@@Z@4HA 000000014003d938     DirectXTK:SpriteBatch.obj
 0004:00001944       $pdata$?catch$6@?0???$_Emplace_reallocate@AEAPEAUID3D11ShaderResourceView@@@?$vector@V?$ComPtr@UID3D11ShaderResourceView@@@WRL@Microsoft@@V?$allocator@V?$ComPtr@UID3D11ShaderResourceView@@@WRL@Microsoft@@@std@@@std@@QEAAPEAV?$ComPtr@UID3D11ShaderResourceView@@@WRL@Microsoft@@QEAV234@AEAPEAUID3D11ShaderResourceView@@@Z@4HA 000000014003d944     DirectXTK:SpriteBatch.obj
 0004:00001950       $pdata$?catch$0@?0???$_Emplace_reallocate@F@?$vector@FV?$allocator@F@std@@@std@@QEAAPEAFQEAF$$QEAF@Z@4HA 000000014003d950     DirectXTK:SpriteBatch.obj
 0004:00001950       $pdata$?catch$0@?0???$_Emplace_reallocate@AEBF@?$vector@FV?$allocator@F@std@@@std@@QEAAPEAFQEAFAEBF@Z@4HA 000000014003d950     DirectXTK:SpriteBatch.obj
 0004:0000195c       $pdata$?catch$1@?0???$_Insert_nohint@AEAU?$pair@QEAUID3D11Device@@V?$weak_ptr@VImpl@CommonStates@DirectX@@@std@@@std@@PEAU?$_Tree_node@U?$pair@QEAUID3D11Device@@V?$weak_ptr@VImpl@CommonStates@DirectX@@@std@@@std@@PEAX@2@@?$_Tree@V?$_Tmap_traits@PEAUID3D11Device@@V?$weak_ptr@VImpl@CommonStates@DirectX@@@std@@U?$less@PEAUID3D11Device@@@3@V?$allocator@U?$pair@QEAUID3D11Device@@V?$weak_ptr@VImpl@CommonStates@DirectX@@@std@@@std@@@3@$0A@@std@@@std@@IEAA?AU?$pair@V?$_Tree_iterator@V?$_Tree_val@U?$_Tree_simple_types@U?$pair@QEAUID3D11Device@@V?$weak_ptr@VImpl@CommonStates@DirectX@@@std@@@std@@@std@@@std@@@std@@_N@1@_NAEAU?$pair@QEAUID3D11Device@@V?$weak_ptr@VImpl@CommonStates@DirectX@@@std@@@1@PEAU?$_Tree_node@U?$pair@QEAUID3D11Device@@V?$weak_ptr@VImpl@CommonStates@DirectX@@@std@@@std@@PEAX@1@@Z@4HA 000000014003d95c     DirectXTK:CommonStates.obj
 0004:0000195c       $pdata$?catch$1@?0???$_Insert_nohint@AEAU?$pair@QEAUID3D11DeviceContext@@V?$weak_ptr@UContextResources@Impl@SpriteBatch@DirectX@@@std@@@std@@PEAU?$_Tree_node@U?$pair@QEAUID3D11DeviceContext@@V?$weak_ptr@UContextResources@Impl@SpriteBatch@DirectX@@@std@@@std@@PEAX@2@@?$_Tree@V?$_Tmap_traits@PEAUID3D11DeviceContext@@V?$weak_ptr@UContextResources@Impl@SpriteBatch@DirectX@@@std@@U?$less@PEAUID3D11DeviceContext@@@3@V?$allocator@U?$pair@QEAUID3D11DeviceContext@@V?$weak_ptr@UContextResources@Impl@SpriteBatch@DirectX@@@std@@@std@@@3@$0A@@std@@@std@@IEAA?AU?$pair@V?$_Tree_iterator@V?$_Tree_val@U?$_Tree_simple_types@U?$pair@QEAUID3D11DeviceContext@@V?$weak_ptr@UContextResources@Impl@SpriteBatch@DirectX@@@std@@@std@@@std@@@std@@@std@@_N@1@_NAEAU?$pair@QEAUID3D11DeviceContext@@V?$weak_ptr@UContextResources@Impl@SpriteBatch@DirectX@@@std@@@1@PEAU?$_Tree_node@U?$pair@QEAUID3D11DeviceContext@@V?$weak_ptr@UContextResources@Impl@SpriteBatch@DirectX@@@std@@@std@@PEAX@1@@Z@4HA 000000014003d95c     DirectXTK:SpriteBatch.obj
 0004:0000195c       $pdata$?catch$1@?0???$_Insert_nohint@AEAU?$pair@QEAUID3D11Device@@V?$weak_ptr@UDeviceResources@Impl@SpriteBatch@DirectX@@@std@@@std@@PEAU?$_Tree_node@U?$pair@QEAUID3D11Device@@V?$weak_ptr@UDeviceResources@Impl@SpriteBatch@DirectX@@@std@@@std@@PEAX@2@@?$_Tree@V?$_Tmap_traits@PEAUID3D11Device@@V?$weak_ptr@UDeviceResources@Impl@SpriteBatch@DirectX@@@std@@U?$less@PEAUID3D11Device@@@3@V?$allocator@U?$pair@QEAUID3D11Device@@V?$weak_ptr@UDeviceResources@Impl@SpriteBatch@DirectX@@@std@@@std@@@3@$0A@@std@@@std@@IEAA?AU?$pair@V?$_Tree_iterator@V?$_Tree_val@U?$_Tree_simple_types@U?$pair@QEAUID3D11Device@@V?$weak_ptr@UDeviceResources@Impl@SpriteBatch@DirectX@@@std@@@std@@@std@@@std@@@std@@_N@1@_NAEAU?$pair@QEAUID3D11Device@@V?$weak_ptr@UDeviceResources@Impl@SpriteBatch@DirectX@@@std@@@1@PEAU?$_Tree_node@U?$pair@QEAUID3D11Device@@V?$weak_ptr@UDeviceResources@Impl@SpriteBatch@DirectX@@@std@@@std@@PEAX@1@@Z@4HA 000000014003d95c     DirectXTK:SpriteBatch.obj
 0004:00001968       $pdata$?catch$0@?0???$_Resize@V<lambda_e8c6c8b564571a11716b943a92ab7d7d>@@@?$vector@PEBUSpriteInfo@Impl@SpriteBatch@DirectX@@V?$allocator@PEBUSpriteInfo@Impl@SpriteBatch@DirectX@@@std@@@std@@AEAAX_KV<lambda_e8c6c8b564571a11716b943a92ab7d7d>@@@Z@4HA 000000014003d968     DirectXTK:SpriteBatch.obj
 0004:00001974       $pdata$?dtor$14@?0???$make_unique@VImpl@SpriteBatch@DirectX@@AEAPEAUID3D11DeviceContext@@$0A@@std@@YA?AV?$unique_ptr@VImpl@SpriteBatch@DirectX@@U?$default_delete@VImpl@SpriteBatch@DirectX@@@std@@@0@AEAPEAUID3D11DeviceContext@@@Z@4HA 000000014003d974     DirectXTK:SpriteBatch.obj
 0004:00001980       $pdata$?dtor$4@?0???0ContextResources@Impl@SpriteBatch@DirectX@@QEAA@PEAUID3D11DeviceContext@@@Z@4HA 000000014003d980     DirectXTK:SpriteBatch.obj
 0004:0000198c       $pdata$?dtor$7@?0???0ContextResources@Impl@SpriteBatch@DirectX@@QEAA@PEAUID3D11DeviceContext@@@Z@4HA 000000014003d98c     DirectXTK:SpriteBatch.obj
 0004:00001998       $pdata$?dtor$1@?0???__E?contextResourcesPool@Impl@SpriteBatch@DirectX@@0V?$SharedResourcePool@PEAUID3D11DeviceContext@@UContextResources@Impl@SpriteBatch@DirectX@@$$V@3@A@@YAXXZ@4HA 000000014003d998     DirectXTK:SpriteBatch.obj
 0004:00001998       $pdata$?dtor$1@?0???__E?deviceResourcesPool@Impl@SpriteBatch@DirectX@@0V?$SharedResourcePool@PEAUID3D11Device@@UDeviceResources@Impl@SpriteBatch@DirectX@@$$V@3@A@@YAXXZ@4HA 000000014003d998     DirectXTK:SpriteBatch.obj
 0004:00001998       $pdata$?dtor$1@?0???__E?instancePool@Impl@CommonStates@DirectX@@2V?$SharedResourcePool@PEAUID3D11Device@@VImpl@CommonStates@DirectX@@$$V@3@A@@YAXXZ@4HA 000000014003d998     DirectXTK:CommonStates.obj
 0004:000019a4       $pdata$?dtor$0@?0??CreateIndexValues@DeviceResources@Impl@SpriteBatch@DirectX@@CA?AV?$vector@FV?$allocator@F@std@@@std@@XZ@4HA 000000014003d9a4     DirectXTK:SpriteBatch.obj
 0004:000019b0       $pdata$?dtor$7@?0??DemandCreate@?$SharedResourcePool@PEAUID3D11Device@@UDeviceResources@Impl@SpriteBatch@DirectX@@$$V@DirectX@@QEAA?AV?$shared_ptr@UDeviceResources@Impl@SpriteBatch@DirectX@@@std@@PEAUID3D11Device@@@Z@4HA 000000014003d9b0     DirectXTK:SpriteBatch.obj
 0004:000019bc       $pdata$?dtor$7@?0??DemandCreate@?$SharedResourcePool@PEAUID3D11DeviceContext@@UContextResources@Impl@SpriteBatch@DirectX@@$$V@DirectX@@QEAA?AV?$shared_ptr@UContextResources@Impl@SpriteBatch@DirectX@@@std@@PEAUID3D11DeviceContext@@@Z@4HA 000000014003d9bc     DirectXTK:SpriteBatch.obj
 0004:000019c8       $pdata$?catch$0@?0??_Buyheadnode@?$_Tree_comp_alloc@V?$_Tmap_traits@PEAUID3D11Device@@V?$weak_ptr@VImpl@CommonStates@DirectX@@@std@@U?$less@PEAUID3D11Device@@@3@V?$allocator@U?$pair@QEAUID3D11Device@@V?$weak_ptr@VImpl@CommonStates@DirectX@@@std@@@std@@@3@$0A@@std@@@std@@QEAAPEAU?$_Tree_node@U?$pair@QEAUID3D11Device@@V?$weak_ptr@VImpl@CommonStates@DirectX@@@std@@@std@@PEAX@2@XZ@4HA 000000014003d9c8     DirectXTK:CommonStates.obj
 0004:000019c8       $pdata$?catch$0@?0??_Buyheadnode@?$_Tree_comp_alloc@V?$_Tmap_traits@PEAUID3D11Device@@V?$weak_ptr@UDeviceResources@Impl@SpriteBatch@DirectX@@@std@@U?$less@PEAUID3D11Device@@@3@V?$allocator@U?$pair@QEAUID3D11Device@@V?$weak_ptr@UDeviceResources@Impl@SpriteBatch@DirectX@@@std@@@std@@@3@$0A@@std@@@std@@QEAAPEAU?$_Tree_node@U?$pair@QEAUID3D11Device@@V?$weak_ptr@UDeviceResources@Impl@SpriteBatch@DirectX@@@std@@@std@@PEAX@2@XZ@4HA 000000014003d9c8     DirectXTK:SpriteBatch.obj
 0004:000019c8       $pdata$?catch$0@?0??_Buyheadnode@?$_Tree_comp_alloc@V?$_Tmap_traits@PEAUID3D11DeviceContext@@V?$weak_ptr@UContextResources@Impl@SpriteBatch@DirectX@@@std@@U?$less@PEAUID3D11DeviceContext@@@3@V?$allocator@U?$pair@QEAUID3D11DeviceContext@@V?$weak_ptr@UContextResources@Impl@SpriteBatch@DirectX@@@std@@@std@@@3@$0A@@std@@@std@@QEAAPEAU?$_Tree_node@U?$pair@QEAUID3D11DeviceContext@@V?$weak_ptr@UContextResources@Impl@SpriteBatch@DirectX@@@std@@@std@@PEAX@2@XZ@4HA 000000014003d9c8     DirectXTK:SpriteBatch.obj
 0004:000019d4       $pdata$?catch$0@?0??_Buynode0@?$_Tree_comp_alloc@V?$_Tmap_traits@PEAUID3D11DeviceContext@@V?$weak_ptr@UContextResources@Impl@SpriteBatch@DirectX@@@std@@U?$less@PEAUID3D11DeviceContext@@@3@V?$allocator@U?$pair@QEAUID3D11DeviceContext@@V?$weak_ptr@UContextResources@Impl@SpriteBatch@DirectX@@@std@@@std@@@3@$0A@@std@@@std@@QEAAPEAU?$_Tree_node@U?$pair@QEAUID3D11DeviceContext@@V?$weak_ptr@UContextResources@Impl@SpriteBatch@DirectX@@@std@@@std@@PEAX@2@XZ@4HA 000000014003d9d4     DirectXTK:SpriteBatch.obj
 0004:000019d4       $pdata$?catch$0@?0??_Buynode0@?$_Tree_comp_alloc@V?$_Tmap_traits@PEAUID3D11Device@@V?$weak_ptr@VImpl@CommonStates@DirectX@@@std@@U?$less@PEAUID3D11Device@@@3@V?$allocator@U?$pair@QEAUID3D11Device@@V?$weak_ptr@VImpl@CommonStates@DirectX@@@std@@@std@@@3@$0A@@std@@@std@@QEAAPEAU?$_Tree_node@U?$pair@QEAUID3D11Device@@V?$weak_ptr@VImpl@CommonStates@DirectX@@@std@@@std@@PEAX@2@XZ@4HA 000000014003d9d4     DirectXTK:CommonStates.obj
 0004:000019d4       $pdata$?catch$0@?0??_Buynode0@?$_Tree_comp_alloc@V?$_Tmap_traits@PEAUID3D11Device@@V?$weak_ptr@UDeviceResources@Impl@SpriteBatch@DirectX@@@std@@U?$less@PEAUID3D11Device@@@3@V?$allocator@U?$pair@QEAUID3D11Device@@V?$weak_ptr@UDeviceResources@Impl@SpriteBatch@DirectX@@@std@@@std@@@3@$0A@@std@@@std@@QEAAPEAU?$_Tree_node@U?$pair@QEAUID3D11Device@@V?$weak_ptr@UDeviceResources@Impl@SpriteBatch@DirectX@@@std@@@std@@PEAX@2@XZ@4HA 000000014003d9d4     DirectXTK:SpriteBatch.obj
 0004:000019e0       $pdata$?catch$0@?0??_Reallocate_exactly@?$vector@FV?$allocator@F@std@@@std@@AEAAX_K@Z@4HA 000000014003d9e0     DirectXTK:SpriteBatch.obj
 0004:000019ec       $pdata$?dtor$3@?0???0SpriteFont@DirectX@@QEAA@PEAUID3D11Device@@PEB_W_N@Z@4HA 000000014003d9ec     DirectXTK:SpriteFont.obj
 0004:000019f8       $pdata$?filt$0@?0??__scrt_common_main_seh@@YAHXZ@4HA 000000014003d9f8     MSVCRT:exe_winmain.obj
 0004:00001a04       $pdata$__scrt_is_nonwritable_in_current_image$filt$0 000000014003da04     MSVCRT:utility.obj
 0004:00001a10       $pdata$?catch$0@?0???2@YAPEAX_KAEBUnothrow_t@std@@@Z@4HA 000000014003da10     MSVCRT:new_scalar_nothrow.obj
 0004:00001a1c       $pdata$??__F?contextResourcesPool@Impl@SpriteBatch@DirectX@@0V?$SharedResourcePool@PEAUID3D11DeviceContext@@UContextResources@Impl@SpriteBatch@DirectX@@$$V@3@A@@YAXXZ 000000014003da1c     DirectXTK:SpriteBatch.obj
 0004:00001a28       $pdata$0$??__F?contextResourcesPool@Impl@SpriteBatch@DirectX@@0V?$SharedResourcePool@PEAUID3D11DeviceContext@@UContextResources@Impl@SpriteBatch@DirectX@@$$V@3@A@@YAXXZ 000000014003da28     DirectXTK:SpriteBatch.obj
 0004:00001a34       $pdata$1$??__F?contextResourcesPool@Impl@SpriteBatch@DirectX@@0V?$SharedResourcePool@PEAUID3D11DeviceContext@@UContextResources@Impl@SpriteBatch@DirectX@@$$V@3@A@@YAXXZ 000000014003da34     DirectXTK:SpriteBatch.obj
 0004:00001a40       $pdata$??__F?deviceResourcesPool@Impl@SpriteBatch@DirectX@@0V?$SharedResourcePool@PEAUID3D11Device@@UDeviceResources@Impl@SpriteBatch@DirectX@@$$V@3@A@@YAXXZ 000000014003da40     DirectXTK:SpriteBatch.obj
 0004:00001a4c       $pdata$0$??__F?deviceResourcesPool@Impl@SpriteBatch@DirectX@@0V?$SharedResourcePool@PEAUID3D11Device@@UDeviceResources@Impl@SpriteBatch@DirectX@@$$V@3@A@@YAXXZ 000000014003da4c     DirectXTK:SpriteBatch.obj
 0004:00001a58       $pdata$1$??__F?deviceResourcesPool@Impl@SpriteBatch@DirectX@@0V?$SharedResourcePool@PEAUID3D11Device@@UDeviceResources@Impl@SpriteBatch@DirectX@@$$V@3@A@@YAXXZ 000000014003da58     DirectXTK:SpriteBatch.obj
 0004:00001a64       $pdata$??__F?instancePool@Impl@CommonStates@DirectX@@2V?$SharedResourcePool@PEAUID3D11Device@@VImpl@CommonStates@DirectX@@$$V@3@A@@YAXXZ 000000014003da64     DirectXTK:CommonStates.obj
 0004:00001a70       $pdata$0$??__F?instancePool@Impl@CommonStates@DirectX@@2V?$SharedResourcePool@PEAUID3D11Device@@VImpl@CommonStates@DirectX@@$$V@3@A@@YAXXZ 000000014003da70     DirectXTK:CommonStates.obj
 0004:00001a7c       $pdata$1$??__F?instancePool@Impl@CommonStates@DirectX@@2V?$SharedResourcePool@PEAUID3D11Device@@VImpl@CommonStates@DirectX@@$$V@3@A@@YAXXZ 000000014003da7c     DirectXTK:CommonStates.obj
 0005:00000570       $R000000                   000000014003e570     RobotAnnihilation.res
 0005:000016d0       $R001160                   000000014003f6d0     RobotAnnihilation.res
 0005:00002578       $R002008                   0000000140040578     RobotAnnihilation.res
 0005:00002e20       $R0028B0                   0000000140040e20     RobotAnnihilation.res
 0005:00003388       $R002E18                   0000000140041388     RobotAnnihilation.res
 0005:00003c98       $R003728                   0000000140041c98     RobotAnnihilation.res
 0005:00007ec0       $R007950                   0000000140045ec0     RobotAnnihilation.res
 0005:0000a468       $R009EF8                   0000000140048468     RobotAnnihilation.res
 0005:0000b510       $R00AFA0                   0000000140049510     RobotAnnihilation.res
 0005:0000b978       $R00B408                   0000000140049978     RobotAnnihilation.res
 0005:0000ba00       $R00B490                   0000000140049a00     RobotAnnihilation.res
 0005:0000cb60       $R00C5F0                   000000014004ab60     RobotAnnihilation.res
 0005:0000da08       $R00D498                   000000014004ba08     RobotAnnihilation.res
 0005:0000e2b0       $R00DD40                   000000014004c2b0     RobotAnnihilation.res
 0005:0000e818       $R00E2A8                   000000014004c818     RobotAnnihilation.res
 0005:0000f128       $R00EBB8                   000000014004d128     RobotAnnihilation.res
 0005:00013350       $R012DE0                   0000000140051350     RobotAnnihilation.res
 0005:000158f8       $R015388                   00000001400538f8     RobotAnnihilation.res
 0005:000169a0       $R016430                   00000001400549a0     RobotAnnihilation.res
 0005:00016e08       $R016898                   0000000140054e08     RobotAnnihilation.res
 0005:00016e90       $R016920                   0000000140054e90     RobotAnnihilation.res
 0005:00016ee0       $R016970                   0000000140054ee0     RobotAnnihilation.res
 0005:00016ef0       $R016980                   0000000140054ef0     RobotAnnihilation.res
 0005:00017048       $R016AD8                   0000000140055048     RobotAnnihilation.res
 0005:000170b0       $R016B40                   00000001400550b0     RobotAnnihilation.res

 Exports

  ordinal    name

